###############################################################################
#
# IAR ELF Linker V9.40.1.364/W64 for ARM                  16/Apr/2026  02:07:32
# Copyright 2007-2023 IAR Systems AB.
#
#    Output file  =
#        G:\SmartCar\Project\CYT2BL3_Brushless_Driver_Project-master\CYT2BL3_Brushless_Driver_Project-master\Seekfree_CYT2BL3_Double_Foc_Project\project\iar\Debug_m4\Exe\cyt2bl3.out
#    Map file     =
#        G:\SmartCar\Project\CYT2BL3_Brushless_Driver_Project-master\CYT2BL3_Brushless_Driver_Project-master\Seekfree_CYT2BL3_Double_Foc_Project\project\iar\Debug_m4\List\cyt2bl3.map
#    Command line =
#        -f
#        G:\SmartCar\Project\CYT2BL3_Brushless_Driver_Project-master\CYT2BL3_Brushless_Driver_Project-master\Seekfree_CYT2BL3_Double_Foc_Project\project\iar\Debug_m4\Exe\cyt2bl3.out.rsp
#        (G:\SmartCar\Project\CYT2BL3_Brushless_Driver_Project-master\CYT2BL3_Brushless_Driver_Project-master\Seekfree_CYT2BL3_Double_Foc_Project\project\iar\Debug_m4\Obj\user_8514941877209965082.dir\cm4_isr.o
#        G:\SmartCar\Project\CYT2BL3_Brushless_Driver_Project-master\CYT2BL3_Brushless_Driver_Project-master\Seekfree_CYT2BL3_Double_Foc_Project\project\iar\Debug_m4\Obj\adc_11722776235721520015.dir\cy_adc.o
#        G:\SmartCar\Project\CYT2BL3_Brushless_Driver_Project-master\CYT2BL3_Brushless_Driver_Project-master\Seekfree_CYT2BL3_Double_Foc_Project\project\iar\Debug_m4\Obj\button_4990804375159372270.dir\cy_button.o
#        G:\SmartCar\Project\CYT2BL3_Brushless_Driver_Project-master\CYT2BL3_Brushless_Driver_Project-master\Seekfree_CYT2BL3_Double_Foc_Project\project\iar\Debug_m4\Obj\canfd_1800690984773873875.dir\cy_canfd.o
#        G:\SmartCar\Project\CYT2BL3_Brushless_Driver_Project-master\CYT2BL3_Brushless_Driver_Project-master\Seekfree_CYT2BL3_Double_Foc_Project\project\iar\Debug_m4\Obj\cpu_15938736945165268644.dir\cy_cpu.o
#        G:\SmartCar\Project\CYT2BL3_Brushless_Driver_Project-master\CYT2BL3_Brushless_Driver_Project-master\Seekfree_CYT2BL3_Double_Foc_Project\project\iar\Debug_m4\Obj\crypto_1190170608956581615.dir\cy_crypto_config.o
#        G:\SmartCar\Project\CYT2BL3_Brushless_Driver_Project-master\CYT2BL3_Brushless_Driver_Project-master\Seekfree_CYT2BL3_Double_Foc_Project\project\iar\Debug_m4\Obj\evtgen_3404189088603873129.dir\cy_evtgen.o
#        G:\SmartCar\Project\CYT2BL3_Brushless_Driver_Project-master\CYT2BL3_Brushless_Driver_Project-master\Seekfree_CYT2BL3_Double_Foc_Project\project\iar\Debug_m4\Obj\flash_8529866181315662935.dir\cy_flash.o
#        G:\SmartCar\Project\CYT2BL3_Brushless_Driver_Project-master\CYT2BL3_Brushless_Driver_Project-master\Seekfree_CYT2BL3_Double_Foc_Project\project\iar\Debug_m4\Obj\gpio_3999404635324069351.dir\cy_gpio.o
#        G:\SmartCar\Project\CYT2BL3_Brushless_Driver_Project-master\CYT2BL3_Brushless_Driver_Project-master\Seekfree_CYT2BL3_Double_Foc_Project\project\iar\Debug_m4\Obj\rev_b_6162237342861132223.dir\cy_interrupt_map.o
#        G:\SmartCar\Project\CYT2BL3_Brushless_Driver_Project-master\CYT2BL3_Brushless_Driver_Project-master\Seekfree_CYT2BL3_Double_Foc_Project\project\iar\Debug_m4\Obj\ipc_10145506163450686023.dir\cy_ipc_drv.o
#        G:\SmartCar\Project\CYT2BL3_Brushless_Driver_Project-master\CYT2BL3_Brushless_Driver_Project-master\Seekfree_CYT2BL3_Double_Foc_Project\project\iar\Debug_m4\Obj\ipc_10145506163450686023.dir\cy_ipc_pipe.o
#        G:\SmartCar\Project\CYT2BL3_Brushless_Driver_Project-master\CYT2BL3_Brushless_Driver_Project-master\Seekfree_CYT2BL3_Double_Foc_Project\project\iar\Debug_m4\Obj\ipc_10145506163450686023.dir\cy_ipc_sema.o
#        G:\SmartCar\Project\CYT2BL3_Brushless_Driver_Project-master\CYT2BL3_Brushless_Driver_Project-master\Seekfree_CYT2BL3_Double_Foc_Project\project\iar\Debug_m4\Obj\lin_18429031207028094880.dir\cy_lin.o
#        G:\SmartCar\Project\CYT2BL3_Brushless_Driver_Project-master\CYT2BL3_Brushless_Driver_Project-master\Seekfree_CYT2BL3_Double_Foc_Project\project\iar\Debug_m4\Obj\lvd_6353935867039560245.dir\cy_lvd.o
#        G:\SmartCar\Project\CYT2BL3_Brushless_Driver_Project-master\CYT2BL3_Brushless_Driver_Project-master\Seekfree_CYT2BL3_Double_Foc_Project\project\iar\Debug_m4\Obj\mcwdt_4052485907822033969.dir\cy_mcwdt.o
#        G:\SmartCar\Project\CYT2BL3_Brushless_Driver_Project-master\CYT2BL3_Brushless_Driver_Project-master\Seekfree_CYT2BL3_Double_Foc_Project\project\iar\Debug_m4\Obj\dma_12106025507578611576.dir\cy_mdma.o
#        G:\SmartCar\Project\CYT2BL3_Brushless_Driver_Project-master\CYT2BL3_Brushless_Driver_Project-master\Seekfree_CYT2BL3_Double_Foc_Project\project\iar\Debug_m4\Obj\mpu_5663187252346826382.dir\cy_mpu.o
#        G:\SmartCar\Project\CYT2BL3_Brushless_Driver_Project-master\CYT2BL3_Brushless_Driver_Project-master\Seekfree_CYT2BL3_Double_Foc_Project\project\iar\Debug_m4\Obj\flash_864493325053435817.dir\cy_mw_flash.o
#        G:\SmartCar\Project\CYT2BL3_Brushless_Driver_Project-master\CYT2BL3_Brushless_Driver_Project-master\Seekfree_CYT2BL3_Double_Foc_Project\project\iar\Debug_m4\Obj\dma_12106025507578611576.dir\cy_pdma.o
#        G:\SmartCar\Project\CYT2BL3_Brushless_Driver_Project-master\CYT2BL3_Brushless_Driver_Project-master\Seekfree_CYT2BL3_Double_Foc_Project\project\iar\Debug_m4\Obj\prot_10722960861768657883.dir\cy_prot.o
#        G:\SmartCar\Project\CYT2BL3_Brushless_Driver_Project-master\CYT2BL3_Brushless_Driver_Project-master\Seekfree_CYT2BL3_Double_Foc_Project\project\iar\Debug_m4\Obj\scb_15490842639181808494.dir\cy_scb_common.o
#        G:\SmartCar\Project\CYT2BL3_Brushless_Driver_Project-master\CYT2BL3_Brushless_Driver_Project-master\Seekfree_CYT2BL3_Double_Foc_Project\project\iar\Debug_m4\Obj\scb_15490842639181808494.dir\cy_scb_ezi2c.o
#        G:\SmartCar\Project\CYT2BL3_Brushless_Driver_Project-master\CYT2BL3_Brushless_Driver_Project-master\Seekfree_CYT2BL3_Double_Foc_Project\project\iar\Debug_m4\Obj\scb_15490842639181808494.dir\cy_scb_i2c.o
#        G:\SmartCar\Project\CYT2BL3_Brushless_Driver_Project-master\CYT2BL3_Brushless_Driver_Project-master\Seekfree_CYT2BL3_Double_Foc_Project\project\iar\Debug_m4\Obj\scb_15490842639181808494.dir\cy_scb_spi.o
#        G:\SmartCar\Project\CYT2BL3_Brushless_Driver_Project-master\CYT2BL3_Brushless_Driver_Project-master\Seekfree_CYT2BL3_Double_Foc_Project\project\iar\Debug_m4\Obj\scb_15490842639181808494.dir\cy_scb_uart.o
#        G:\SmartCar\Project\CYT2BL3_Brushless_Driver_Project-master\CYT2BL3_Brushless_Driver_Project-master\Seekfree_CYT2BL3_Double_Foc_Project\project\iar\Debug_m4\Obj\semihosting_143864889731838620.dir\cy_semihosting.o
#        G:\SmartCar\Project\CYT2BL3_Brushless_Driver_Project-master\CYT2BL3_Brushless_Driver_Project-master\Seekfree_CYT2BL3_Double_Foc_Project\project\iar\Debug_m4\Obj\smartio_5451710003740070188.dir\cy_smartio.o
#        G:\SmartCar\Project\CYT2BL3_Brushless_Driver_Project-master\CYT2BL3_Brushless_Driver_Project-master\Seekfree_CYT2BL3_Double_Foc_Project\project\iar\Debug_m4\Obj\smif_427648126384146252.dir\cy_smif.o
#        G:\SmartCar\Project\CYT2BL3_Brushless_Driver_Project-master\CYT2BL3_Brushless_Driver_Project-master\Seekfree_CYT2BL3_Double_Foc_Project\project\iar\Debug_m4\Obj\smif_427648126384146252.dir\cy_smif_memslot.o
#        G:\SmartCar\Project\CYT2BL3_Brushless_Driver_Project-master\CYT2BL3_Brushless_Driver_Project-master\Seekfree_CYT2BL3_Double_Foc_Project\project\iar\Debug_m4\Obj\smif_427648126384146252.dir\cy_smif_ver_specific.o
#        G:\SmartCar\Project\CYT2BL3_Brushless_Driver_Project-master\CYT2BL3_Brushless_Driver_Project-master\Seekfree_CYT2BL3_Double_Foc_Project\project\iar\Debug_m4\Obj\srom_13018798572330080582.dir\cy_srom.o
#        G:\SmartCar\Project\CYT2BL3_Brushless_Driver_Project-master\CYT2BL3_Brushless_Driver_Project-master\Seekfree_CYT2BL3_Double_Foc_Project\project\iar\Debug_m4\Obj\sw_timer_4215635015939382130.dir\cy_sw_tmr.o
#        G:\SmartCar\Project\CYT2BL3_Brushless_Driver_Project-master\CYT2BL3_Brushless_Driver_Project-master\Seekfree_CYT2BL3_Double_Foc_Project\project\iar\Debug_m4\Obj\sysclk_16149231235676103872.dir\cy_sysclk.o
#        G:\SmartCar\Project\CYT2BL3_Brushless_Driver_Project-master\CYT2BL3_Brushless_Driver_Project-master\Seekfree_CYT2BL3_Double_Foc_Project\project\iar\Debug_m4\Obj\sysflt_12293435975120599261.dir\cy_sysflt.o
#        G:\SmartCar\Project\CYT2BL3_Brushless_Driver_Project-master\CYT2BL3_Brushless_Driver_Project-master\Seekfree_CYT2BL3_Double_Foc_Project\project\iar\Debug_m4\Obj\sysint_7435970359207984181.dir\cy_sysint.o
#        G:\SmartCar\Project\CYT2BL3_Brushless_Driver_Project-master\CYT2BL3_Brushless_Driver_Project-master\Seekfree_CYT2BL3_Double_Foc_Project\project\iar\Debug_m4\Obj\syslib_16330585751512546975.dir\cy_syslib.o
#        G:\SmartCar\Project\CYT2BL3_Brushless_Driver_Project-master\CYT2BL3_Brushless_Driver_Project-master\Seekfree_CYT2BL3_Double_Foc_Project\project\iar\Debug_m4\Obj\syslib_16330585751512546975.dir\cy_syslib_iar.o
#        G:\SmartCar\Project\CYT2BL3_Brushless_Driver_Project-master\CYT2BL3_Brushless_Driver_Project-master\Seekfree_CYT2BL3_Double_Foc_Project\project\iar\Debug_m4\Obj\syspm_10887939769544754770.dir\cy_syspm.o
#        G:\SmartCar\Project\CYT2BL3_Brushless_Driver_Project-master\CYT2BL3_Brushless_Driver_Project-master\Seekfree_CYT2BL3_Double_Foc_Project\project\iar\Debug_m4\Obj\sysreset_14586141425677365288.dir\cy_sysreset.o
#        G:\SmartCar\Project\CYT2BL3_Brushless_Driver_Project-master\CYT2BL3_Brushless_Driver_Project-master\Seekfree_CYT2BL3_Double_Foc_Project\project\iar\Debug_m4\Obj\sysrtc_10747768817563771611.dir\cy_sysrtc.o
#        G:\SmartCar\Project\CYT2BL3_Brushless_Driver_Project-master\CYT2BL3_Brushless_Driver_Project-master\Seekfree_CYT2BL3_Double_Foc_Project\project\iar\Debug_m4\Obj\systick_16016591671695740695.dir\cy_systick.o
#        G:\SmartCar\Project\CYT2BL3_Brushless_Driver_Project-master\CYT2BL3_Brushless_Driver_Project-master\Seekfree_CYT2BL3_Double_Foc_Project\project\iar\Debug_m4\Obj\syswdt_9118657615806274156.dir\cy_syswdt.o
#        G:\SmartCar\Project\CYT2BL3_Brushless_Driver_Project-master\CYT2BL3_Brushless_Driver_Project-master\Seekfree_CYT2BL3_Double_Foc_Project\project\iar\Debug_m4\Obj\tcpwm_422923530147891246.dir\cy_tcpwm.o
#        G:\SmartCar\Project\CYT2BL3_Brushless_Driver_Project-master\CYT2BL3_Brushless_Driver_Project-master\Seekfree_CYT2BL3_Double_Foc_Project\project\iar\Debug_m4\Obj\tcpwm_422923530147891246.dir\cy_tcpwm_counter.o
#        G:\SmartCar\Project\CYT2BL3_Brushless_Driver_Project-master\CYT2BL3_Brushless_Driver_Project-master\Seekfree_CYT2BL3_Double_Foc_Project\project\iar\Debug_m4\Obj\tcpwm_422923530147891246.dir\cy_tcpwm_pwm.o
#        G:\SmartCar\Project\CYT2BL3_Brushless_Driver_Project-master\CYT2BL3_Brushless_Driver_Project-master\Seekfree_CYT2BL3_Double_Foc_Project\project\iar\Debug_m4\Obj\tcpwm_422923530147891246.dir\cy_tcpwm_quaddec.o
#        G:\SmartCar\Project\CYT2BL3_Brushless_Driver_Project-master\CYT2BL3_Brushless_Driver_Project-master\Seekfree_CYT2BL3_Double_Foc_Project\project\iar\Debug_m4\Obj\tcpwm_422923530147891246.dir\cy_tcpwm_sr.o
#        G:\SmartCar\Project\CYT2BL3_Brushless_Driver_Project-master\CYT2BL3_Brushless_Driver_Project-master\Seekfree_CYT2BL3_Double_Foc_Project\project\iar\Debug_m4\Obj\trigmux_9729677290734583340.dir\cy_trigmux.o
#        G:\SmartCar\Project\CYT2BL3_Brushless_Driver_Project-master\CYT2BL3_Brushless_Driver_Project-master\Seekfree_CYT2BL3_Double_Foc_Project\project\iar\Debug_m4\Obj\code_17896468042025673432.dir\driver_adc.o
#        G:\SmartCar\Project\CYT2BL3_Brushless_Driver_Project-master\CYT2BL3_Brushless_Driver_Project-master\Seekfree_CYT2BL3_Double_Foc_Project\project\iar\Debug_m4\Obj\code_17896468042025673432.dir\driver_gpio.o
#        G:\SmartCar\Project\CYT2BL3_Brushless_Driver_Project-master\CYT2BL3_Brushless_Driver_Project-master\Seekfree_CYT2BL3_Double_Foc_Project\project\iar\Debug_m4\Obj\code_17896468042025673432.dir\fast_foc.o
#        G:\SmartCar\Project\CYT2BL3_Brushless_Driver_Project-master\CYT2BL3_Brushless_Driver_Project-master\Seekfree_CYT2BL3_Double_Foc_Project\project\iar\Debug_m4\Obj\Foc_11601868574911838443.dir\foc_adc.o
#        G:\SmartCar\Project\CYT2BL3_Brushless_Driver_Project-master\CYT2BL3_Brushless_Driver_Project-master\Seekfree_CYT2BL3_Double_Foc_Project\project\iar\Debug_m4\Obj\Foc_11601868574911838443.dir\foc_controller.o
#        G:\SmartCar\Project\CYT2BL3_Brushless_Driver_Project-master\CYT2BL3_Brushless_Driver_Project-master\Seekfree_CYT2BL3_Double_Foc_Project\project\iar\Debug_m4\Obj\Foc_11601868574911838443.dir\foc_svpwm.o
#        G:\SmartCar\Project\CYT2BL3_Brushless_Driver_Project-master\CYT2BL3_Brushless_Driver_Project-master\Seekfree_CYT2BL3_Double_Foc_Project\project\iar\Debug_m4\Obj\code_17896468042025673432.dir\hall_gather.o
#        G:\SmartCar\Project\CYT2BL3_Brushless_Driver_Project-master\CYT2BL3_Brushless_Driver_Project-master\Seekfree_CYT2BL3_Double_Foc_Project\project\iar\Debug_m4\Obj\user_8514941877209965082.dir\main_cm4.o
#        G:\SmartCar\Project\CYT2BL3_Brushless_Driver_Project-master\CYT2BL3_Brushless_Driver_Project-master\Seekfree_CYT2BL3_Double_Foc_Project\project\iar\Debug_m4\Obj\code_17896468042025673432.dir\motor_control.o
#        G:\SmartCar\Project\CYT2BL3_Brushless_Driver_Project-master\CYT2BL3_Brushless_Driver_Project-master\Seekfree_CYT2BL3_Double_Foc_Project\project\iar\Debug_m4\Obj\code_17896468042025673432.dir\motor_driver_uart_control.o
#        G:\SmartCar\Project\CYT2BL3_Brushless_Driver_Project-master\CYT2BL3_Brushless_Driver_Project-master\Seekfree_CYT2BL3_Double_Foc_Project\project\iar\Debug_m4\Obj\code_17896468042025673432.dir\motor_flash.o
#        G:\SmartCar\Project\CYT2BL3_Brushless_Driver_Project-master\CYT2BL3_Brushless_Driver_Project-master\Seekfree_CYT2BL3_Double_Foc_Project\project\iar\Debug_m4\Obj\code_17896468042025673432.dir\motor_voice.o
#        G:\SmartCar\Project\CYT2BL3_Brushless_Driver_Project-master\CYT2BL3_Brushless_Driver_Project-master\Seekfree_CYT2BL3_Double_Foc_Project\project\iar\Debug_m4\Obj\code_17896468042025673432.dir\pwm_output.o
#        G:\SmartCar\Project\CYT2BL3_Brushless_Driver_Project-master\CYT2BL3_Brushless_Driver_Project-master\Seekfree_CYT2BL3_Double_Foc_Project\project\iar\Debug_m4\Obj\zf_components_14936052685886095442.dir\seekfree_assistant.o
#        G:\SmartCar\Project\CYT2BL3_Brushless_Driver_Project-master\CYT2BL3_Brushless_Driver_Project-master\Seekfree_CYT2BL3_Double_Foc_Project\project\iar\Debug_m4\Obj\zf_components_14936052685886095442.dir\seekfree_assistant_interface.o
#        G:\SmartCar\Project\CYT2BL3_Brushless_Driver_Project-master\CYT2BL3_Brushless_Driver_Project-master\Seekfree_CYT2BL3_Double_Foc_Project\project\iar\Debug_m4\Obj\code_17896468042025673432.dir\sensorless_control.o
#        G:\SmartCar\Project\CYT2BL3_Brushless_Driver_Project-master\CYT2BL3_Brushless_Driver_Project-master\Seekfree_CYT2BL3_Double_Foc_Project\project\iar\Debug_m4\Obj\startup_479057977785470282.dir\startup.o
#        G:\SmartCar\Project\CYT2BL3_Brushless_Driver_Project-master\CYT2BL3_Brushless_Driver_Project-master\Seekfree_CYT2BL3_Double_Foc_Project\project\iar\Debug_m4\Obj\startup_479057977785470282.dir\startup_cm4.o
#        G:\SmartCar\Project\CYT2BL3_Brushless_Driver_Project-master\CYT2BL3_Brushless_Driver_Project-master\Seekfree_CYT2BL3_Double_Foc_Project\project\iar\Debug_m4\Obj\rev_b_4986922561640112550.dir\system_tviibe4m_cm4.o
#        G:\SmartCar\Project\CYT2BL3_Brushless_Driver_Project-master\CYT2BL3_Brushless_Driver_Project-master\Seekfree_CYT2BL3_Double_Foc_Project\project\iar\Debug_m4\Obj\code_17896468042025673432.dir\user_pwm_in.o
#        G:\SmartCar\Project\CYT2BL3_Brushless_Driver_Project-master\CYT2BL3_Brushless_Driver_Project-master\Seekfree_CYT2BL3_Double_Foc_Project\project\iar\Debug_m4\Obj\zf_common_1201165462030747823.dir\zf_common_clock.o
#        G:\SmartCar\Project\CYT2BL3_Brushless_Driver_Project-master\CYT2BL3_Brushless_Driver_Project-master\Seekfree_CYT2BL3_Double_Foc_Project\project\iar\Debug_m4\Obj\zf_common_1201165462030747823.dir\zf_common_debug.o
#        G:\SmartCar\Project\CYT2BL3_Brushless_Driver_Project-master\CYT2BL3_Brushless_Driver_Project-master\Seekfree_CYT2BL3_Double_Foc_Project\project\iar\Debug_m4\Obj\zf_common_1201165462030747823.dir\zf_common_fifo.o
#        G:\SmartCar\Project\CYT2BL3_Brushless_Driver_Project-master\CYT2BL3_Brushless_Driver_Project-master\Seekfree_CYT2BL3_Double_Foc_Project\project\iar\Debug_m4\Obj\zf_common_1201165462030747823.dir\zf_common_font.o
#        G:\SmartCar\Project\CYT2BL3_Brushless_Driver_Project-master\CYT2BL3_Brushless_Driver_Project-master\Seekfree_CYT2BL3_Double_Foc_Project\project\iar\Debug_m4\Obj\zf_common_1201165462030747823.dir\zf_common_function.o
#        G:\SmartCar\Project\CYT2BL3_Brushless_Driver_Project-master\CYT2BL3_Brushless_Driver_Project-master\Seekfree_CYT2BL3_Double_Foc_Project\project\iar\Debug_m4\Obj\zf_common_1201165462030747823.dir\zf_common_interrupt.o
#        G:\SmartCar\Project\CYT2BL3_Brushless_Driver_Project-master\CYT2BL3_Brushless_Driver_Project-master\Seekfree_CYT2BL3_Double_Foc_Project\project\iar\Debug_m4\Obj\zf_device_6570275422786408770.dir\zf_device_absolute_encoder.o
#        G:\SmartCar\Project\CYT2BL3_Brushless_Driver_Project-master\CYT2BL3_Brushless_Driver_Project-master\Seekfree_CYT2BL3_Double_Foc_Project\project\iar\Debug_m4\Obj\zf_device_6570275422786408770.dir\zf_device_ble6a20.o
#        G:\SmartCar\Project\CYT2BL3_Brushless_Driver_Project-master\CYT2BL3_Brushless_Driver_Project-master\Seekfree_CYT2BL3_Double_Foc_Project\project\iar\Debug_m4\Obj\zf_device_6570275422786408770.dir\zf_device_bluetooth_ch9141.o
#        G:\SmartCar\Project\CYT2BL3_Brushless_Driver_Project-master\CYT2BL3_Brushless_Driver_Project-master\Seekfree_CYT2BL3_Double_Foc_Project\project\iar\Debug_m4\Obj\zf_device_6570275422786408770.dir\zf_device_dl1a.o
#        G:\SmartCar\Project\CYT2BL3_Brushless_Driver_Project-master\CYT2BL3_Brushless_Driver_Project-master\Seekfree_CYT2BL3_Double_Foc_Project\project\iar\Debug_m4\Obj\zf_device_6570275422786408770.dir\zf_device_dl1b.o
#        G:\SmartCar\Project\CYT2BL3_Brushless_Driver_Project-master\CYT2BL3_Brushless_Driver_Project-master\Seekfree_CYT2BL3_Double_Foc_Project\project\iar\Debug_m4\Obj\zf_device_6570275422786408770.dir\zf_device_gnss.o
#        G:\SmartCar\Project\CYT2BL3_Brushless_Driver_Project-master\CYT2BL3_Brushless_Driver_Project-master\Seekfree_CYT2BL3_Double_Foc_Project\project\iar\Debug_m4\Obj\zf_device_6570275422786408770.dir\zf_device_icm20602.o
#        G:\SmartCar\Project\CYT2BL3_Brushless_Driver_Project-master\CYT2BL3_Brushless_Driver_Project-master\Seekfree_CYT2BL3_Double_Foc_Project\project\iar\Debug_m4\Obj\zf_device_6570275422786408770.dir\zf_device_imu660ra.o
#        G:\SmartCar\Project\CYT2BL3_Brushless_Driver_Project-master\CYT2BL3_Brushless_Driver_Project-master\Seekfree_CYT2BL3_Double_Foc_Project\project\iar\Debug_m4\Obj\zf_device_6570275422786408770.dir\zf_device_imu963ra.o
#        G:\SmartCar\Project\CYT2BL3_Brushless_Driver_Project-master\CYT2BL3_Brushless_Driver_Project-master\Seekfree_CYT2BL3_Double_Foc_Project\project\iar\Debug_m4\Obj\zf_device_6570275422786408770.dir\zf_device_ips114.o
#        G:\SmartCar\Project\CYT2BL3_Brushless_Driver_Project-master\CYT2BL3_Brushless_Driver_Project-master\Seekfree_CYT2BL3_Double_Foc_Project\project\iar\Debug_m4\Obj\zf_device_6570275422786408770.dir\zf_device_ips200.o
#        G:\SmartCar\Project\CYT2BL3_Brushless_Driver_Project-master\CYT2BL3_Brushless_Driver_Project-master\Seekfree_CYT2BL3_Double_Foc_Project\project\iar\Debug_m4\Obj\zf_device_6570275422786408770.dir\zf_device_key.o
#        G:\SmartCar\Project\CYT2BL3_Brushless_Driver_Project-master\CYT2BL3_Brushless_Driver_Project-master\Seekfree_CYT2BL3_Double_Foc_Project\project\iar\Debug_m4\Obj\zf_device_6570275422786408770.dir\zf_device_menc15a.o
#        G:\SmartCar\Project\CYT2BL3_Brushless_Driver_Project-master\CYT2BL3_Brushless_Driver_Project-master\Seekfree_CYT2BL3_Double_Foc_Project\project\iar\Debug_m4\Obj\zf_device_6570275422786408770.dir\zf_device_mpu6050.o
#        G:\SmartCar\Project\CYT2BL3_Brushless_Driver_Project-master\CYT2BL3_Brushless_Driver_Project-master\Seekfree_CYT2BL3_Double_Foc_Project\project\iar\Debug_m4\Obj\zf_device_6570275422786408770.dir\zf_device_mt9v03x.o
#        G:\SmartCar\Project\CYT2BL3_Brushless_Driver_Project-master\CYT2BL3_Brushless_Driver_Project-master\Seekfree_CYT2BL3_Double_Foc_Project\project\iar\Debug_m4\Obj\zf_device_6570275422786408770.dir\zf_device_oled.o
#        G:\SmartCar\Project\CYT2BL3_Brushless_Driver_Project-master\CYT2BL3_Brushless_Driver_Project-master\Seekfree_CYT2BL3_Double_Foc_Project\project\iar\Debug_m4\Obj\zf_device_6570275422786408770.dir\zf_device_tft180.o
#        G:\SmartCar\Project\CYT2BL3_Brushless_Driver_Project-master\CYT2BL3_Brushless_Driver_Project-master\Seekfree_CYT2BL3_Double_Foc_Project\project\iar\Debug_m4\Obj\zf_device_6570275422786408770.dir\zf_device_tsl1401.o
#        G:\SmartCar\Project\CYT2BL3_Brushless_Driver_Project-master\CYT2BL3_Brushless_Driver_Project-master\Seekfree_CYT2BL3_Double_Foc_Project\project\iar\Debug_m4\Obj\zf_device_6570275422786408770.dir\zf_device_type.o
#        G:\SmartCar\Project\CYT2BL3_Brushless_Driver_Project-master\CYT2BL3_Brushless_Driver_Project-master\Seekfree_CYT2BL3_Double_Foc_Project\project\iar\Debug_m4\Obj\zf_device_6570275422786408770.dir\zf_device_uart_receiver.o
#        G:\SmartCar\Project\CYT2BL3_Brushless_Driver_Project-master\CYT2BL3_Brushless_Driver_Project-master\Seekfree_CYT2BL3_Double_Foc_Project\project\iar\Debug_m4\Obj\zf_device_6570275422786408770.dir\zf_device_virtual_oscilloscope.o
#        G:\SmartCar\Project\CYT2BL3_Brushless_Driver_Project-master\CYT2BL3_Brushless_Driver_Project-master\Seekfree_CYT2BL3_Double_Foc_Project\project\iar\Debug_m4\Obj\zf_device_6570275422786408770.dir\zf_device_wifi_uart.o
#        G:\SmartCar\Project\CYT2BL3_Brushless_Driver_Project-master\CYT2BL3_Brushless_Driver_Project-master\Seekfree_CYT2BL3_Double_Foc_Project\project\iar\Debug_m4\Obj\zf_device_6570275422786408770.dir\zf_device_wireless_uart.o
#        G:\SmartCar\Project\CYT2BL3_Brushless_Driver_Project-master\CYT2BL3_Brushless_Driver_Project-master\Seekfree_CYT2BL3_Double_Foc_Project\project\iar\Debug_m4\Obj\zf_driver_11922370083829174090.dir\zf_driver_adc.o
#        G:\SmartCar\Project\CYT2BL3_Brushless_Driver_Project-master\CYT2BL3_Brushless_Driver_Project-master\Seekfree_CYT2BL3_Double_Foc_Project\project\iar\Debug_m4\Obj\zf_driver_11922370083829174090.dir\zf_driver_delay.o
#        G:\SmartCar\Project\CYT2BL3_Brushless_Driver_Project-master\CYT2BL3_Brushless_Driver_Project-master\Seekfree_CYT2BL3_Double_Foc_Project\project\iar\Debug_m4\Obj\zf_driver_11922370083829174090.dir\zf_driver_encoder.o
#        G:\SmartCar\Project\CYT2BL3_Brushless_Driver_Project-master\CYT2BL3_Brushless_Driver_Project-master\Seekfree_CYT2BL3_Double_Foc_Project\project\iar\Debug_m4\Obj\zf_driver_11922370083829174090.dir\zf_driver_exti.o
#        G:\SmartCar\Project\CYT2BL3_Brushless_Driver_Project-master\CYT2BL3_Brushless_Driver_Project-master\Seekfree_CYT2BL3_Double_Foc_Project\project\iar\Debug_m4\Obj\zf_driver_11922370083829174090.dir\zf_driver_flash.o
#        G:\SmartCar\Project\CYT2BL3_Brushless_Driver_Project-master\CYT2BL3_Brushless_Driver_Project-master\Seekfree_CYT2BL3_Double_Foc_Project\project\iar\Debug_m4\Obj\zf_driver_11922370083829174090.dir\zf_driver_gpio.o
#        G:\SmartCar\Project\CYT2BL3_Brushless_Driver_Project-master\CYT2BL3_Brushless_Driver_Project-master\Seekfree_CYT2BL3_Double_Foc_Project\project\iar\Debug_m4\Obj\zf_driver_11922370083829174090.dir\zf_driver_pit.o
#        G:\SmartCar\Project\CYT2BL3_Brushless_Driver_Project-master\CYT2BL3_Brushless_Driver_Project-master\Seekfree_CYT2BL3_Double_Foc_Project\project\iar\Debug_m4\Obj\zf_driver_11922370083829174090.dir\zf_driver_pwm.o
#        G:\SmartCar\Project\CYT2BL3_Brushless_Driver_Project-master\CYT2BL3_Brushless_Driver_Project-master\Seekfree_CYT2BL3_Double_Foc_Project\project\iar\Debug_m4\Obj\zf_driver_11922370083829174090.dir\zf_driver_soft_iic.o
#        G:\SmartCar\Project\CYT2BL3_Brushless_Driver_Project-master\CYT2BL3_Brushless_Driver_Project-master\Seekfree_CYT2BL3_Double_Foc_Project\project\iar\Debug_m4\Obj\zf_driver_11922370083829174090.dir\zf_driver_soft_spi.o
#        G:\SmartCar\Project\CYT2BL3_Brushless_Driver_Project-master\CYT2BL3_Brushless_Driver_Project-master\Seekfree_CYT2BL3_Double_Foc_Project\project\iar\Debug_m4\Obj\zf_driver_11922370083829174090.dir\zf_driver_spi.o
#        G:\SmartCar\Project\CYT2BL3_Brushless_Driver_Project-master\CYT2BL3_Brushless_Driver_Project-master\Seekfree_CYT2BL3_Double_Foc_Project\project\iar\Debug_m4\Obj\zf_driver_11922370083829174090.dir\zf_driver_timer.o
#        G:\SmartCar\Project\CYT2BL3_Brushless_Driver_Project-master\CYT2BL3_Brushless_Driver_Project-master\Seekfree_CYT2BL3_Double_Foc_Project\project\iar\Debug_m4\Obj\zf_driver_11922370083829174090.dir\zf_driver_uart.o
#        --no_out_extension -o
#        G:\SmartCar\Project\CYT2BL3_Brushless_Driver_Project-master\CYT2BL3_Brushless_Driver_Project-master\Seekfree_CYT2BL3_Double_Foc_Project\project\iar\Debug_m4\Exe\cyt2bl3.out
#        --config_def _CORE_cm4_=0 --config_def _LINK_flash_=0 --map
#        G:\SmartCar\Project\CYT2BL3_Brushless_Driver_Project-master\CYT2BL3_Brushless_Driver_Project-master\Seekfree_CYT2BL3_Double_Foc_Project\project\iar\Debug_m4\List\cyt2bl3.map
#        --config
#        G:\SmartCar\Project\CYT2BL3_Brushless_Driver_Project-master\CYT2BL3_Brushless_Driver_Project-master\Seekfree_CYT2BL3_Double_Foc_Project\project\iar\project_config\..\icf\linker_directives_tviibe4m.icf
#        --semihosting
#        G:\SmartCar\Project\CYT2BL3_Brushless_Driver_Project-master\CYT2BL3_Brushless_Driver_Project-master\Seekfree_CYT2BL3_Double_Foc_Project\project\iar\project_config\..\..\..\libraries\zf_device\zf_device_config.a
#        --entry __iar_program_start --vfe --text_out locale --cpu=Cortex-M4
#        --fpu=VFPv4_sp) --dependencies=n
#        G:\SmartCar\Project\CYT2BL3_Brushless_Driver_Project-master\CYT2BL3_Brushless_Driver_Project-master\Seekfree_CYT2BL3_Double_Foc_Project\project\iar\Debug_m4\Exe\cyt2bl3.out.iar_deps
#
###############################################################################

*******************************************************************************
*** RUNTIME MODEL ATTRIBUTES
***

CppFlavor       = *
__CPP_Runtime   = 1
__SystemLibrary = DLib
__dlib_version  = 6


*******************************************************************************
*** HEAP SELECTION
***

The basic heap was selected because --advanced_heap
was not specified and the application did not appear to
be primarily optimized for speed.


*******************************************************************************
*** PLACEMENT SUMMARY
***

"A0":  place at start of [from 0x1008'0000 to 0x1040'ffff] { section .intvec };
"P1":  place in [from 0x1008'0000 to 0x1040'ffff] { ro };
"P2":  place in [from 0x802'0000 to 0x807'ffff] { rw };
define block HEAP with size = 1K, alignment = 8 { };
define block CSTACK with size = 8K, alignment = 8 { };
define block HEAP_STACK { block HEAP, last block CSTACK };
"A1":  place at end of [from 0x802'0000 to 0x807'ffff] { block HEAP_STACK };
do not initialize { section .intvec_ram };
initialize by copy { rw };

No sections matched the following patterns:

  ro section .sflash_app_prot  in "P6"
  ro section .sflash_nar       in "P4"
  ro section .sflash_pkey      in "P5"
  ro section .sflash_toc2      in "P7"
  ro section .sflash_uf_rows   in "P3"
  ro section .work_flash       in "P8"
  section .global_ram_data     in "P9"


  Section            Kind         Address      Size  Object
  -------            ----         -------      ----  ------
"P2", part 1 of 3:                            0x6a1
  P2-1                         0x802'0000     0x6a1  <Init block>
    .data            inited    0x802'0000     0x5fc  cy_interrupt_map.o [20]
    .data            inited    0x802'05fc       0x4  cy_interrupt_map.o [20]
    .data            inited    0x802'0600       0x8  hall_gather.o [5]
    .data            inited    0x802'0608       0x8  hall_gather.o [5]
    .data            inited    0x802'0610       0x4  sensorless_control.o [5]
    .data            inited    0x802'0614       0x4  sensorless_control.o [5]
    .data            inited    0x802'0618       0x4  sensorless_control.o [5]
    .data            inited    0x802'061c       0xc  zf_driver_adc.o [43]
    .data            inited    0x802'0628      0x3c  zf_driver_pit.o [43]
    .data            inited    0x802'0664      0x10  zf_driver_spi.o [43]
    .data            inited    0x802'0674      0x14  zf_driver_uart.o [43]
    .data            inited    0x802'0688      0x14  zf_driver_uart.o [43]
    .data            inited    0x802'069c       0x1  driver_gpio.o [5]
    .data            inited    0x802'069d       0x1  driver_gpio.o [5]
    .data            inited    0x802'069e       0x1  zf_common_debug.o [40]
    .data            inited    0x802'069f       0x1  zf_driver_delay.o [43]
    .data            inited    0x802'06a0       0x1  zf_driver_delay.o [43]
                             - 0x802'06a1     0x6a1

"P2", part 2 of 3:                           0x13d8
  .bss               zero      0x802'06a4     0x800  zf_driver_flash.o [43]
  .bss               zero      0x802'0ea4     0x244  motor_control.o [5]
  .bss               zero      0x802'10e8     0x244  motor_control.o [5]
  .bss               zero      0x802'132c     0x140  zf_driver_uart.o [43]
  .bss               zero      0x802'146c     0x118  zf_driver_uart.o [43]
  .bss               zero      0x802'1584      0xa4  motor_control.o [5]
  .bss               zero      0x802'1628      0x80  motor_driver_uart_control.o [5]
  .bss               zero      0x802'16a8      0x80  motor_driver_uart_control.o [5]
  .bss               zero      0x802'1728      0x78  zf_driver_uart.o [43]
  .bss               zero      0x802'17a0      0x70  cy_syslib.o [31]
  .bss               zero      0x802'1810      0x48  zf_driver_adc.o [43]
  .bss               zero      0x802'1858      0x40  foc_adc.o [1]
  .bss               zero      0x802'1898      0x40  zf_common_debug.o [40]
  .bss               zero      0x802'18d8      0x28  fast_foc.o [5]
  .bss               zero      0x802'1900      0x28  fast_foc.o [5]
  .bss               zero      0x802'1928      0x1c  driver_adc.o [5]
  .bss               zero      0x802'1944      0x18  cy_sysclk.o [28]
  .bss               zero      0x802'195c      0x18  cy_syslib.o [31]
  .bss               zero      0x802'1974      0x18  motor_driver_uart_control.o [5]
  .bss               zero      0x802'198c      0x18  zf_common_debug.o [40]
  .bss               zero      0x802'19a4      0x14  motor_driver_uart_control.o [5]
  .bss               zero      0x802'19b8      0x14  zf_common_debug.o [40]
  .bss               zero      0x802'19e0      0x10  cy_srom.o [25]
  .bss               zero      0x802'19f0      0x10  zf_device_key.o [42]
  .bss               zero      0x802'1a00       0x4  cy_srom.o [25]
  .bss               zero      0x802'1a04       0x4  cy_srom.o [25]
  .bss               zero      0x802'1a08       0x4  cy_syslib.o [31]
  .bss               zero      0x802'1a0c       0x4  driver_adc.o [5]
  .bss               zero      0x802'1a10       0x4  driver_adc.o [5]
  .bss               zero      0x802'1a14       0x4  driver_gpio.o [5]
  .bss               zero      0x802'1a18       0x4  foc_adc.o [1]
  .bss               zero      0x802'1a1c       0x4  hall_gather.o [5]
  .bss               zero      0x802'1a20       0x4  hall_gather.o [5]
  .bss               zero      0x802'1a24       0x4  motor_control.o [5]
  .bss               zero      0x802'1a28       0x4  motor_control.o [5]
  .bss               zero      0x802'1a2c       0x4  motor_control.o [5]
  .bss               zero      0x802'1a30       0x4  system_tviibe4m_cm4.o [19]
  .bss               zero      0x802'1a34       0x4  system_tviibe4m_cm4.o [19]
  .bss               zero      0x802'1a38       0x4  system_tviibe4m_cm4.o [19]
  .bss               zero      0x802'1a3c       0x4  system_tviibe4m_cm4.o [19]
  .bss               zero      0x802'1a40       0x4  system_tviibe4m_cm4.o [19]
  .bss               zero      0x802'1a44       0x4  zf_common_clock.o [40]
  .bss               zero      0x802'1a48       0x4  zf_common_interrupt.o [40]
  .bss               zero      0x802'1a4c       0x4  zf_device_key.o [42]
  .bss               zero      0x802'1a50       0x4  zf_device_key.o [42]
  .bss               zero      0x802'1a54       0x4  zf_device_menc15a.o [42]
  .bss               zero      0x802'1a58       0x4  zf_device_menc15a.o [42]
  .bss               zero      0x802'1a5c       0x4  zf_driver_spi.o [43]
  .bss               zero      0x802'1a60       0x4  zf_driver_spi.o [43]
  .bss               zero      0x802'1a64       0x4  zf_driver_timer.o [43]
  .bss               zero      0x802'1a68       0x4  xfail_s.o [44]
  .bss               zero      0x802'1a6c       0x2  motor_driver_uart_control.o [5]
  .bss               zero      0x802'1a6e       0x1  cy_mw_flash.o [11]
  .bss               zero      0x802'1a6f       0x1  cy_mw_flash.o [11]
  .bss               zero      0x802'1a70       0x1  cy_sysclk.o [28]
  .bss               zero      0x802'1a71       0x1  motor_control.o [5]
  .bss               zero      0x802'1a72       0x1  motor_control.o [5]
  .bss               zero      0x802'1a73       0x1  motor_control.o [5]
  .bss               zero      0x802'1a74       0x1  zf_common_debug.o [40]
  .bss               zero      0x802'1a75       0x1  zf_common_debug.o [40]
  .bss               zero      0x802'1a76       0x1  zf_common_debug.o [40]
  .bss               zero      0x802'1a77       0x1  zf_driver_flash.o [43]
  .bss               zero      0x802'1a78       0x1  zf_driver_flash.o [43]
                             - 0x802'1a79    0x13d5

"P2", part 3 of 3:                             0x80
  .intvec_ram        uninit    0x802'1c00      0x80  startup_cm4.o [26]
                             - 0x802'1c80      0x80

"A1":                                        0x2000
  HEAP_STACK                   0x807'e000    0x2000  <Block>
    CSTACK                     0x807'e000    0x2000  <Block>
      CSTACK         uninit    0x807'e000    0x2000  <Block tail>
                             - 0x808'0000    0x2000

"A0":                                          0x80
  .intvec            ro code  0x1008'0000      0x80  startup_cm4.o [26]
                            - 0x1008'0080      0x80

"P1":                                      0x1'749e
  .rodata            const    0x1008'0080    0x4924  fast_foc.o [5]
  .rodata            const    0x1008'49a4    0x42c0  motor_voice.o [5]
  .text              ro code  0x1008'8c64    0x1d78  sensorless_control.o [5]
  .text              ro code  0x1008'a9dc     0x6d0  zf_driver_pwm.o [43]
  .text              ro code  0x1008'b0ac     0x13c  zf_driver_gpio.o [43]
  .text              ro code  0x1008'b1e8     0x160  fast_foc.o [5]
  .text              ro code  0x1008'b348     0xc00  pwm_output.o [5]
  .text              ro code  0x1008'bf48      0xc8  zf_driver_exti.o [43]
  .text              ro code  0x1008'c010     0x1cc  cy_tcpwm_counter.o [37]
  .text              ro code  0x1008'c1dc       0xc  cy_tcpwm.o [37]
  .text              ro code  0x1008'c1e8     0x234  zf_driver_timer.o [43]
  .text              ro code  0x1008'c41c      0x48  FltToDbl.o [45]
  .text              ro code  0x1008'c464     0x1aa  DblMul.o [45]
  .text              ro code  0x1008'c60e      0x7e  lz77_init_single.o [46]
  .text              ro code  0x1008'c68c      0x34  DblCmpLe.o [45]
  .text              ro code  0x1008'c6c0      0x34  DblCmpGe.o [45]
  .text              ro code  0x1008'c6f4     0x25e  DblAddSub.o [45]
  .text              ro code  0x1008'c952      0x1a  xsnprout.o [44]
  .text              ro code  0x1008'c96c      0x68  DblToFlt.o [45]
  .text              ro code  0x1008'c9d4     0x2f8  motor_voice.o [5]
  .text              ro code  0x1008'cccc      0x66  ABImemset.o [46]
  .text              ro code  0x1008'cd32       0xa  xsprout.o [44]
  .text              ro code  0x1008'cd3c     0x198  cy_gpio.o [12]
  .text              ro code  0x1008'ced4      0xe2  zf_common_interrupt.o [40]
  .text              ro code  0x1008'cfb8     0x310  zf_driver_pit.o [43]
  .text              ro code  0x1008'd2c8     0x438  zf_common_debug.o [40]
  .text              ro code  0x1008'd700     0x256  cy_tcpwm_pwm.o [37]
  .text              ro code  0x1008'd958      0x5c  cy_sysint.o [30]
  .text              ro code  0x1008'd9b4     0x274  zf_driver_delay.o [43]
  .text              ro code  0x1008'dc28     0x864  zf_driver_uart.o [43]
  .text              ro code  0x1008'e48c      0x36  strlen.o [46]
  .text              ro code  0x1008'e4c4      0x40  sprintf.o [44]
  .text              ro code  0x1008'e504     0x518  zf_common_fifo.o [40]
  .text              ro code  0x1008'ea1c      0xe0  cm4_isr.o [39]
  .text              ro code  0x1008'eafc       0x6  ABImemclr4.o [46]
  .text              ro code  0x1008'eb04     0x230  I64DivMod.o [46]
  .text              ro code  0x1008'ed34     0x314  cy_scb_uart.o [21]
  .text              ro code  0x1008'f048     0xeae  xprintffull_nomb.o [44]
  .text              ro code  0x1008'fef8      0xa6  ABImemcpy.o [46]
  .text              ro code  0x1008'ffa0     0x6dc  motor_driver_uart_control.o [5]
  .text              ro code  0x1009'067c      0x32  ABImemset48.o [46]
  .text              ro code  0x1009'06b0       0x2  I64DivZer.o [46]
  .text              ro code  0x1009'06b4      0x16  strchr.o [46]
  .text              ro code  0x1009'06cc      0x40  xfail_s.o [44]
  .text              ro code  0x1009'070c      0x58  memchr.o [46]
  .text              ro code  0x1009'0764      0x70  frexp.o [45]
  .text              ro code  0x1009'07d4     0x13a  ldexp.o [45]
  .text              ro code  0x1009'0910      0x36  DblToS32.o [45]
  .text              ro code  0x1009'0948      0x22  S32ToDbl.o [45]
  .text              ro code  0x1009'096c     0x246  DblDiv.o [45]
  .text              ro code  0x1009'0bb4      0x22  DblToU32.o [45]
  .text              ro code  0x1009'0bd8      0x1c  U32ToDbl.o [45]
  .text              ro code  0x1009'0bf4      0x2c  strstr.o [44]
  .text              ro code  0x1009'0c20      0x64  zf_common_function.o [40]
  .text              ro code  0x1009'0c84    0x1304  motor_control.o [5]
  .text              ro code  0x1009'1f88       0x6  abort.o [44]
  .text              ro code  0x1009'1f90      0x3c  vsnprint.o [44]
  .text              ro code  0x1009'1fcc     0x120  zf_device_menc15a.o [42]
  .text              ro code  0x1009'20ec     0x394  foc_controller.o [1]
  .text              ro code  0x1009'2480     0x27c  foc_adc.o [1]
  .text              ro code  0x1009'26fc     0x7c8  hall_gather.o [5]
  .text              ro code  0x1009'2ec4      0x62  round.o [45]
  .text              ro code  0x1009'2f28      0x9c  motor_flash.o [5]
  .text              ro code  0x1009'2fc4      0x28  printf.o [44]
  .text              ro code  0x1009'2fec      0x14  exit.o [47]
  .text              ro code  0x1009'3000     0x7f4  zf_driver_spi.o [43]
  .text              ro code  0x1009'37f4     0x324  foc_svpwm.o [1]
  .text              ro code  0x1009'3b18     0x1d4  cos_sin32.o [45]
  .text              ro code  0x1009'3cec     0x470  zf_driver_adc.o [43]
  .text              ro code  0x1009'415c     0x1dc  zf_driver_flash.o [43]
  .text              ro code  0x1009'4338     0x1f0  cy_scb_spi.o [21]
  .text              ro code  0x1009'4528     0x2dc  cy_adc.o [2]
  .text              ro code  0x1009'4804     0x2dc  cy_mw_flash.o [11]
  .text              ro code  0x1009'4ae0     0x2ec  cy_srom.o [25]
  .text              ro code  0x1009'4dcc      0x70  strncpy.o [46]
  .text              ro code  0x1009'4e3c      0xac  cy_syslib.o [31]
  .text              ro code  0x1009'4ee8     0x4d0  cy_flash.o [10]
  .text              ro code  0x1009'53b8      0x60  cy_ipc_drv.o [13]
  .text              ro code  0x1009'5418      0x14  cy_syslib.o [31]
  .text              ro code  0x1009'542c     0x678  cy_sysclk.o [28]
  .text              ro code  0x1009'5aa4     0x24c  main_cm4.o [39]
  .text              ro code  0x1009'5cf0      0x1c  zf_common_clock.o [40]
  .text              ro code  0x1009'5d0c     0x11e  driver_gpio.o [5]
  .text              ro code  0x1009'5e2c     0x144  driver_adc.o [5]
  .text              ro code  0x1009'5f70      0xec  system_tviibe4m_cm4.o [19]
  .text              ro code  0x1009'605c     0x110  zf_device_key.o [42]
  .text              ro code  0x1009'616c       0x8  startup_cm4.o [26]
  .text              ro code  0x1009'6174       0x6  startup_cm4.o [26]
  .text              ro code  0x1009'617c     0x170  startup.o [26]
  .text              ro code  0x1009'62ec     0x14c  cy_interrupt_map.o [20]
  .rodata            const    0x1009'6438      0xc0  cy_sysclk.o [28]
  .rodata            const    0x1009'64f8      0xc0  cy_sysclk.o [28]
  .rodata            const    0x1009'65b8      0xc0  system_tviibe4m_cm4.o [19]
  .rodata            const    0x1009'6678      0xbc  cy_srom.o [25]
  .rodata            const    0x1009'6734      0xb8  cy_mw_flash.o [11]
  .rodata            const    0x1009'67ec      0xb4  zf_common_function.o [40]
  .rodata            const    0x1009'68a0      0xb0  zf_common_fifo.o [40]
  .rodata            const    0x1009'6950      0xb0  zf_driver_flash.o [43]
  .rodata            const    0x1009'6a00      0xb0  zf_driver_uart.o [43]
  .rodata            const    0x1009'6ab0      0xac  zf_device_key.o [42]
  .rodata            const    0x1009'6b5c      0xac  zf_driver_adc.o [43]
  .rodata            const    0x1009'6c08      0xac  zf_driver_pwm.o [43]
  .rodata            const    0x1009'6cb4      0xac  zf_driver_spi.o [43]
  .text              ro code  0x1009'6d60      0x44  startup_cm4.o [26]
  .text              ro code  0x1009'6da4      0x38  zero_init3.o [46]
  .rodata            const    0x1009'6ddc      0x34  main_cm4.o [39]
  .rodata            const    0x1009'6e10      0x30  motor_control.o [5]
  .rodata            const    0x1009'6e40      0x30  motor_control.o [5]
  .rodata            const    0x1009'6e70      0x30  motor_control.o [5]
  .rodata            const    0x1009'6ea0      0x28  motor_control.o [5]
  .rodata            const    0x1009'6ec8      0x28  motor_control.o [5]
  .rodata            const    0x1009'6ef0      0x28  motor_control.o [5]
  .text              ro code  0x1009'6f18      0x28  data_init.o [46]
  .rodata            const    0x1009'6f40      0x24  motor_control.o [5]
  .rodata            const    0x1009'6f64      0x24  motor_control.o [5]
  .text              ro code  0x1009'6f88      0x22  fpinit_M.o [45]
  .iar.init_table    const    0x1009'6fac      0x20  - Linker created -
  .text              ro code  0x1009'6fcc      0x20  startup_cm4.o [26]
  .text              ro code  0x1009'6fec      0x20  putchar.o [44]
  .text              ro code  0x1009'7010      0x1e  cy_syslib_iar.o [31]
  .text              ro code  0x1009'7030      0x1e  cmain.o [46]
  .text              ro code  0x1009'7050       0x4  startup_cm4.o [26]
  .text              ro code  0x1009'7054       0x4  exit.o [44]
  .text              ro code  0x1009'7058       0xa  cexit.o [46]
  .rodata            const    0x1009'7064      0x1c  main_cm4.o [39]
  .rodata            const    0x1009'7080      0x1c  zf_common_debug.o [40]
  .text              ro code  0x1009'709c      0x1c  startup_cm4.o [26]
  .text              ro code  0x1009'70b8      0x1c  cstartup_M.o [46]
  .rodata            const    0x1009'70d4      0x18  main_cm4.o [39]
  .rodata            const    0x1009'70ec      0x18  motor_control.o [5]
  .rodata            const    0x1009'7104      0x18  system_tviibe4m_cm4.o [19]
  .rodata            const    0x1009'711c      0x18  zf_common_debug.o [40]
  .text              ro code  0x1009'7134      0x16  xprout.o [44]
  .rodata            const    0x1009'714c      0x14  cy_flash.o [10]
  .rodata            const    0x1009'7160      0x14  motor_control.o [5]
  .rodata            const    0x1009'7174      0x14  motor_control.o [5]
  .rodata            const    0x1009'7188      0x14  motor_control.o [5]
  .rodata            const    0x1009'719c      0x10  motor_control.o [5]
  .rodata            const    0x1009'71ac      0x10  motor_control.o [5]
  .rodata            const    0x1009'71bc      0x10  motor_driver_uart_control.o [5]
  .rodata            const    0x1009'71cc      0x10  motor_driver_uart_control.o [5]
  .rodata            const    0x1009'71dc      0x10  motor_driver_uart_control.o [5]
  .rodata            const    0x1009'71ec      0x10  zf_common_debug.o [40]
  .rodata            const    0x1009'71fc      0x10  zf_common_debug.o [40]
  .rodata            const    0x1009'720c       0xc  motor_control.o [5]
  .rodata            const    0x1009'7218       0xc  motor_control.o [5]
  .rodata            const    0x1009'7224       0xc  motor_control.o [5]
  .rodata            const    0x1009'7230       0xc  motor_driver_uart_control.o [5]
  .rodata            const    0x1009'723c       0xc  motor_driver_uart_control.o [5]
  .rodata            const    0x1009'7248       0xc  motor_driver_uart_control.o [5]
  .rodata            const    0x1009'7254       0xc  motor_driver_uart_control.o [5]
  .rodata            const    0x1009'7260       0xc  motor_driver_uart_control.o [5]
  .rodata            const    0x1009'726c       0xc  motor_driver_uart_control.o [5]
  .rodata            const    0x1009'7278       0xc  motor_driver_uart_control.o [5]
  .rodata            const    0x1009'7284       0xc  motor_driver_uart_control.o [5]
  .rodata            const    0x1009'7290       0xc  motor_driver_uart_control.o [5]
  .rodata            const    0x1009'729c       0xc  zf_common_debug.o [40]
  .rodata            const    0x1009'72a8       0xc  zf_common_debug.o [40]
  .text              ro code  0x1009'72b4       0xc  cy_syslib.o [31]
  .rodata            const    0x1009'72c0       0x8  cy_mw_flash.o [11]
  .rodata            const    0x1009'72c8       0x8  cy_srom.o [25]
  .rodata            const    0x1009'72d0       0x8  motor_control.o [5]
  .rodata            const    0x1009'72d8       0x8  motor_control.o [5]
  .rodata            const    0x1009'72e0       0x8  motor_control.o [5]
  .rodata            const    0x1009'72e8       0x8  startup.o [26]
  .rodata            const    0x1009'72f0       0x4  cy_adc.o [2]
  .rodata            const    0x1009'72f4       0x4  cy_adc.o [2]
  .rodata            const    0x1009'72f8       0x4  cy_adc.o [2]
  .rodata            const    0x1009'72fc       0x4  cy_adc.o [2]
  .rodata            const    0x1009'7300       0x4  cy_adc.o [2]
  .rodata            const    0x1009'7304       0x4  cy_adc.o [2]
  .rodata            const    0x1009'7308       0x4  cy_adc.o [2]
  .rodata            const    0x1009'730c       0x4  cy_adc.o [2]
  .rodata            const    0x1009'7310       0x4  cy_interrupt_map.o [20]
  .rodata            const    0x1009'7314       0x4  cy_interrupt_map.o [20]
  .rodata            const    0x1009'7318       0x4  cy_interrupt_map.o [20]
  .rodata            const    0x1009'731c       0x4  cy_interrupt_map.o [20]
  .rodata            const    0x1009'7320       0x4  cy_interrupt_map.o [20]
  .rodata            const    0x1009'7324       0x4  cy_ipc_drv.o [13]
  .rodata            const    0x1009'7328       0x4  cy_scb_spi.o [21]
  .rodata            const    0x1009'732c       0x4  cy_scb_spi.o [21]
  .rodata            const    0x1009'7330       0x4  cy_scb_spi.o [21]
  .rodata            const    0x1009'7334       0x4  cy_scb_spi.o [21]
  .rodata            const    0x1009'7338       0x4  cy_scb_uart.o [21]
  .rodata            const    0x1009'733c       0x4  cy_scb_uart.o [21]
  .rodata            const    0x1009'7340       0x4  cy_scb_uart.o [21]
  .rodata            const    0x1009'7344       0x4  cy_scb_uart.o [21]
  .rodata            const    0x1009'7348       0x4  cy_scb_uart.o [21]
  .rodata            const    0x1009'734c       0x4  cy_scb_uart.o [21]
  .rodata            const    0x1009'7350       0x4  cy_scb_uart.o [21]
  .rodata            const    0x1009'7354       0x4  cy_scb_uart.o [21]
  .rodata            const    0x1009'7358       0x4  cy_scb_uart.o [21]
  .rodata            const    0x1009'735c       0x4  cy_scb_uart.o [21]
  .rodata            const    0x1009'7360       0x4  cy_srom.o [25]
  .rodata            const    0x1009'7364       0x4  cy_srom.o [25]
  .rodata            const    0x1009'7368       0x4  cy_sysint.o [30]
  .rodata            const    0x1009'736c       0x4  cy_tcpwm_counter.o [37]
  .rodata            const    0x1009'7370       0x4  cy_tcpwm_counter.o [37]
  .rodata            const    0x1009'7374       0x4  cy_tcpwm_counter.o [37]
  .rodata            const    0x1009'7378       0x4  cy_tcpwm_counter.o [37]
  .rodata            const    0x1009'737c       0x4  cy_tcpwm_counter.o [37]
  .rodata            const    0x1009'7380       0x4  cy_tcpwm_pwm.o [37]
  .rodata            const    0x1009'7384       0x4  cy_tcpwm_pwm.o [37]
  .rodata            const    0x1009'7388       0x4  cy_tcpwm_pwm.o [37]
  .rodata            const    0x1009'738c       0x4  cy_tcpwm_pwm.o [37]
  .rodata            const    0x1009'7390       0x4  cy_tcpwm_pwm.o [37]
  .rodata            const    0x1009'7394       0x4  cy_tcpwm_pwm.o [37]
  .rodata            const    0x1009'7398       0x4  cy_tcpwm_pwm.o [37]
  .rodata            const    0x1009'739c       0x4  zf_device_key.o [42]
  .text              ro code  0x1009'73a0       0x4  startup_cm4.o [26]
  .text              ro code  0x1009'73a4       0x4  startup_cm4.o [26]
  .text              ro code  0x1009'73a8       0x4  startup_cm4.o [26]
  .text              ro code  0x1009'73ac       0x4  startup_cm4.o [26]
  .text              ro code  0x1009'73b0       0x4  startup_cm4.o [26]
  .text              ro code  0x1009'73b4       0x4  startup_cm4.o [26]
  .text              ro code  0x1009'73b8       0x4  startup_cm4.o [26]
  .text              ro code  0x1009'73bc       0x4  startup_cm4.o [26]
  .text              ro code  0x1009'73c0       0x4  startup_cm4.o [26]
  .text              ro code  0x1009'73c4       0x4  startup_cm4.o [26]
  .text              ro code  0x1009'73c8       0x4  startup_cm4.o [26]
  .text              ro code  0x1009'73cc       0x4  startup_cm4.o [26]
  .text              ro code  0x1009'73d0       0x4  startup_cm4.o [26]
  .text              ro code  0x1009'73d4       0x4  startup_cm4.o [26]
  .text              ro code  0x1009'73d8       0x4  startup_cm4.o [26]
  .rodata            const    0x1009'73dc       0x0  zero_init3.o [46]
  .rodata            const    0x1009'73dc       0x0  lz77_init_single.o [46]
  Initializer bytes  const    0x1009'73dc      0x9c  <for P2-1>
                            - 0x1009'7478  0x1'73f8

Unused ranges:

         From           To       Size
         ----           --       ----
   0x802'06a1   0x802'06a3        0x3
   0x802'1a7c   0x802'1bff      0x184
   0x802'1c80   0x807'dfff   0x5'c380
  0x1009'751e  0x1040'ffff  0x37'8ae2


*******************************************************************************
*** INIT TABLE
***

          Address      Size
          -------      ----
Zero (__iar_zero_init3)
    1 destination range, total size 0x13d5:
           0x802'06a4  0x13d5

Copy/lz77 (__iar_lz77_init_single3)
    1 source range, total size 0x9c (9% of destination):
          0x1009'73dc    0x9c
    1 destination range, total size 0x6a1:
           0x802'0000   0x6a1



*******************************************************************************
*** MODULE SUMMARY
***

    Module                       ro code  ro data  rw data
    ------                       -------  -------  -------
command line/config:
    ------------------------------------------------------
    Total:

G:\SmartCar\Project\CYT2BL3_Brushless_Driver_Project-master\CYT2BL3_Brushless_Driver_Project-master\Seekfree_CYT2BL3_Double_Foc_Project\project\iar\Debug_m4\Obj\Foc_11601868574911838443.dir: [1]
    foc_adc.o                        636                68
    foc_controller.o                 916
    foc_svpwm.o                      804
    ------------------------------------------------------
    Total:                         2'356                68

G:\SmartCar\Project\CYT2BL3_Brushless_Driver_Project-master\CYT2BL3_Brushless_Driver_Project-master\Seekfree_CYT2BL3_Double_Foc_Project\project\iar\Debug_m4\Obj\adc_11722776235721520015.dir: [2]
    cy_adc.o                         732       32
    ------------------------------------------------------
    Total:                           732       32

G:\SmartCar\Project\CYT2BL3_Brushless_Driver_Project-master\CYT2BL3_Brushless_Driver_Project-master\Seekfree_CYT2BL3_Double_Foc_Project\project\iar\Debug_m4\Obj\button_4990804375159372270.dir: [3]
    ------------------------------------------------------
    Total:

G:\SmartCar\Project\CYT2BL3_Brushless_Driver_Project-master\CYT2BL3_Brushless_Driver_Project-master\Seekfree_CYT2BL3_Double_Foc_Project\project\iar\Debug_m4\Obj\canfd_1800690984773873875.dir: [4]
    ------------------------------------------------------
    Total:

G:\SmartCar\Project\CYT2BL3_Brushless_Driver_Project-master\CYT2BL3_Brushless_Driver_Project-master\Seekfree_CYT2BL3_Double_Foc_Project\project\iar\Debug_m4\Obj\code_17896468042025673432.dir: [5]
    driver_adc.o                     324                36
    driver_gpio.o                    286                 6
    fast_foc.o                       352   18'724       80
    hall_gather.o                  1'992        1       24
    motor_control.o                4'868      512    1'339
    motor_driver_uart_control.o    1'756      156      302
    motor_flash.o                    156
    motor_voice.o                    760   17'088
    pwm_output.o                   3'072
    sensorless_control.o           7'544        1       12
    ------------------------------------------------------
    Total:                        21'110   36'482    1'799

G:\SmartCar\Project\CYT2BL3_Brushless_Driver_Project-master\CYT2BL3_Brushless_Driver_Project-master\Seekfree_CYT2BL3_Double_Foc_Project\project\iar\Debug_m4\Obj\cpu_15938736945165268644.dir: [6]
    ------------------------------------------------------
    Total:

G:\SmartCar\Project\CYT2BL3_Brushless_Driver_Project-master\CYT2BL3_Brushless_Driver_Project-master\Seekfree_CYT2BL3_Double_Foc_Project\project\iar\Debug_m4\Obj\crypto_1190170608956581615.dir: [7]
    ------------------------------------------------------
    Total:

G:\SmartCar\Project\CYT2BL3_Brushless_Driver_Project-master\CYT2BL3_Brushless_Driver_Project-master\Seekfree_CYT2BL3_Double_Foc_Project\project\iar\Debug_m4\Obj\dma_12106025507578611576.dir: [8]
    ------------------------------------------------------
    Total:

G:\SmartCar\Project\CYT2BL3_Brushless_Driver_Project-master\CYT2BL3_Brushless_Driver_Project-master\Seekfree_CYT2BL3_Double_Foc_Project\project\iar\Debug_m4\Obj\evtgen_3404189088603873129.dir: [9]
    ------------------------------------------------------
    Total:

G:\SmartCar\Project\CYT2BL3_Brushless_Driver_Project-master\CYT2BL3_Brushless_Driver_Project-master\Seekfree_CYT2BL3_Double_Foc_Project\project\iar\Debug_m4\Obj\flash_8529866181315662935.dir: [10]
    cy_flash.o                     1'232       20
    ------------------------------------------------------
    Total:                         1'232       20

G:\SmartCar\Project\CYT2BL3_Brushless_Driver_Project-master\CYT2BL3_Brushless_Driver_Project-master\Seekfree_CYT2BL3_Double_Foc_Project\project\iar\Debug_m4\Obj\flash_864493325053435817.dir: [11]
    cy_mw_flash.o                    732      192        2
    ------------------------------------------------------
    Total:                           732      192        2

G:\SmartCar\Project\CYT2BL3_Brushless_Driver_Project-master\CYT2BL3_Brushless_Driver_Project-master\Seekfree_CYT2BL3_Double_Foc_Project\project\iar\Debug_m4\Obj\gpio_3999404635324069351.dir: [12]
    cy_gpio.o                        408
    ------------------------------------------------------
    Total:                           408

G:\SmartCar\Project\CYT2BL3_Brushless_Driver_Project-master\CYT2BL3_Brushless_Driver_Project-master\Seekfree_CYT2BL3_Double_Foc_Project\project\iar\Debug_m4\Obj\ipc_10145506163450686023.dir: [13]
    cy_ipc_drv.o                      96        4
    ------------------------------------------------------
    Total:                            96        4

G:\SmartCar\Project\CYT2BL3_Brushless_Driver_Project-master\CYT2BL3_Brushless_Driver_Project-master\Seekfree_CYT2BL3_Double_Foc_Project\project\iar\Debug_m4\Obj\lin_18429031207028094880.dir: [14]
    ------------------------------------------------------
    Total:

G:\SmartCar\Project\CYT2BL3_Brushless_Driver_Project-master\CYT2BL3_Brushless_Driver_Project-master\Seekfree_CYT2BL3_Double_Foc_Project\project\iar\Debug_m4\Obj\lvd_6353935867039560245.dir: [15]
    ------------------------------------------------------
    Total:

G:\SmartCar\Project\CYT2BL3_Brushless_Driver_Project-master\CYT2BL3_Brushless_Driver_Project-master\Seekfree_CYT2BL3_Double_Foc_Project\project\iar\Debug_m4\Obj\mcwdt_4052485907822033969.dir: [16]
    ------------------------------------------------------
    Total:

G:\SmartCar\Project\CYT2BL3_Brushless_Driver_Project-master\CYT2BL3_Brushless_Driver_Project-master\Seekfree_CYT2BL3_Double_Foc_Project\project\iar\Debug_m4\Obj\mpu_5663187252346826382.dir: [17]
    ------------------------------------------------------
    Total:

G:\SmartCar\Project\CYT2BL3_Brushless_Driver_Project-master\CYT2BL3_Brushless_Driver_Project-master\Seekfree_CYT2BL3_Double_Foc_Project\project\iar\Debug_m4\Obj\prot_10722960861768657883.dir: [18]
    ------------------------------------------------------
    Total:

G:\SmartCar\Project\CYT2BL3_Brushless_Driver_Project-master\CYT2BL3_Brushless_Driver_Project-master\Seekfree_CYT2BL3_Double_Foc_Project\project\iar\Debug_m4\Obj\rev_b_4986922561640112550.dir: [19]
    system_tviibe4m_cm4.o            236      216       20
    ------------------------------------------------------
    Total:                           236      216       20

G:\SmartCar\Project\CYT2BL3_Brushless_Driver_Project-master\CYT2BL3_Brushless_Driver_Project-master\Seekfree_CYT2BL3_Double_Foc_Project\project\iar\Debug_m4\Obj\rev_b_6162237342861132223.dir: [20]
    cy_interrupt_map.o               332      161    1'536
    ------------------------------------------------------
    Total:                           332      161    1'536

G:\SmartCar\Project\CYT2BL3_Brushless_Driver_Project-master\CYT2BL3_Brushless_Driver_Project-master\Seekfree_CYT2BL3_Double_Foc_Project\project\iar\Debug_m4\Obj\scb_15490842639181808494.dir: [21]
    cy_scb_spi.o                     496       16
    cy_scb_uart.o                    788       40
    ------------------------------------------------------
    Total:                         1'284       56

G:\SmartCar\Project\CYT2BL3_Brushless_Driver_Project-master\CYT2BL3_Brushless_Driver_Project-master\Seekfree_CYT2BL3_Double_Foc_Project\project\iar\Debug_m4\Obj\semihosting_143864889731838620.dir: [22]
    ------------------------------------------------------
    Total:

G:\SmartCar\Project\CYT2BL3_Brushless_Driver_Project-master\CYT2BL3_Brushless_Driver_Project-master\Seekfree_CYT2BL3_Double_Foc_Project\project\iar\Debug_m4\Obj\smartio_5451710003740070188.dir: [23]
    ------------------------------------------------------
    Total:

G:\SmartCar\Project\CYT2BL3_Brushless_Driver_Project-master\CYT2BL3_Brushless_Driver_Project-master\Seekfree_CYT2BL3_Double_Foc_Project\project\iar\Debug_m4\Obj\smif_427648126384146252.dir: [24]
    ------------------------------------------------------
    Total:

G:\SmartCar\Project\CYT2BL3_Brushless_Driver_Project-master\CYT2BL3_Brushless_Driver_Project-master\Seekfree_CYT2BL3_Double_Foc_Project\project\iar\Debug_m4\Obj\srom_13018798572330080582.dir: [25]
    cy_srom.o                        748      204       24
    ------------------------------------------------------
    Total:                           748      204       24

G:\SmartCar\Project\CYT2BL3_Brushless_Driver_Project-master\CYT2BL3_Brushless_Driver_Project-master\Seekfree_CYT2BL3_Double_Foc_Project\project\iar\Debug_m4\Obj\startup_479057977785470282.dir: [26]
    startup.o                        368        8
    startup_cm4.o                    334               128
    ------------------------------------------------------
    Total:                           702        8      128

G:\SmartCar\Project\CYT2BL3_Brushless_Driver_Project-master\CYT2BL3_Brushless_Driver_Project-master\Seekfree_CYT2BL3_Double_Foc_Project\project\iar\Debug_m4\Obj\sw_timer_4215635015939382130.dir: [27]
    ------------------------------------------------------
    Total:

G:\SmartCar\Project\CYT2BL3_Brushless_Driver_Project-master\CYT2BL3_Brushless_Driver_Project-master\Seekfree_CYT2BL3_Double_Foc_Project\project\iar\Debug_m4\Obj\sysclk_16149231235676103872.dir: [28]
    cy_sysclk.o                    1'656      384       25
    ------------------------------------------------------
    Total:                         1'656      384       25

G:\SmartCar\Project\CYT2BL3_Brushless_Driver_Project-master\CYT2BL3_Brushless_Driver_Project-master\Seekfree_CYT2BL3_Double_Foc_Project\project\iar\Debug_m4\Obj\sysflt_12293435975120599261.dir: [29]
    ------------------------------------------------------
    Total:

G:\SmartCar\Project\CYT2BL3_Brushless_Driver_Project-master\CYT2BL3_Brushless_Driver_Project-master\Seekfree_CYT2BL3_Double_Foc_Project\project\iar\Debug_m4\Obj\sysint_7435970359207984181.dir: [30]
    cy_sysint.o                       92        4
    ------------------------------------------------------
    Total:                            92        4

G:\SmartCar\Project\CYT2BL3_Brushless_Driver_Project-master\CYT2BL3_Brushless_Driver_Project-master\Seekfree_CYT2BL3_Double_Foc_Project\project\iar\Debug_m4\Obj\syslib_16330585751512546975.dir: [31]
    cy_syslib.o                      204               140
    cy_syslib_iar.o                   30
    ------------------------------------------------------
    Total:                           234               140

G:\SmartCar\Project\CYT2BL3_Brushless_Driver_Project-master\CYT2BL3_Brushless_Driver_Project-master\Seekfree_CYT2BL3_Double_Foc_Project\project\iar\Debug_m4\Obj\syspm_10887939769544754770.dir: [32]
    ------------------------------------------------------
    Total:

G:\SmartCar\Project\CYT2BL3_Brushless_Driver_Project-master\CYT2BL3_Brushless_Driver_Project-master\Seekfree_CYT2BL3_Double_Foc_Project\project\iar\Debug_m4\Obj\sysreset_14586141425677365288.dir: [33]
    ------------------------------------------------------
    Total:

G:\SmartCar\Project\CYT2BL3_Brushless_Driver_Project-master\CYT2BL3_Brushless_Driver_Project-master\Seekfree_CYT2BL3_Double_Foc_Project\project\iar\Debug_m4\Obj\sysrtc_10747768817563771611.dir: [34]
    ------------------------------------------------------
    Total:

G:\SmartCar\Project\CYT2BL3_Brushless_Driver_Project-master\CYT2BL3_Brushless_Driver_Project-master\Seekfree_CYT2BL3_Double_Foc_Project\project\iar\Debug_m4\Obj\systick_16016591671695740695.dir: [35]
    ------------------------------------------------------
    Total:

G:\SmartCar\Project\CYT2BL3_Brushless_Driver_Project-master\CYT2BL3_Brushless_Driver_Project-master\Seekfree_CYT2BL3_Double_Foc_Project\project\iar\Debug_m4\Obj\syswdt_9118657615806274156.dir: [36]
    ------------------------------------------------------
    Total:

G:\SmartCar\Project\CYT2BL3_Brushless_Driver_Project-master\CYT2BL3_Brushless_Driver_Project-master\Seekfree_CYT2BL3_Double_Foc_Project\project\iar\Debug_m4\Obj\tcpwm_422923530147891246.dir: [37]
    cy_tcpwm.o                        12
    cy_tcpwm_counter.o               460       20
    cy_tcpwm_pwm.o                   598       28
    ------------------------------------------------------
    Total:                         1'070       48

G:\SmartCar\Project\CYT2BL3_Brushless_Driver_Project-master\CYT2BL3_Brushless_Driver_Project-master\Seekfree_CYT2BL3_Double_Foc_Project\project\iar\Debug_m4\Obj\trigmux_9729677290734583340.dir: [38]
    ------------------------------------------------------
    Total:

G:\SmartCar\Project\CYT2BL3_Brushless_Driver_Project-master\CYT2BL3_Brushless_Driver_Project-master\Seekfree_CYT2BL3_Double_Foc_Project\project\iar\Debug_m4\Obj\user_8514941877209965082.dir: [39]
    cm4_isr.o                        224
    main_cm4.o                       588      104
    ------------------------------------------------------
    Total:                           812      104

G:\SmartCar\Project\CYT2BL3_Brushless_Driver_Project-master\CYT2BL3_Brushless_Driver_Project-master\Seekfree_CYT2BL3_Double_Foc_Project\project\iar\Debug_m4\Obj\zf_common_1201165462030747823.dir: [40]
    zf_common_clock.o                 28                 4
    zf_common_debug.o              1'080      108      112
    zf_common_fifo.o               1'304      176
    zf_common_function.o             100      180
    zf_common_interrupt.o            226                 4
    ------------------------------------------------------
    Total:                         2'738      464      120

G:\SmartCar\Project\CYT2BL3_Brushless_Driver_Project-master\CYT2BL3_Brushless_Driver_Project-master\Seekfree_CYT2BL3_Double_Foc_Project\project\iar\Debug_m4\Obj\zf_components_14936052685886095442.dir: [41]
    ------------------------------------------------------
    Total:

G:\SmartCar\Project\CYT2BL3_Brushless_Driver_Project-master\CYT2BL3_Brushless_Driver_Project-master\Seekfree_CYT2BL3_Double_Foc_Project\project\iar\Debug_m4\Obj\zf_device_6570275422786408770.dir: [42]
    zf_device_key.o                  272      176       24
    zf_device_menc15a.o              288                 8
    ------------------------------------------------------
    Total:                           560      176       32

G:\SmartCar\Project\CYT2BL3_Brushless_Driver_Project-master\CYT2BL3_Brushless_Driver_Project-master\Seekfree_CYT2BL3_Double_Foc_Project\project\iar\Debug_m4\Obj\zf_driver_11922370083829174090.dir: [43]
    zf_driver_adc.o                1'136      173       84
    zf_driver_delay.o                628        1        2
    zf_driver_exti.o                 200
    zf_driver_flash.o                476      176    2'050
    zf_driver_gpio.o                 316
    zf_driver_pit.o                  784        6       60
    zf_driver_pwm.o                1'744      172
    zf_driver_spi.o                2'036      173       24
    zf_driver_timer.o                564                 4
    zf_driver_uart.o               2'148      180      760
    ------------------------------------------------------
    Total:                        10'032      881    2'984

dl7M_tln.a: [44]
    abort.o                            6
    exit.o                             4
    printf.o                          40
    putchar.o                         32
    sprintf.o                         64
    strstr.o                          44
    vsnprint.o                        60
    xfail_s.o                         64                 4
    xprintffull_nomb.o             3'758
    xprout.o                          22
    xsnprout.o                        26
    xsprout.o                         10
    ------------------------------------------------------
    Total:                         4'130                 4

m7M_tls.a: [45]
    DblAddSub.o                      606
    DblCmpGe.o                        52
    DblCmpLe.o                        52
    DblDiv.o                         582
    DblMul.o                         426
    DblToFlt.o                       104
    DblToS32.o                        54
    DblToU32.o                        34
    FltToDbl.o                        72
    S32ToDbl.o                        34
    U32ToDbl.o                        28
    cos_sin32.o                      468
    fpinit_M.o                        34
    frexp.o                          112
    ldexp.o                          314
    round.o                           98
    ------------------------------------------------------
    Total:                         3'070

rt7M_tl.a: [46]
    ABImemclr4.o                       6
    ABImemcpy.o                      166
    ABImemset.o                      102
    ABImemset48.o                     50
    I64DivMod.o                      560
    I64DivZer.o                        2
    cexit.o                           10
    cmain.o                           30
    cstartup_M.o                      28
    data_init.o                       40
    lz77_init_single.o               126
    memchr.o                          88
    strchr.o                          22
    strlen.o                          54
    strncpy.o                        112
    zero_init3.o                      56
    ------------------------------------------------------
    Total:                         1'452

shb_l.a: [47]
    exit.o                            20
    ------------------------------------------------------
    Total:                            20

    Gaps                              44        6       20
    Linker created                             32    8'192
----------------------------------------------------------
    Grand Total:                  55'878   39'474   15'094


*******************************************************************************
*** ENTRY LIST
***

Entry                       Address    Size  Type      Object
-----                       -------    ----  ----      ------
.iar.init_table$$Base   0x1009'6fac           --   Gb  - Linker created -
.iar.init_table$$Limit  0x1009'6fcc           --   Gb  - Linker created -
?main                   0x1009'7031          Code  Gb  cmain.o [46]
BusFault_Handler        0x1009'73a9          Code  Wk  startup_cm4.o [26]
CSTACK$$Base             0x807'e000           --   Gb  - Linker created -
CSTACK$$Limit            0x808'0000           --   Gb  - Linker created -
CopyVectorTable         0x1009'629d    0x34  Code  Lc  startup.o [26]
CpuUserInt0_Handler     0x1009'630b    0x26  Code  Gb  cy_interrupt_map.o [20]
CpuUserInt10_Handler    0x1009'73c5          Code  Wk  startup_cm4.o [26]
CpuUserInt11_Handler    0x1009'73c9          Code  Wk  startup_cm4.o [26]
CpuUserInt12_Handler    0x1009'73cd          Code  Wk  startup_cm4.o [26]
CpuUserInt13_Handler    0x1009'73d1          Code  Wk  startup_cm4.o [26]
CpuUserInt14_Handler    0x1009'73d5          Code  Wk  startup_cm4.o [26]
CpuUserInt15_Handler    0x1009'73d9          Code  Wk  startup_cm4.o [26]
CpuUserInt1_Handler     0x1009'6331    0x26  Code  Gb  cy_interrupt_map.o [20]
CpuUserInt2_Handler     0x1009'6357    0x26  Code  Gb  cy_interrupt_map.o [20]
CpuUserInt3_Handler     0x1009'637d     0xe  Code  Gb  cy_interrupt_map.o [20]
CpuUserInt4_Handler     0x1009'638b     0xe  Code  Gb  cy_interrupt_map.o [20]
CpuUserInt5_Handler     0x1009'6399    0x26  Code  Gb  cy_interrupt_map.o [20]
CpuUserInt6_Handler     0x1009'63bf    0x26  Code  Gb  cy_interrupt_map.o [20]
CpuUserInt7_Handler     0x1009'63e5    0x1e  Code  Gb  cy_interrupt_map.o [20]
CpuUserInt8_Handler     0x1009'73bd          Code  Wk  startup_cm4.o [26]
CpuUserInt9_Handler     0x1009'73c1          Code  Wk  startup_cm4.o [26]
Cy_Adc_Channel_DeInit   0x1009'4713    0x2c  Code  Gb  cy_adc.o [2]
Cy_Adc_Channel_Disable  0x1009'474b     0xc  Code  Gb  cy_adc.o [2]
Cy_Adc_Channel_Enable   0x1009'473f     0xc  Code  Gb  cy_adc.o [2]
Cy_Adc_Channel_Init     0x1009'45b7   0x15c  Code  Gb  cy_adc.o [2]
Cy_Adc_Channel_SetInterruptMask
                        0x1009'4763    0x7c  Code  Gb  cy_adc.o [2]
Cy_Adc_Channel_SoftwareTrigger
                        0x1009'4757     0xc  Code  Gb  cy_adc.o [2]
Cy_Adc_Init             0x1009'4529    0x8e  Code  Gb  cy_adc.o [2]
Cy_DefaultUserHandler   0x1009'6309     0x2  Code  Gb  cy_interrupt_map.o [20]
Cy_FlashHandler         0x1009'4877    0x34  Code  Lc  cy_mw_flash.o [11]
Cy_FlashInit            0x1009'48ab    0x3c  Code  Gb  cy_mw_flash.o [11]
Cy_FlashSectorErase     0x1009'48e7    0x7e  Code  Gb  cy_mw_flash.o [11]
Cy_FlashWriteWork       0x1009'49f1    0xbc  Code  Gb  cy_mw_flash.o [11]
Cy_Flash_BlankCheck     0x1009'5297    0xb4  Code  Gb  cy_flash.o [10]
Cy_Flash_BoundsCheck    0x1009'5145    0x24  Code  Gb  cy_flash.o [10]
Cy_Flash_CallSromApiForFlashWrite
                        0x1009'4f1d    0x6a  Code  Lc  cy_flash.o [10]
Cy_Flash_EraseSector    0x1009'5227    0x70  Code  Gb  cy_flash.o [10]
Cy_Flash_IsWorkSmallSector
                        0x1009'509b    0x40  Code  Gb  cy_flash.o [10]
Cy_Flash_MainBoundsCheck
                        0x1009'50db    0x6a  Code  Gb  cy_flash.o [10]
Cy_Flash_ProcessOpcode  0x1009'5169    0xbe  Code  Gb  cy_flash.o [10]
Cy_Flash_ProgramRow     0x1009'4f87    0xaa  Code  Gb  cy_flash.o [10]
Cy_Flash_WorkBoundsCheck
                        0x1009'5031    0x6a  Code  Gb  cy_flash.o [10]
Cy_Flashc_GetMainBankMode
                        0x1009'4ef9    0x10  Code  Lc  cy_flash.o [10]
Cy_Flashc_GetWorkBankMode
                        0x1009'4ee9    0x10  Code  Lc  cy_flash.o [10]
Cy_Flashc_InvalidateFlashCacheBuffer
                        0x1009'4f09    0x14  Code  Lc  cy_flash.o [10]
Cy_Flashc_InvalidateFlashCacheBuffer
                        0x1009'484b    0x14  Code  Lc  cy_mw_flash.o [11]
Cy_Flashc_MainWriteEnable
                        0x1009'485f     0xc  Code  Lc  cy_mw_flash.o [11]
Cy_Flashc_WorkWriteEnable
                        0x1009'486b     0xc  Code  Lc  cy_mw_flash.o [11]
Cy_GPIO_ClearInterrupt  0x1008'ce0f     0xe  Code  Lc  cy_gpio.o [12]
Cy_GPIO_ClearInterrupt  0x1008'bf49     0xe  Code  Lc  zf_driver_exti.o [43]
Cy_GPIO_Clr             0x1008'b0c1     0xa  Code  Lc  zf_driver_gpio.o [43]
Cy_GPIO_GetInterruptStatusMasked
                        0x1008'bf71     0xa  Code  Lc  zf_driver_exti.o [43]
Cy_GPIO_Inv             0x1008'b0cb     0xa  Code  Lc  zf_driver_gpio.o [43]
Cy_GPIO_Pin_Init        0x1008'ce53    0x74  Code  Gb  cy_gpio.o [12]
Cy_GPIO_Read            0x1008'b0ad     0xa  Code  Lc  zf_driver_gpio.o [43]
Cy_GPIO_Set             0x1008'b0b7     0xa  Code  Lc  zf_driver_gpio.o [43]
Cy_GPIO_Set             0x1008'dd5f     0xa  Code  Lc  zf_driver_uart.o [43]
Cy_GPIO_SetDriveSel     0x1008'cdf1    0x1e  Code  Lc  cy_gpio.o [12]
Cy_GPIO_SetDrivemode    0x1008'cda1    0x1c  Code  Lc  cy_gpio.o [12]
Cy_GPIO_SetHSIOM        0x1008'cd3d    0x4c  Code  Lc  cy_gpio.o [12]
Cy_GPIO_SetInterruptEdge
                        0x1008'ce37    0x1c  Code  Lc  cy_gpio.o [12]
Cy_GPIO_SetInterruptMask
                        0x1008'ce1d    0x1a  Code  Lc  cy_gpio.o [12]
Cy_GPIO_SetInterruptMask
                        0x1008'bf57    0x1a  Code  Lc  zf_driver_exti.o [43]
Cy_GPIO_SetSlewRate     0x1008'cdd7    0x1a  Code  Lc  cy_gpio.o [12]
Cy_GPIO_SetVtrip        0x1008'cdbd    0x1a  Code  Lc  cy_gpio.o [12]
Cy_GPIO_Write           0x1008'cd89    0x18  Code  Lc  cy_gpio.o [12]
Cy_IPC_Drv_AcquireNotify
                        0x1009'53b9     0xc  Code  Lc  cy_ipc_drv.o [13]
Cy_IPC_Drv_ClearInterrupt
                        0x1009'4b2b    0x14  Code  Lc  cy_srom.o [25]
Cy_IPC_Drv_GetInterruptStatusMasked
                        0x1009'4b27     0x4  Code  Lc  cy_srom.o [25]
Cy_IPC_Drv_GetIntrBaseAddr
                        0x1009'4ae1    0x34  Code  Lc  cy_srom.o [25]
Cy_IPC_Drv_IsLockAcquired
                        0x1009'4b3f     0x8  Code  Lc  cy_srom.o [25]
Cy_IPC_Drv_LockAcquire  0x1009'53cd    0x10  Code  Gb  cy_ipc_drv.o [13]
Cy_IPC_Drv_SendMsgWord_2
                        0x1009'53dd    0x34  Code  Gb  cy_ipc_drv.o [13]
Cy_IPC_Drv_SetInterruptMask
                        0x1009'4b15    0x12  Code  Lc  cy_srom.o [25]
Cy_IPC_Drv_WriteData1Value
                        0x1009'53c9     0x4  Code  Lc  cy_ipc_drv.o [13]
Cy_IPC_Drv_WriteDataValue
                        0x1009'53c5     0x4  Code  Lc  cy_ipc_drv.o [13]
Cy_RestoreIRQ           0x1009'6175          Code  Gb  startup_cm4.o [26]
Cy_SCB_ClearRxFifo      0x1009'300b    0x1e  Code  Lc  zf_driver_spi.o [43]
Cy_SCB_ClearRxInterrupt
                        0x1008'ddc1     0xa  Code  Lc  zf_driver_uart.o [43]
Cy_SCB_ClearTxInterrupt
                        0x1008'ddd7     0xa  Code  Lc  zf_driver_uart.o [43]
Cy_SCB_GetNumInRxFifo   0x1009'3001     0xa  Code  Lc  zf_driver_spi.o [43]
Cy_SCB_GetNumInRxFifo   0x1008'dd6f     0xa  Code  Lc  zf_driver_uart.o [43]
Cy_SCB_GetNumInTxFifo   0x1009'302f     0xa  Code  Lc  zf_driver_spi.o [43]
Cy_SCB_GetNumInTxFifo   0x1008'dd7f     0xa  Code  Lc  zf_driver_uart.o [43]
Cy_SCB_GetRxInterruptMask
                        0x1008'ddbb     0x6  Code  Lc  zf_driver_uart.o [43]
Cy_SCB_GetTxInterruptMask
                        0x1008'ddd1     0x6  Code  Lc  zf_driver_uart.o [43]
Cy_SCB_GetTxSrValid     0x1009'3039     0xa  Code  Lc  zf_driver_spi.o [43]
Cy_SCB_GetTxSrValid     0x1008'dd89     0xa  Code  Lc  zf_driver_uart.o [43]
Cy_SCB_IsTxComplete     0x1009'3043    0x22  Code  Lc  zf_driver_spi.o [43]
Cy_SCB_IsTxComplete     0x1008'dd93    0x22  Code  Lc  zf_driver_uart.o [43]
Cy_SCB_ReadRxFifo       0x1008'dd69     0x6  Code  Lc  zf_driver_uart.o [43]
Cy_SCB_SPI_ClearRxFifo  0x1009'3083     0x8  Code  Lc  zf_driver_spi.o [43]
Cy_SCB_SPI_Enable       0x1009'3065     0xa  Code  Lc  zf_driver_spi.o [43]
Cy_SCB_SPI_GetNumInRxFifo
                        0x1009'307b     0x8  Code  Lc  zf_driver_spi.o [43]
Cy_SCB_SPI_Init         0x1009'4339   0x1d8  Code  Gb  cy_scb_spi.o [21]
Cy_SCB_SPI_SetActiveSlaveSelect
                        0x1009'306f     0xc  Code  Lc  zf_driver_spi.o [43]
Cy_SCB_SetRxInterruptMask
                        0x1008'ddb5     0x6  Code  Lc  zf_driver_uart.o [43]
Cy_SCB_SetTxInterruptMask
                        0x1008'ddcb     0x6  Code  Lc  zf_driver_uart.o [43]
Cy_SCB_UART_DeInit      0x1008'efb9    0x5c  Code  Gb  cy_scb_uart.o [21]
Cy_SCB_UART_Enable      0x1008'dde1     0xa  Code  Lc  zf_driver_uart.o [43]
Cy_SCB_UART_Init        0x1008'ed35   0x284  Code  Gb  cy_scb_uart.o [21]
Cy_SCB_WriteTxFifo      0x1009'3029     0x6  Code  Lc  zf_driver_spi.o [43]
Cy_SCB_WriteTxFifo      0x1008'dd79     0x6  Code  Lc  zf_driver_uart.o [43]
Cy_SaveIRQ              0x1009'616d          Code  Gb  startup_cm4.o [26]
Cy_Srom_CallApi         0x1009'4b47    0xb8  Code  Gb  cy_srom.o [25]
Cy_Srom_CallApi_NonBlock
                        0x1009'4bff    0x66  Code  Gb  cy_srom.o [25]
Cy_Srom_ConvertRespToStatus
                        0x1009'4ccb    0x1e  Code  Gb  cy_srom.o [25]
Cy_Srom_GetApiResponse  0x1009'4c95    0x36  Code  Gb  cy_srom.o [25]
Cy_Srom_GetResponseType
                        0x1009'4c65    0x30  Code  Gb  cy_srom.o [25]
Cy_Srom_ISR_ResponseIPC
                        0x1009'4d45    0x58  Code  Lc  cy_srom.o [25]
Cy_Srom_SetResponseHandler
                        0x1009'4ce9    0x5a  Code  Gb  cy_srom.o [25]
Cy_SysClk_CheckDividerExisting
                        0x1008'b3ad    0x34  Code  Lc  pwm_output.o [5]
Cy_SysClk_CheckDividerExisting
                        0x1008'8c65    0x34  Code  Lc  sensorless_control.o [5]
Cy_SysClk_CheckDividerExisting
                        0x1009'3ced    0x34  Code  Lc  zf_driver_adc.o [43]
Cy_SysClk_CheckDividerExisting
[...]
motor_left_sensorless_pwm_output
                        0x1008'9145   0x14e  Code  Gb  sensorless_control.o [5]
motor_left_speed_ref_enable
                         0x802'1a71     0x1  Data  Lc  motor_control.o [5]
motor_left_speed_ref_rpm_cmd
                         0x802'1a24     0x4  Data  Lc  motor_control.o [5]
motor_left_speed_ref_set
                        0x1009'0c85    0x12  Code  Gb  motor_control.o [5]
motor_left_startup_align_calibration
                        0x1009'0cb7    0xbe  Code  Lc  motor_control.o [5]
motor_left_update_isr   0x1009'0d79   0x3a0  Code  Gb  motor_control.o [5]
motor_left_update_isr::left_protect_count
                         0x802'1a28     0x4  Data  Lc  motor_control.o [5]
motor_left_update_isr::left_speed_count
                         0x802'1a72     0x1  Data  Lc  motor_control.o [5]
motor_next_step         0x1008'90c7    0x7e  Code  Gb  sensorless_control.o [5]
motor_right              0x802'10e8   0x244  Data  Gb  motor_control.o [5]
motor_right_channel_set
                        0x1008'bb99    0x68  Code  Gb  pwm_output.o [5]
motor_right_duty_set    0x1008'bb0f    0x8a  Code  Gb  pwm_output.o [5]
motor_right_foc_driver   0x802'1900    0x28  Data  Gb  fast_foc.o [5]
motor_right_hall_callback
                        0x1009'2c93    0xc6  Code  Gb  hall_gather.o [5]
motor_right_hall_callback::right_protect_count
                         0x802'1a20     0x4  Data  Lc  hall_gather.o [5]
motor_right_hall_isr    0x1009'2bdd    0xb6  Code  Gb  hall_gather.o [5]
motor_right_hall_output
                        0x1009'2935   0x120  Code  Gb  hall_gather.o [5]
motor_right_output_init
                        0x1008'b8f9   0x216  Code  Gb  pwm_output.o [5]
motor_right_phase_check
                        0x1008'bc01   0x112  Code  Gb  pwm_output.o [5]
motor_right_sensorless_delay_isr
                        0x1008'9729    0x58  Code  Gb  sensorless_control.o [5]
motor_right_sensorless_delay_output
                        0x1008'9703    0x24  Code  Gb  sensorless_control.o [5]
motor_right_sensorless_pwm_output
                        0x1008'9293   0x152  Code  Gb  sensorless_control.o [5]
motor_right_update_isr  0x1009'112d   0x3e0  Code  Gb  motor_control.o [5]
motor_right_update_isr::right_protect_count
                         0x802'1a2c     0x4  Data  Lc  motor_control.o [5]
motor_right_update_isr::right_speed_count
                         0x802'1a73     0x1  Data  Lc  motor_control.o [5]
motor_sensorless_control_init
                        0x1009'1b65    0x20  Code  Gb  motor_control.o [5]
motor_value              0x802'19a4    0x14  Data  Gb  motor_driver_uart_control.o [5]
motor_voice_output      0x1008'c9d5   0x2f8  Code  Gb  motor_voice.o [5]
motor_zero_calibration  0x1009'1999    0xc8  Code  Gb  motor_control.o [5]
pit0_ch0_isr            0x1008'ea1d     0xa  Code  Gb  cm4_isr.o [39]
pit0_ch10_isr           0x1008'ea3b     0xa  Code  Gb  cm4_isr.o [39]
pit0_ch11_isr           0x1008'ea45     0xa  Code  Gb  cm4_isr.o [39]
pit0_ch12_isr           0x1008'ea4f     0xa  Code  Gb  cm4_isr.o [39]
pit0_ch13_isr           0x1008'ea59     0xa  Code  Gb  cm4_isr.o [39]
pit0_ch14_isr           0x1008'ea63     0xa  Code  Gb  cm4_isr.o [39]
pit0_ch15_isr           0x1008'ea6d     0xa  Code  Gb  cm4_isr.o [39]
pit0_ch16_isr           0x1008'ea77     0xa  Code  Gb  cm4_isr.o [39]
pit0_ch17_isr           0x1008'ea81     0xa  Code  Gb  cm4_isr.o [39]
pit0_ch18_isr           0x1008'ea8b     0xa  Code  Gb  cm4_isr.o [39]
pit0_ch19_isr           0x1008'ea95     0xa  Code  Gb  cm4_isr.o [39]
pit0_ch1_isr            0x1008'ea27     0xa  Code  Gb  cm4_isr.o [39]
pit0_ch20_isr           0x1008'ea9f     0xa  Code  Gb  cm4_isr.o [39]
pit0_ch21_isr           0x1008'eaa9     0xa  Code  Gb  cm4_isr.o [39]
pit0_ch2_isr            0x1008'ea31     0xa  Code  Gb  cm4_isr.o [39]
pit_init                0x1008'd0f1   0x1bc  Code  Gb  zf_driver_pit.o [43]
pit_isr_flag_clear      0x1008'd0c7    0x2a  Code  Gb  zf_driver_pit.o [43]
pit_isr_func             0x802'0628    0x3c  Data  Gb  zf_driver_pit.o [43]
printf                  0x1009'2fc5    0x28  Code  Gb  printf.o [44]
programSizeBytesLut     0x1009'714c    0x14  Data  Lc  cy_flash.o [10]
putchar                 0x1009'6fed    0x20  Code  Gb  putchar.o [44]
pwm_all_channel_close   0x1008'adff    0x1a  Code  Gb  zf_driver_pwm.o [43]
pwm_init                0x1008'aed9   0x1b4  Code  Gb  zf_driver_pwm.o [43]
pwm_set_duty            0x1008'ae19    0xc0  Code  Gb  zf_driver_pwm.o [43]
read_buffer              0x802'16a8    0x80  Data  Gb  motor_driver_uart_control.o [5]
receive_enter_flag       0x802'1a6c     0x2  Data  Gb  motor_driver_uart_control.o [5]
right_mos_close         0x1008'bf31    0x18  Code  Gb  pwm_output.o [5]
right_mos_q1q4_open     0x1008'be89    0x1c  Code  Gb  pwm_output.o [5]
right_mos_q1q6_open     0x1008'bea5    0x1c  Code  Gb  pwm_output.o [5]
right_mos_q3q2_open     0x1008'bec1    0x1c  Code  Gb  pwm_output.o [5]
right_mos_q3q6_open     0x1008'bedd    0x1c  Code  Gb  pwm_output.o [5]
right_mos_q5q2_open     0x1008'bef9    0x1c  Code  Gb  pwm_output.o [5]
right_mos_q5q4_open     0x1008'bf15    0x1c  Code  Gb  pwm_output.o [5]
round                   0x1009'2ed5          Code  Gb  round.o [45]
roundl                  0x1009'2ed5          Code  Gb  round.o [45]
sar_adc                  0x802'061c     0xc  Data  Lc  zf_driver_adc.o [43]
scalbln                 0x1009'07d5          Code  Gb  ldexp.o [45]
scalblnl                0x1009'07d5          Code  Gb  ldexp.o [45]
scalbn                  0x1009'07d5          Code  Gb  ldexp.o [45]
scalbnl                 0x1009'07d5          Code  Gb  ldexp.o [45]
scale                   0x1008'fe29    0x46  Code  Lc  xprintffull_nomb.o [44]
scanner_period           0x802'1a4c     0x4  Data  Lc  zf_device_key.o [42]
scb_module               0x802'0688    0x14  Data  Gb  zf_driver_uart.o [43]
sec_hand                 0x802'1a68     0x4  Data  Lc  xfail_s.o [44]
sensorless_motor_isr    0x1008'9909   0xe28  Code  Gb  sensorless_control.o [5]
sensorless_motor_left_trig_isr
                        0x1008'95f5   0x10e  Code  Gb  sensorless_control.o [5]
sensorless_motor_right_trig_isr
                        0x1008'9781   0x10e  Code  Gb  sensorless_control.o [5]
sensorless_motor_trig_disable
                        0x1008'907d    0x4a  Code  Gb  sensorless_control.o [5]
sensorless_motor_trig_enable
                        0x1008'9033    0x4a  Code  Gb  sensorless_control.o [5]
sensorless_pwm_output_init
                        0x1008'8d79    0xa2  Code  Gb  sensorless_control.o [5]
sensorless_start_check  0x1008'a755    0x18  Code  Gb  sensorless_control.o [5]
sensorless_start_sine   0x1008'8e1b   0x218  Code  Gb  sensorless_control.o [5]
sensorless_start_sine::location_time_use
                         0x802'0610     0x4  Data  Lc  sensorless_control.o [5]
sensorless_start_sine::sine_duty
                         0x802'0618     0x4  Data  Lc  sensorless_control.o [5]
sensorless_start_sine::traction_time_use
                         0x802'0614     0x4  Data  Lc  sensorless_control.o [5]
sensorless_trig_init    0x1008'a76d   0x240  Code  Gb  sensorless_control.o [5]
sinf                    0x1009'3ce9     0x4  Code  Gb  cos_sin32.o [45]
spi_get_clk_hsiom       0x1009'3269    0x28  Code  Lc  zf_driver_spi.o [43]
spi_get_clk_pin         0x1009'31c1    0x28  Code  Lc  zf_driver_spi.o [43]
spi_get_cs_hsiom        0x1009'32e5    0x2c  Code  Lc  zf_driver_spi.o [43]
spi_get_cs_pin          0x1009'323d    0x2c  Code  Lc  zf_driver_spi.o [43]
spi_get_miso_hsiom      0x1009'32b9    0x2c  Code  Lc  zf_driver_spi.o [43]
spi_get_miso_pin        0x1009'3211    0x2c  Code  Lc  zf_driver_spi.o [43]
spi_get_module_clock    0x1009'3311    0x26  Code  Lc  zf_driver_spi.o [43]
spi_get_mosi_hsiom      0x1009'3291    0x28  Code  Lc  zf_driver_spi.o [43]
spi_get_mosi_pin        0x1009'31e9    0x28  Code  Lc  zf_driver_spi.o [43]
spi_init                0x1009'359d   0x242  Code  Gb  zf_driver_spi.o [43]
spi_module               0x802'0664    0x10  Data  Gb  zf_driver_spi.o [43]
spi_read_16bit_register
                        0x1009'34a9    0xe2  Code  Gb  zf_driver_spi.o [43]
sprintf                 0x1008'e4c5    0x40  Code  Gb  sprintf.o [44]
strchr                  0x1009'06b5          Code  Gb  strchr.o [46]
strlen                  0x1008'e48d          Code  Gb  strlen.o [46]
strncpy                 0x1009'4dcd          Code  Gb  strncpy.o [46]
strstr                  0x1009'0bf5    0x2c  Code  Gb  strstr.o [44]
switch_transition_length
                        0x1009'3337   0x15e  Code  Lc  zf_driver_spi.o [43]
switch_transition_length::now_length
                         0x802'1a60     0x4  Data  Lc  zf_driver_spi.o [43]
system_clock             0x802'1a44     0x4  Data  Gb  zf_common_clock.o [40]
system_delay_init       0x1008'db75    0x92  Code  Gb  zf_driver_delay.o [43]
system_delay_ms         0x1008'db17    0x5e  Code  Gb  zf_driver_delay.o [43]
system_delay_us         0x1008'dac1    0x56  Code  Gb  zf_driver_delay.o [43]
timer_ch                 0x802'06a0     0x1  Data  Lc  zf_driver_delay.o [43]
timer_clear             0x1008'c34b    0x16  Code  Gb  zf_driver_timer.o [43]
timer_get               0x1008'c31d    0x2e  Code  Gb  zf_driver_timer.o [43]
timer_init              0x1008'c361    0xa4  Code  Gb  zf_driver_timer.o [43]
timer_start             0x1008'c2f5    0x28  Code  Gb  zf_driver_timer.o [43]
uart0_isr               0x1008'eab3    0x12  Code  Gb  cm4_isr.o [39]
uart1_isr               0x1008'eac5     0xa  Code  Gb  cm4_isr.o [39]
uart2_isr               0x1008'eacf    0x14  Code  Gb  cm4_isr.o [39]
uart3_isr               0x1008'eae9     0xa  Code  Gb  cm4_isr.o [39]
uart4_isr               0x1008'eaf3     0xa  Code  Gb  cm4_isr.o [39]
uart_context             0x802'146c   0x118  Data  Gb  zf_driver_uart.o [43]
uart_data_buffer_interior
                         0x802'132c   0x140  Data  Lc  zf_driver_uart.o [43]
uart_data_fifo_interior
                         0x802'1728    0x78  Data  Lc  zf_driver_uart.o [43]
uart_init               0x1008'e2a5   0x1a8  Code  Gb  zf_driver_uart.o [43]
uart_isr_func            0x802'0674    0x14  Data  Gb  zf_driver_uart.o [43]
uart_isr_function       0x1008'de79    0x38  Code  Gb  zf_driver_uart.o [43]
uart_isr_mask           0x1008'ddeb    0x8e  Code  Gb  zf_driver_uart.o [43]
uart_query_byte         0x1008'e051    0x3a  Code  Gb  zf_driver_uart.o [43]
uart_rx_interrupt       0x1008'e1a7    0xfe  Code  Gb  zf_driver_uart.o [43]
uart_tx_interrupt       0x1008'e08b   0x11c  Code  Gb  zf_driver_uart.o [43]
uart_write_buffer       0x1008'e011    0x1e  Code  Gb  zf_driver_uart.o [43]
uart_write_byte         0x1008'dfe9    0x28  Code  Gb  zf_driver_uart.o [43]
uart_write_string       0x1008'e02f    0x22  Code  Gb  zf_driver_uart.o [43]
voice_data              0x1008'49a4  0x42c0  Data  Gb  motor_voice.o [5]
vsnprintf               0x1009'1f91    0x3c  Code  Gb  vsnprint.o [44]
zf_debug_assert_enable   0x802'069e     0x1  Data  Lc  zf_common_debug.o [40]
zf_debug_init_flag       0x802'1a74     0x1  Data  Lc  zf_common_debug.o [40]


[1] = G:\SmartCar\Project\CYT2BL3_Brushless_Driver_Project-master\CYT2BL3_Brushless_Driver_Project-master\Seekfree_CYT2BL3_Double_Foc_Project\project\iar\Debug_m4\Obj\Foc_11601868574911838443.dir
[2] = G:\SmartCar\Project\CYT2BL3_Brushless_Driver_Project-master\CYT2BL3_Brushless_Driver_Project-master\Seekfree_CYT2BL3_Double_Foc_Project\project\iar\Debug_m4\Obj\adc_11722776235721520015.dir
[3] = G:\SmartCar\Project\CYT2BL3_Brushless_Driver_Project-master\CYT2BL3_Brushless_Driver_Project-master\Seekfree_CYT2BL3_Double_Foc_Project\project\iar\Debug_m4\Obj\button_4990804375159372270.dir
[4] = G:\SmartCar\Project\CYT2BL3_Brushless_Driver_Project-master\CYT2BL3_Brushless_Driver_Project-master\Seekfree_CYT2BL3_Double_Foc_Project\project\iar\Debug_m4\Obj\canfd_1800690984773873875.dir
[5] = G:\SmartCar\Project\CYT2BL3_Brushless_Driver_Project-master\CYT2BL3_Brushless_Driver_Project-master\Seekfree_CYT2BL3_Double_Foc_Project\project\iar\Debug_m4\Obj\code_17896468042025673432.dir
[6] = G:\SmartCar\Project\CYT2BL3_Brushless_Driver_Project-master\CYT2BL3_Brushless_Driver_Project-master\Seekfree_CYT2BL3_Double_Foc_Project\project\iar\Debug_m4\Obj\cpu_15938736945165268644.dir
[7] = G:\SmartCar\Project\CYT2BL3_Brushless_Driver_Project-master\CYT2BL3_Brushless_Driver_Project-master\Seekfree_CYT2BL3_Double_Foc_Project\project\iar\Debug_m4\Obj\crypto_1190170608956581615.dir
[8] = G:\SmartCar\Project\CYT2BL3_Brushless_Driver_Project-master\CYT2BL3_Brushless_Driver_Project-master\Seekfree_CYT2BL3_Double_Foc_Project\project\iar\Debug_m4\Obj\dma_12106025507578611576.dir
[9] = G:\SmartCar\Project\CYT2BL3_Brushless_Driver_Project-master\CYT2BL3_Brushless_Driver_Project-master\Seekfree_CYT2BL3_Double_Foc_Project\project\iar\Debug_m4\Obj\evtgen_3404189088603873129.dir
[10] = G:\SmartCar\Project\CYT2BL3_Brushless_Driver_Project-master\CYT2BL3_Brushless_Driver_Project-master\Seekfree_CYT2BL3_Double_Foc_Project\project\iar\Debug_m4\Obj\flash_8529866181315662935.dir
[11] = G:\SmartCar\Project\CYT2BL3_Brushless_Driver_Project-master\CYT2BL3_Brushless_Driver_Project-master\Seekfree_CYT2BL3_Double_Foc_Project\project\iar\Debug_m4\Obj\flash_864493325053435817.dir
[12] = G:\SmartCar\Project\CYT2BL3_Brushless_Driver_Project-master\CYT2BL3_Brushless_Driver_Project-master\Seekfree_CYT2BL3_Double_Foc_Project\project\iar\Debug_m4\Obj\gpio_3999404635324069351.dir
[13] = G:\SmartCar\Project\CYT2BL3_Brushless_Driver_Project-master\CYT2BL3_Brushless_Driver_Project-master\Seekfree_CYT2BL3_Double_Foc_Project\project\iar\Debug_m4\Obj\ipc_10145506163450686023.dir
[14] = G:\SmartCar\Project\CYT2BL3_Brushless_Driver_Project-master\CYT2BL3_Brushless_Driver_Project-master\Seekfree_CYT2BL3_Double_Foc_Project\project\iar\Debug_m4\Obj\lin_18429031207028094880.dir
[15] = G:\SmartCar\Project\CYT2BL3_Brushless_Driver_Project-master\CYT2BL3_Brushless_Driver_Project-master\Seekfree_CYT2BL3_Double_Foc_Project\project\iar\Debug_m4\Obj\lvd_6353935867039560245.dir
[16] = G:\SmartCar\Project\CYT2BL3_Brushless_Driver_Project-master\CYT2BL3_Brushless_Driver_Project-master\Seekfree_CYT2BL3_Double_Foc_Project\project\iar\Debug_m4\Obj\mcwdt_4052485907822033969.dir
[17] = G:\SmartCar\Project\CYT2BL3_Brushless_Driver_Project-master\CYT2BL3_Brushless_Driver_Project-master\Seekfree_CYT2BL3_Double_Foc_Project\project\iar\Debug_m4\Obj\mpu_5663187252346826382.dir
[18] = G:\SmartCar\Project\CYT2BL3_Brushless_Driver_Project-master\CYT2BL3_Brushless_Driver_Project-master\Seekfree_CYT2BL3_Double_Foc_Project\project\iar\Debug_m4\Obj\prot_10722960861768657883.dir
[19] = G:\SmartCar\Project\CYT2BL3_Brushless_Driver_Project-master\CYT2BL3_Brushless_Driver_Project-master\Seekfree_CYT2BL3_Double_Foc_Project\project\iar\Debug_m4\Obj\rev_b_4986922561640112550.dir
[20] = G:\SmartCar\Project\CYT2BL3_Brushless_Driver_Project-master\CYT2BL3_Brushless_Driver_Project-master\Seekfree_CYT2BL3_Double_Foc_Project\project\iar\Debug_m4\Obj\rev_b_6162237342861132223.dir
[21] = G:\SmartCar\Project\CYT2BL3_Brushless_Driver_Project-master\CYT2BL3_Brushless_Driver_Project-master\Seekfree_CYT2BL3_Double_Foc_Project\project\iar\Debug_m4\Obj\scb_15490842639181808494.dir
[22] = G:\SmartCar\Project\CYT2BL3_Brushless_Driver_Project-master\CYT2BL3_Brushless_Driver_Project-master\Seekfree_CYT2BL3_Double_Foc_Project\project\iar\Debug_m4\Obj\semihosting_143864889731838620.dir
[23] = G:\SmartCar\Project\CYT2BL3_Brushless_Driver_Project-master\CYT2BL3_Brushless_Driver_Project-master\Seekfree_CYT2BL3_Double_Foc_Project\project\iar\Debug_m4\Obj\smartio_5451710003740070188.dir
[24] = G:\SmartCar\Project\CYT2BL3_Brushless_Driver_Project-master\CYT2BL3_Brushless_Driver_Project-master\Seekfree_CYT2BL3_Double_Foc_Project\project\iar\Debug_m4\Obj\smif_427648126384146252.dir
[25] = G:\SmartCar\Project\CYT2BL3_Brushless_Driver_Project-master\CYT2BL3_Brushless_Driver_Project-master\Seekfree_CYT2BL3_Double_Foc_Project\project\iar\Debug_m4\Obj\srom_13018798572330080582.dir
[26] = G:\SmartCar\Project\CYT2BL3_Brushless_Driver_Project-master\CYT2BL3_Brushless_Driver_Project-master\Seekfree_CYT2BL3_Double_Foc_Project\project\iar\Debug_m4\Obj\startup_479057977785470282.dir
[27] = G:\SmartCar\Project\CYT2BL3_Brushless_Driver_Project-master\CYT2BL3_Brushless_Driver_Project-master\Seekfree_CYT2BL3_Double_Foc_Project\project\iar\Debug_m4\Obj\sw_timer_4215635015939382130.dir
[28] = G:\SmartCar\Project\CYT2BL3_Brushless_Driver_Project-master\CYT2BL3_Brushless_Driver_Project-master\Seekfree_CYT2BL3_Double_Foc_Project\project\iar\Debug_m4\Obj\sysclk_16149231235676103872.dir
[29] = G:\SmartCar\Project\CYT2BL3_Brushless_Driver_Project-master\CYT2BL3_Brushless_Driver_Project-master\Seekfree_CYT2BL3_Double_Foc_Project\project\iar\Debug_m4\Obj\sysflt_12293435975120599261.dir
[30] = G:\SmartCar\Project\CYT2BL3_Brushless_Driver_Project-master\CYT2BL3_Brushless_Driver_Project-master\Seekfree_CYT2BL3_Double_Foc_Project\project\iar\Debug_m4\Obj\sysint_7435970359207984181.dir
[31] = G:\SmartCar\Project\CYT2BL3_Brushless_Driver_Project-master\CYT2BL3_Brushless_Driver_Project-master\Seekfree_CYT2BL3_Double_Foc_Project\project\iar\Debug_m4\Obj\syslib_16330585751512546975.dir
[32] = G:\SmartCar\Project\CYT2BL3_Brushless_Driver_Project-master\CYT2BL3_Brushless_Driver_Project-master\Seekfree_CYT2BL3_Double_Foc_Project\project\iar\Debug_m4\Obj\syspm_10887939769544754770.dir
[33] = G:\SmartCar\Project\CYT2BL3_Brushless_Driver_Project-master\CYT2BL3_Brushless_Driver_Project-master\Seekfree_CYT2BL3_Double_Foc_Project\project\iar\Debug_m4\Obj\sysreset_14586141425677365288.dir
[34] = G:\SmartCar\Project\CYT2BL3_Brushless_Driver_Project-master\CYT2BL3_Brushless_Driver_Project-master\Seekfree_CYT2BL3_Double_Foc_Project\project\iar\Debug_m4\Obj\sysrtc_10747768817563771611.dir
[35] = G:\SmartCar\Project\CYT2BL3_Brushless_Driver_Project-master\CYT2BL3_Brushless_Driver_Project-master\Seekfree_CYT2BL3_Double_Foc_Project\project\iar\Debug_m4\Obj\systick_16016591671695740695.dir
[36] = G:\SmartCar\Project\CYT2BL3_Brushless_Driver_Project-master\CYT2BL3_Brushless_Driver_Project-master\Seekfree_CYT2BL3_Double_Foc_Project\project\iar\Debug_m4\Obj\syswdt_9118657615806274156.dir
[37] = G:\SmartCar\Project\CYT2BL3_Brushless_Driver_Project-master\CYT2BL3_Brushless_Driver_Project-master\Seekfree_CYT2BL3_Double_Foc_Project\project\iar\Debug_m4\Obj\tcpwm_422923530147891246.dir
[38] = G:\SmartCar\Project\CYT2BL3_Brushless_Driver_Project-master\CYT2BL3_Brushless_Driver_Project-master\Seekfree_CYT2BL3_Double_Foc_Project\project\iar\Debug_m4\Obj\trigmux_9729677290734583340.dir
[39] = G:\SmartCar\Project\CYT2BL3_Brushless_Driver_Project-master\CYT2BL3_Brushless_Driver_Project-master\Seekfree_CYT2BL3_Double_Foc_Project\project\iar\Debug_m4\Obj\user_8514941877209965082.dir
[40] = G:\SmartCar\Project\CYT2BL3_Brushless_Driver_Project-master\CYT2BL3_Brushless_Driver_Project-master\Seekfree_CYT2BL3_Double_Foc_Project\project\iar\Debug_m4\Obj\zf_common_1201165462030747823.dir
[41] = G:\SmartCar\Project\CYT2BL3_Brushless_Driver_Project-master\CYT2BL3_Brushless_Driver_Project-master\Seekfree_CYT2BL3_Double_Foc_Project\project\iar\Debug_m4\Obj\zf_components_14936052685886095442.dir
[42] = G:\SmartCar\Project\CYT2BL3_Brushless_Driver_Project-master\CYT2BL3_Brushless_Driver_Project-master\Seekfree_CYT2BL3_Double_Foc_Project\project\iar\Debug_m4\Obj\zf_device_6570275422786408770.dir
[43] = G:\SmartCar\Project\CYT2BL3_Brushless_Driver_Project-master\CYT2BL3_Brushless_Driver_Project-master\Seekfree_CYT2BL3_Double_Foc_Project\project\iar\Debug_m4\Obj\zf_driver_11922370083829174090.dir
[44] = dl7M_tln.a
[45] = m7M_tls.a
[46] = rt7M_tl.a
[47] = shb_l.a
[48] = zf_device_config.a

  55'878 bytes of readonly  code memory
  39'474 bytes of readonly  data memory
  15'094 bytes of readwrite data memory

Errors: none
Warnings: none
