###############################################################################
#
# IAR ELF Linker V9.40.1.364/W64 for ARM                  16/Apr/2026  13:27:20
# Copyright 2007-2023 IAR Systems AB.
#
#    Output file  =
#        G:\SmartCar\Project\CYT2BL3_Victor_foc\Seekfree_CYT2BL3_Double_Foc_Project\project\iar\Debug_m4\Exe\cyt2bl3.out
#    Map file     =
#        G:\SmartCar\Project\CYT2BL3_Victor_foc\Seekfree_CYT2BL3_Double_Foc_Project\project\iar\Debug_m4\List\cyt2bl3.map
#    Command line =
#        -f
#        G:\SmartCar\Project\CYT2BL3_Victor_foc\Seekfree_CYT2BL3_Double_Foc_Project\project\iar\Debug_m4\Exe\cyt2bl3.out.rsp
#        (G:\SmartCar\Project\CYT2BL3_Victor_foc\Seekfree_CYT2BL3_Double_Foc_Project\project\iar\Debug_m4\Obj\user_8514941877209965082.dir\cm4_isr.o
#        G:\SmartCar\Project\CYT2BL3_Victor_foc\Seekfree_CYT2BL3_Double_Foc_Project\project\iar\Debug_m4\Obj\adc_11722776235721520015.dir\cy_adc.o
#        G:\SmartCar\Project\CYT2BL3_Victor_foc\Seekfree_CYT2BL3_Double_Foc_Project\project\iar\Debug_m4\Obj\button_4990804375159372270.dir\cy_button.o
#        G:\SmartCar\Project\CYT2BL3_Victor_foc\Seekfree_CYT2BL3_Double_Foc_Project\project\iar\Debug_m4\Obj\canfd_1800690984773873875.dir\cy_canfd.o
#        G:\SmartCar\Project\CYT2BL3_Victor_foc\Seekfree_CYT2BL3_Double_Foc_Project\project\iar\Debug_m4\Obj\cpu_15938736945165268644.dir\cy_cpu.o
#        G:\SmartCar\Project\CYT2BL3_Victor_foc\Seekfree_CYT2BL3_Double_Foc_Project\project\iar\Debug_m4\Obj\crypto_1190170608956581615.dir\cy_crypto_config.o
#        G:\SmartCar\Project\CYT2BL3_Victor_foc\Seekfree_CYT2BL3_Double_Foc_Project\project\iar\Debug_m4\Obj\evtgen_3404189088603873129.dir\cy_evtgen.o
#        G:\SmartCar\Project\CYT2BL3_Victor_foc\Seekfree_CYT2BL3_Double_Foc_Project\project\iar\Debug_m4\Obj\flash_8529866181315662935.dir\cy_flash.o
#        G:\SmartCar\Project\CYT2BL3_Victor_foc\Seekfree_CYT2BL3_Double_Foc_Project\project\iar\Debug_m4\Obj\gpio_3999404635324069351.dir\cy_gpio.o
#        G:\SmartCar\Project\CYT2BL3_Victor_foc\Seekfree_CYT2BL3_Double_Foc_Project\project\iar\Debug_m4\Obj\rev_b_6162237342861132223.dir\cy_interrupt_map.o
#        G:\SmartCar\Project\CYT2BL3_Victor_foc\Seekfree_CYT2BL3_Double_Foc_Project\project\iar\Debug_m4\Obj\ipc_10145506163450686023.dir\cy_ipc_drv.o
#        G:\SmartCar\Project\CYT2BL3_Victor_foc\Seekfree_CYT2BL3_Double_Foc_Project\project\iar\Debug_m4\Obj\ipc_10145506163450686023.dir\cy_ipc_pipe.o
#        G:\SmartCar\Project\CYT2BL3_Victor_foc\Seekfree_CYT2BL3_Double_Foc_Project\project\iar\Debug_m4\Obj\ipc_10145506163450686023.dir\cy_ipc_sema.o
#        G:\SmartCar\Project\CYT2BL3_Victor_foc\Seekfree_CYT2BL3_Double_Foc_Project\project\iar\Debug_m4\Obj\lin_18429031207028094880.dir\cy_lin.o
#        G:\SmartCar\Project\CYT2BL3_Victor_foc\Seekfree_CYT2BL3_Double_Foc_Project\project\iar\Debug_m4\Obj\lvd_6353935867039560245.dir\cy_lvd.o
#        G:\SmartCar\Project\CYT2BL3_Victor_foc\Seekfree_CYT2BL3_Double_Foc_Project\project\iar\Debug_m4\Obj\mcwdt_4052485907822033969.dir\cy_mcwdt.o
#        G:\SmartCar\Project\CYT2BL3_Victor_foc\Seekfree_CYT2BL3_Double_Foc_Project\project\iar\Debug_m4\Obj\dma_12106025507578611576.dir\cy_mdma.o
#        G:\SmartCar\Project\CYT2BL3_Victor_foc\Seekfree_CYT2BL3_Double_Foc_Project\project\iar\Debug_m4\Obj\mpu_5663187252346826382.dir\cy_mpu.o
#        G:\SmartCar\Project\CYT2BL3_Victor_foc\Seekfree_CYT2BL3_Double_Foc_Project\project\iar\Debug_m4\Obj\flash_864493325053435817.dir\cy_mw_flash.o
#        G:\SmartCar\Project\CYT2BL3_Victor_foc\Seekfree_CYT2BL3_Double_Foc_Project\project\iar\Debug_m4\Obj\dma_12106025507578611576.dir\cy_pdma.o
#        G:\SmartCar\Project\CYT2BL3_Victor_foc\Seekfree_CYT2BL3_Double_Foc_Project\project\iar\Debug_m4\Obj\prot_10722960861768657883.dir\cy_prot.o
#        G:\SmartCar\Project\CYT2BL3_Victor_foc\Seekfree_CYT2BL3_Double_Foc_Project\project\iar\Debug_m4\Obj\scb_15490842639181808494.dir\cy_scb_common.o
#        G:\SmartCar\Project\CYT2BL3_Victor_foc\Seekfree_CYT2BL3_Double_Foc_Project\project\iar\Debug_m4\Obj\scb_15490842639181808494.dir\cy_scb_ezi2c.o
#        G:\SmartCar\Project\CYT2BL3_Victor_foc\Seekfree_CYT2BL3_Double_Foc_Project\project\iar\Debug_m4\Obj\scb_15490842639181808494.dir\cy_scb_i2c.o
#        G:\SmartCar\Project\CYT2BL3_Victor_foc\Seekfree_CYT2BL3_Double_Foc_Project\project\iar\Debug_m4\Obj\scb_15490842639181808494.dir\cy_scb_spi.o
#        G:\SmartCar\Project\CYT2BL3_Victor_foc\Seekfree_CYT2BL3_Double_Foc_Project\project\iar\Debug_m4\Obj\scb_15490842639181808494.dir\cy_scb_uart.o
#        G:\SmartCar\Project\CYT2BL3_Victor_foc\Seekfree_CYT2BL3_Double_Foc_Project\project\iar\Debug_m4\Obj\semihosting_143864889731838620.dir\cy_semihosting.o
#        G:\SmartCar\Project\CYT2BL3_Victor_foc\Seekfree_CYT2BL3_Double_Foc_Project\project\iar\Debug_m4\Obj\smartio_5451710003740070188.dir\cy_smartio.o
#        G:\SmartCar\Project\CYT2BL3_Victor_foc\Seekfree_CYT2BL3_Double_Foc_Project\project\iar\Debug_m4\Obj\smif_427648126384146252.dir\cy_smif.o
#        G:\SmartCar\Project\CYT2BL3_Victor_foc\Seekfree_CYT2BL3_Double_Foc_Project\project\iar\Debug_m4\Obj\smif_427648126384146252.dir\cy_smif_memslot.o
#        G:\SmartCar\Project\CYT2BL3_Victor_foc\Seekfree_CYT2BL3_Double_Foc_Project\project\iar\Debug_m4\Obj\smif_427648126384146252.dir\cy_smif_ver_specific.o
#        G:\SmartCar\Project\CYT2BL3_Victor_foc\Seekfree_CYT2BL3_Double_Foc_Project\project\iar\Debug_m4\Obj\srom_13018798572330080582.dir\cy_srom.o
#        G:\SmartCar\Project\CYT2BL3_Victor_foc\Seekfree_CYT2BL3_Double_Foc_Project\project\iar\Debug_m4\Obj\sw_timer_4215635015939382130.dir\cy_sw_tmr.o
#        G:\SmartCar\Project\CYT2BL3_Victor_foc\Seekfree_CYT2BL3_Double_Foc_Project\project\iar\Debug_m4\Obj\sysclk_16149231235676103872.dir\cy_sysclk.o
#        G:\SmartCar\Project\CYT2BL3_Victor_foc\Seekfree_CYT2BL3_Double_Foc_Project\project\iar\Debug_m4\Obj\sysflt_12293435975120599261.dir\cy_sysflt.o
#        G:\SmartCar\Project\CYT2BL3_Victor_foc\Seekfree_CYT2BL3_Double_Foc_Project\project\iar\Debug_m4\Obj\sysint_7435970359207984181.dir\cy_sysint.o
#        G:\SmartCar\Project\CYT2BL3_Victor_foc\Seekfree_CYT2BL3_Double_Foc_Project\project\iar\Debug_m4\Obj\syslib_16330585751512546975.dir\cy_syslib.o
#        G:\SmartCar\Project\CYT2BL3_Victor_foc\Seekfree_CYT2BL3_Double_Foc_Project\project\iar\Debug_m4\Obj\syslib_16330585751512546975.dir\cy_syslib_iar.o
#        G:\SmartCar\Project\CYT2BL3_Victor_foc\Seekfree_CYT2BL3_Double_Foc_Project\project\iar\Debug_m4\Obj\syspm_10887939769544754770.dir\cy_syspm.o
#        G:\SmartCar\Project\CYT2BL3_Victor_foc\Seekfree_CYT2BL3_Double_Foc_Project\project\iar\Debug_m4\Obj\sysreset_14586141425677365288.dir\cy_sysreset.o
#        G:\SmartCar\Project\CYT2BL3_Victor_foc\Seekfree_CYT2BL3_Double_Foc_Project\project\iar\Debug_m4\Obj\sysrtc_10747768817563771611.dir\cy_sysrtc.o
#        G:\SmartCar\Project\CYT2BL3_Victor_foc\Seekfree_CYT2BL3_Double_Foc_Project\project\iar\Debug_m4\Obj\systick_16016591671695740695.dir\cy_systick.o
#        G:\SmartCar\Project\CYT2BL3_Victor_foc\Seekfree_CYT2BL3_Double_Foc_Project\project\iar\Debug_m4\Obj\syswdt_9118657615806274156.dir\cy_syswdt.o
#        G:\SmartCar\Project\CYT2BL3_Victor_foc\Seekfree_CYT2BL3_Double_Foc_Project\project\iar\Debug_m4\Obj\tcpwm_422923530147891246.dir\cy_tcpwm.o
#        G:\SmartCar\Project\CYT2BL3_Victor_foc\Seekfree_CYT2BL3_Double_Foc_Project\project\iar\Debug_m4\Obj\tcpwm_422923530147891246.dir\cy_tcpwm_counter.o
#        G:\SmartCar\Project\CYT2BL3_Victor_foc\Seekfree_CYT2BL3_Double_Foc_Project\project\iar\Debug_m4\Obj\tcpwm_422923530147891246.dir\cy_tcpwm_pwm.o
#        G:\SmartCar\Project\CYT2BL3_Victor_foc\Seekfree_CYT2BL3_Double_Foc_Project\project\iar\Debug_m4\Obj\tcpwm_422923530147891246.dir\cy_tcpwm_quaddec.o
#        G:\SmartCar\Project\CYT2BL3_Victor_foc\Seekfree_CYT2BL3_Double_Foc_Project\project\iar\Debug_m4\Obj\tcpwm_422923530147891246.dir\cy_tcpwm_sr.o
#        G:\SmartCar\Project\CYT2BL3_Victor_foc\Seekfree_CYT2BL3_Double_Foc_Project\project\iar\Debug_m4\Obj\trigmux_9729677290734583340.dir\cy_trigmux.o
#        G:\SmartCar\Project\CYT2BL3_Victor_foc\Seekfree_CYT2BL3_Double_Foc_Project\project\iar\Debug_m4\Obj\code_17896468042025673432.dir\driver_adc.o
#        G:\SmartCar\Project\CYT2BL3_Victor_foc\Seekfree_CYT2BL3_Double_Foc_Project\project\iar\Debug_m4\Obj\code_17896468042025673432.dir\driver_gpio.o
#        G:\SmartCar\Project\CYT2BL3_Victor_foc\Seekfree_CYT2BL3_Double_Foc_Project\project\iar\Debug_m4\Obj\code_17896468042025673432.dir\fast_foc.o
#        G:\SmartCar\Project\CYT2BL3_Victor_foc\Seekfree_CYT2BL3_Double_Foc_Project\project\iar\Debug_m4\Obj\Foc_11601868574911838443.dir\foc_adc.o
#        G:\SmartCar\Project\CYT2BL3_Victor_foc\Seekfree_CYT2BL3_Double_Foc_Project\project\iar\Debug_m4\Obj\Foc_11601868574911838443.dir\foc_controller.o
#        G:\SmartCar\Project\CYT2BL3_Victor_foc\Seekfree_CYT2BL3_Double_Foc_Project\project\iar\Debug_m4\Obj\Foc_11601868574911838443.dir\foc_debug_log.o
#        G:\SmartCar\Project\CYT2BL3_Victor_foc\Seekfree_CYT2BL3_Double_Foc_Project\project\iar\Debug_m4\Obj\Foc_11601868574911838443.dir\foc_svpwm.o
#        G:\SmartCar\Project\CYT2BL3_Victor_foc\Seekfree_CYT2BL3_Double_Foc_Project\project\iar\Debug_m4\Obj\code_17896468042025673432.dir\hall_gather.o
#        G:\SmartCar\Project\CYT2BL3_Victor_foc\Seekfree_CYT2BL3_Double_Foc_Project\project\iar\Debug_m4\Obj\user_8514941877209965082.dir\main_cm4.o
#        G:\SmartCar\Project\CYT2BL3_Victor_foc\Seekfree_CYT2BL3_Double_Foc_Project\project\iar\Debug_m4\Obj\code_17896468042025673432.dir\motor_control.o
#        G:\SmartCar\Project\CYT2BL3_Victor_foc\Seekfree_CYT2BL3_Double_Foc_Project\project\iar\Debug_m4\Obj\code_17896468042025673432.dir\motor_driver_uart_control.o
#        G:\SmartCar\Project\CYT2BL3_Victor_foc\Seekfree_CYT2BL3_Double_Foc_Project\project\iar\Debug_m4\Obj\code_17896468042025673432.dir\motor_flash.o
#        G:\SmartCar\Project\CYT2BL3_Victor_foc\Seekfree_CYT2BL3_Double_Foc_Project\project\iar\Debug_m4\Obj\code_17896468042025673432.dir\motor_voice.o
#        G:\SmartCar\Project\CYT2BL3_Victor_foc\Seekfree_CYT2BL3_Double_Foc_Project\project\iar\Debug_m4\Obj\code_17896468042025673432.dir\pwm_output.o
#        G:\SmartCar\Project\CYT2BL3_Victor_foc\Seekfree_CYT2BL3_Double_Foc_Project\project\iar\Debug_m4\Obj\zf_components_14936052685886095442.dir\seekfree_assistant.o
#        G:\SmartCar\Project\CYT2BL3_Victor_foc\Seekfree_CYT2BL3_Double_Foc_Project\project\iar\Debug_m4\Obj\zf_components_14936052685886095442.dir\seekfree_assistant_interface.o
#        G:\SmartCar\Project\CYT2BL3_Victor_foc\Seekfree_CYT2BL3_Double_Foc_Project\project\iar\Debug_m4\Obj\code_17896468042025673432.dir\sensorless_control.o
#        G:\SmartCar\Project\CYT2BL3_Victor_foc\Seekfree_CYT2BL3_Double_Foc_Project\project\iar\Debug_m4\Obj\startup_479057977785470282.dir\startup.o
#        G:\SmartCar\Project\CYT2BL3_Victor_foc\Seekfree_CYT2BL3_Double_Foc_Project\project\iar\Debug_m4\Obj\startup_479057977785470282.dir\startup_cm4.o
#        G:\SmartCar\Project\CYT2BL3_Victor_foc\Seekfree_CYT2BL3_Double_Foc_Project\project\iar\Debug_m4\Obj\rev_b_4986922561640112550.dir\system_tviibe4m_cm4.o
#        G:\SmartCar\Project\CYT2BL3_Victor_foc\Seekfree_CYT2BL3_Double_Foc_Project\project\iar\Debug_m4\Obj\code_17896468042025673432.dir\user_pwm_in.o
#        G:\SmartCar\Project\CYT2BL3_Victor_foc\Seekfree_CYT2BL3_Double_Foc_Project\project\iar\Debug_m4\Obj\zf_common_1201165462030747823.dir\zf_common_clock.o
#        G:\SmartCar\Project\CYT2BL3_Victor_foc\Seekfree_CYT2BL3_Double_Foc_Project\project\iar\Debug_m4\Obj\zf_common_1201165462030747823.dir\zf_common_debug.o
#        G:\SmartCar\Project\CYT2BL3_Victor_foc\Seekfree_CYT2BL3_Double_Foc_Project\project\iar\Debug_m4\Obj\zf_common_1201165462030747823.dir\zf_common_fifo.o
#        G:\SmartCar\Project\CYT2BL3_Victor_foc\Seekfree_CYT2BL3_Double_Foc_Project\project\iar\Debug_m4\Obj\zf_common_1201165462030747823.dir\zf_common_font.o
#        G:\SmartCar\Project\CYT2BL3_Victor_foc\Seekfree_CYT2BL3_Double_Foc_Project\project\iar\Debug_m4\Obj\zf_common_1201165462030747823.dir\zf_common_function.o
#        G:\SmartCar\Project\CYT2BL3_Victor_foc\Seekfree_CYT2BL3_Double_Foc_Project\project\iar\Debug_m4\Obj\zf_common_1201165462030747823.dir\zf_common_interrupt.o
#        G:\SmartCar\Project\CYT2BL3_Victor_foc\Seekfree_CYT2BL3_Double_Foc_Project\project\iar\Debug_m4\Obj\zf_device_6570275422786408770.dir\zf_device_absolute_encoder.o
#        G:\SmartCar\Project\CYT2BL3_Victor_foc\Seekfree_CYT2BL3_Double_Foc_Project\project\iar\Debug_m4\Obj\zf_device_6570275422786408770.dir\zf_device_ble6a20.o
#        G:\SmartCar\Project\CYT2BL3_Victor_foc\Seekfree_CYT2BL3_Double_Foc_Project\project\iar\Debug_m4\Obj\zf_device_6570275422786408770.dir\zf_device_bluetooth_ch9141.o
#        G:\SmartCar\Project\CYT2BL3_Victor_foc\Seekfree_CYT2BL3_Double_Foc_Project\project\iar\Debug_m4\Obj\zf_device_6570275422786408770.dir\zf_device_dl1a.o
#        G:\SmartCar\Project\CYT2BL3_Victor_foc\Seekfree_CYT2BL3_Double_Foc_Project\project\iar\Debug_m4\Obj\zf_device_6570275422786408770.dir\zf_device_dl1b.o
#        G:\SmartCar\Project\CYT2BL3_Victor_foc\Seekfree_CYT2BL3_Double_Foc_Project\project\iar\Debug_m4\Obj\zf_device_6570275422786408770.dir\zf_device_gnss.o
#        G:\SmartCar\Project\CYT2BL3_Victor_foc\Seekfree_CYT2BL3_Double_Foc_Project\project\iar\Debug_m4\Obj\zf_device_6570275422786408770.dir\zf_device_icm20602.o
#        G:\SmartCar\Project\CYT2BL3_Victor_foc\Seekfree_CYT2BL3_Double_Foc_Project\project\iar\Debug_m4\Obj\zf_device_6570275422786408770.dir\zf_device_imu660ra.o
#        G:\SmartCar\Project\CYT2BL3_Victor_foc\Seekfree_CYT2BL3_Double_Foc_Project\project\iar\Debug_m4\Obj\zf_device_6570275422786408770.dir\zf_device_imu963ra.o
#        G:\SmartCar\Project\CYT2BL3_Victor_foc\Seekfree_CYT2BL3_Double_Foc_Project\project\iar\Debug_m4\Obj\zf_device_6570275422786408770.dir\zf_device_ips114.o
#        G:\SmartCar\Project\CYT2BL3_Victor_foc\Seekfree_CYT2BL3_Double_Foc_Project\project\iar\Debug_m4\Obj\zf_device_6570275422786408770.dir\zf_device_ips200.o
#        G:\SmartCar\Project\CYT2BL3_Victor_foc\Seekfree_CYT2BL3_Double_Foc_Project\project\iar\Debug_m4\Obj\zf_device_6570275422786408770.dir\zf_device_key.o
#        G:\SmartCar\Project\CYT2BL3_Victor_foc\Seekfree_CYT2BL3_Double_Foc_Project\project\iar\Debug_m4\Obj\zf_device_6570275422786408770.dir\zf_device_menc15a.o
#        G:\SmartCar\Project\CYT2BL3_Victor_foc\Seekfree_CYT2BL3_Double_Foc_Project\project\iar\Debug_m4\Obj\zf_device_6570275422786408770.dir\zf_device_mpu6050.o
#        G:\SmartCar\Project\CYT2BL3_Victor_foc\Seekfree_CYT2BL3_Double_Foc_Project\project\iar\Debug_m4\Obj\zf_device_6570275422786408770.dir\zf_device_mt9v03x.o
#        G:\SmartCar\Project\CYT2BL3_Victor_foc\Seekfree_CYT2BL3_Double_Foc_Project\project\iar\Debug_m4\Obj\zf_device_6570275422786408770.dir\zf_device_oled.o
#        G:\SmartCar\Project\CYT2BL3_Victor_foc\Seekfree_CYT2BL3_Double_Foc_Project\project\iar\Debug_m4\Obj\zf_device_6570275422786408770.dir\zf_device_tft180.o
#        G:\SmartCar\Project\CYT2BL3_Victor_foc\Seekfree_CYT2BL3_Double_Foc_Project\project\iar\Debug_m4\Obj\zf_device_6570275422786408770.dir\zf_device_tsl1401.o
#        G:\SmartCar\Project\CYT2BL3_Victor_foc\Seekfree_CYT2BL3_Double_Foc_Project\project\iar\Debug_m4\Obj\zf_device_6570275422786408770.dir\zf_device_type.o
#        G:\SmartCar\Project\CYT2BL3_Victor_foc\Seekfree_CYT2BL3_Double_Foc_Project\project\iar\Debug_m4\Obj\zf_device_6570275422786408770.dir\zf_device_uart_receiver.o
#        G:\SmartCar\Project\CYT2BL3_Victor_foc\Seekfree_CYT2BL3_Double_Foc_Project\project\iar\Debug_m4\Obj\zf_device_6570275422786408770.dir\zf_device_virtual_oscilloscope.o
#        G:\SmartCar\Project\CYT2BL3_Victor_foc\Seekfree_CYT2BL3_Double_Foc_Project\project\iar\Debug_m4\Obj\zf_device_6570275422786408770.dir\zf_device_wifi_uart.o
#        G:\SmartCar\Project\CYT2BL3_Victor_foc\Seekfree_CYT2BL3_Double_Foc_Project\project\iar\Debug_m4\Obj\zf_device_6570275422786408770.dir\zf_device_wireless_uart.o
#        G:\SmartCar\Project\CYT2BL3_Victor_foc\Seekfree_CYT2BL3_Double_Foc_Project\project\iar\Debug_m4\Obj\zf_driver_11922370083829174090.dir\zf_driver_adc.o
#        G:\SmartCar\Project\CYT2BL3_Victor_foc\Seekfree_CYT2BL3_Double_Foc_Project\project\iar\Debug_m4\Obj\zf_driver_11922370083829174090.dir\zf_driver_delay.o
#        G:\SmartCar\Project\CYT2BL3_Victor_foc\Seekfree_CYT2BL3_Double_Foc_Project\project\iar\Debug_m4\Obj\zf_driver_11922370083829174090.dir\zf_driver_encoder.o
#        G:\SmartCar\Project\CYT2BL3_Victor_foc\Seekfree_CYT2BL3_Double_Foc_Project\project\iar\Debug_m4\Obj\zf_driver_11922370083829174090.dir\zf_driver_exti.o
#        G:\SmartCar\Project\CYT2BL3_Victor_foc\Seekfree_CYT2BL3_Double_Foc_Project\project\iar\Debug_m4\Obj\zf_driver_11922370083829174090.dir\zf_driver_flash.o
#        G:\SmartCar\Project\CYT2BL3_Victor_foc\Seekfree_CYT2BL3_Double_Foc_Project\project\iar\Debug_m4\Obj\zf_driver_11922370083829174090.dir\zf_driver_gpio.o
#        G:\SmartCar\Project\CYT2BL3_Victor_foc\Seekfree_CYT2BL3_Double_Foc_Project\project\iar\Debug_m4\Obj\zf_driver_11922370083829174090.dir\zf_driver_pit.o
#        G:\SmartCar\Project\CYT2BL3_Victor_foc\Seekfree_CYT2BL3_Double_Foc_Project\project\iar\Debug_m4\Obj\zf_driver_11922370083829174090.dir\zf_driver_pwm.o
#        G:\SmartCar\Project\CYT2BL3_Victor_foc\Seekfree_CYT2BL3_Double_Foc_Project\project\iar\Debug_m4\Obj\zf_driver_11922370083829174090.dir\zf_driver_soft_iic.o
#        G:\SmartCar\Project\CYT2BL3_Victor_foc\Seekfree_CYT2BL3_Double_Foc_Project\project\iar\Debug_m4\Obj\zf_driver_11922370083829174090.dir\zf_driver_soft_spi.o
#        G:\SmartCar\Project\CYT2BL3_Victor_foc\Seekfree_CYT2BL3_Double_Foc_Project\project\iar\Debug_m4\Obj\zf_driver_11922370083829174090.dir\zf_driver_spi.o
#        G:\SmartCar\Project\CYT2BL3_Victor_foc\Seekfree_CYT2BL3_Double_Foc_Project\project\iar\Debug_m4\Obj\zf_driver_11922370083829174090.dir\zf_driver_timer.o
#        G:\SmartCar\Project\CYT2BL3_Victor_foc\Seekfree_CYT2BL3_Double_Foc_Project\project\iar\Debug_m4\Obj\zf_driver_11922370083829174090.dir\zf_driver_uart.o
#        --no_out_extension -o
#        G:\SmartCar\Project\CYT2BL3_Victor_foc\Seekfree_CYT2BL3_Double_Foc_Project\project\iar\Debug_m4\Exe\cyt2bl3.out
#        --config_def _CORE_cm4_=0 --config_def _LINK_flash_=0 --map
#        G:\SmartCar\Project\CYT2BL3_Victor_foc\Seekfree_CYT2BL3_Double_Foc_Project\project\iar\Debug_m4\List\cyt2bl3.map
#        --config
#        G:\SmartCar\Project\CYT2BL3_Victor_foc\Seekfree_CYT2BL3_Double_Foc_Project\project\iar\project_config\..\icf\linker_directives_tviibe4m.icf
#        --semihosting
#        G:\SmartCar\Project\CYT2BL3_Victor_foc\Seekfree_CYT2BL3_Double_Foc_Project\project\iar\project_config\..\..\..\libraries\zf_device\zf_device_config.a
#        --entry __iar_program_start --vfe --text_out locale --cpu=Cortex-M4
#        --fpu=VFPv4_sp) --dependencies=n
#        G:\SmartCar\Project\CYT2BL3_Victor_foc\Seekfree_CYT2BL3_Double_Foc_Project\project\iar\Debug_m4\Exe\cyt2bl3.out.iar_deps
#
###############################################################################

*******************************************************************************
*** RUNTIME MODEL ATTRIBUTES
***

CppFlavor       = *
__CPP_Runtime   = 1
__SystemLibrary = DLib
__dlib_version  = 6


*******************************************************************************
*** HEAP SELECTION
***

The basic heap was selected because --advanced_heap
was not specified and the application did not appear to
be primarily optimized for speed.


*******************************************************************************
*** PLACEMENT SUMMARY
***

"A0":  place at start of [from 0x1008'0000 to 0x1040'ffff] { section .intvec };
"P1":  place in [from 0x1008'0000 to 0x1040'ffff] { ro };
"P2":  place in [from 0x802'0000 to 0x807'ffff] { rw };
define block HEAP with size = 1K, alignment = 8 { };
define block CSTACK with size = 8K, alignment = 8 { };
define block HEAP_STACK { block HEAP, last block CSTACK };
"A1":  place at end of [from 0x802'0000 to 0x807'ffff] { block HEAP_STACK };
do not initialize { section .intvec_ram };
initialize by copy { rw };

No sections matched the following patterns:

  ro section .sflash_app_prot  in "P6"
  ro section .sflash_nar       in "P4"
  ro section .sflash_pkey      in "P5"
  ro section .sflash_toc2      in "P7"
  ro section .sflash_uf_rows   in "P3"
  ro section .work_flash       in "P8"
  section .global_ram_data     in "P9"


  Section            Kind         Address      Size  Object
  -------            ----         -------      ----  ------
"P2", part 1 of 3:                            0x6a1
  P2-1                         0x802'0000     0x6a1  <Init block>
    .data            inited    0x802'0000     0x5fc  cy_interrupt_map.o [20]
    .data            inited    0x802'05fc       0x4  cy_interrupt_map.o [20]
    .data            inited    0x802'0600       0x8  hall_gather.o [5]
    .data            inited    0x802'0608       0x8  hall_gather.o [5]
    .data            inited    0x802'0610       0x4  sensorless_control.o [5]
    .data            inited    0x802'0614       0x4  sensorless_control.o [5]
    .data            inited    0x802'0618       0x4  sensorless_control.o [5]
    .data            inited    0x802'061c       0xc  zf_driver_adc.o [43]
    .data            inited    0x802'0628      0x3c  zf_driver_pit.o [43]
    .data            inited    0x802'0664      0x10  zf_driver_spi.o [43]
    .data            inited    0x802'0674      0x14  zf_driver_uart.o [43]
    .data            inited    0x802'0688      0x14  zf_driver_uart.o [43]
    .data            inited    0x802'069c       0x1  driver_gpio.o [5]
    .data            inited    0x802'069d       0x1  driver_gpio.o [5]
    .data            inited    0x802'069e       0x1  zf_common_debug.o [40]
    .data            inited    0x802'069f       0x1  zf_driver_delay.o [43]
    .data            inited    0x802'06a0       0x1  zf_driver_delay.o [43]
                             - 0x802'06a1     0x6a1

"P2", part 2 of 3:                         0x1'7198
  .bss               zero      0x802'06a4    0x4000  foc_adc.o [1]
  .bss               zero      0x802'46a4    0x4000  foc_adc.o [1]
  .bss               zero      0x802'86a4    0x4000  foc_svpwm.o [1]
  .bss               zero      0x802'c6a4    0x4000  foc_svpwm.o [1]
  .bss               zero      0x803'06a4     0xfa0  foc_debug_log.o [1]
  .bss               zero      0x803'1644     0xfa0  foc_debug_log.o [1]
  .bss               zero      0x803'25e4     0xfa0  foc_debug_log.o [1]
  .bss               zero      0x803'3584     0xfa0  foc_debug_log.o [1]
  .bss               zero      0x803'4524     0xfa0  foc_debug_log.o [1]
  .bss               zero      0x803'54c4     0xfa0  foc_debug_log.o [1]
  .bss               zero      0x803'6464     0x800  zf_driver_flash.o [43]
  .bss               zero      0x803'6c64     0x244  motor_control.o [5]
  .bss               zero      0x803'6ea8     0x244  motor_control.o [5]
  .bss               zero      0x803'70ec     0x140  zf_driver_uart.o [43]
  .bss               zero      0x803'722c     0x118  zf_driver_uart.o [43]
  .bss               zero      0x803'7344      0xa4  motor_control.o [5]
  .bss               zero      0x803'73e8      0x80  motor_driver_uart_control.o [5]
  .bss               zero      0x803'7468      0x80  motor_driver_uart_control.o [5]
  .bss               zero      0x803'74e8      0x78  zf_driver_uart.o [43]
  .bss               zero      0x803'7560      0x70  cy_syslib.o [31]
  .bss               zero      0x803'75d0      0x48  zf_driver_adc.o [43]
  .bss               zero      0x803'7618      0x40  foc_adc.o [1]
  .bss               zero      0x803'7658      0x40  zf_common_debug.o [40]
  .bss               zero      0x803'7698      0x28  fast_foc.o [5]
  .bss               zero      0x803'76c0      0x28  fast_foc.o [5]
  .bss               zero      0x803'76e8      0x1c  driver_adc.o [5]
  .bss               zero      0x803'7704      0x18  cy_sysclk.o [28]
  .bss               zero      0x803'771c      0x18  cy_syslib.o [31]
  .bss               zero      0x803'7734      0x18  motor_driver_uart_control.o [5]
  .bss               zero      0x803'774c      0x18  zf_common_debug.o [40]
  .bss               zero      0x803'7764      0x14  motor_driver_uart_control.o [5]
  .bss               zero      0x803'7778      0x14  zf_common_debug.o [40]
  .bss               zero      0x803'77a0      0x10  cy_srom.o [25]
  .bss               zero      0x803'77b0      0x10  zf_device_key.o [42]
  .bss               zero      0x803'77c0       0x4  cy_srom.o [25]
  .bss               zero      0x803'77c4       0x4  cy_srom.o [25]
  .bss               zero      0x803'77c8       0x4  cy_syslib.o [31]
  .bss               zero      0x803'77cc       0x4  driver_adc.o [5]
  .bss               zero      0x803'77d0       0x4  driver_adc.o [5]
  .bss               zero      0x803'77d4       0x4  driver_gpio.o [5]
  .bss               zero      0x803'77d8       0x4  foc_adc.o [1]
  .bss               zero      0x803'77dc       0x4  hall_gather.o [5]
  .bss               zero      0x803'77e0       0x4  hall_gather.o [5]
  .bss               zero      0x803'77e4       0x4  motor_control.o [5]
  .bss               zero      0x803'77e8       0x4  motor_control.o [5]
  .bss               zero      0x803'77ec       0x4  motor_control.o [5]
  .bss               zero      0x803'77f0       0x4  system_tviibe4m_cm4.o [19]
  .bss               zero      0x803'77f4       0x4  system_tviibe4m_cm4.o [19]
  .bss               zero      0x803'77f8       0x4  system_tviibe4m_cm4.o [19]
  .bss               zero      0x803'77fc       0x4  system_tviibe4m_cm4.o [19]
  .bss               zero      0x803'7800       0x4  system_tviibe4m_cm4.o [19]
  .bss               zero      0x803'7804       0x4  zf_common_clock.o [40]
  .bss               zero      0x803'7808       0x4  zf_common_interrupt.o [40]
  .bss               zero      0x803'780c       0x4  zf_device_key.o [42]
  .bss               zero      0x803'7810       0x4  zf_device_key.o [42]
  .bss               zero      0x803'7814       0x4  zf_device_menc15a.o [42]
  .bss               zero      0x803'7818       0x4  zf_device_menc15a.o [42]
  .bss               zero      0x803'781c       0x4  zf_driver_spi.o [43]
  .bss               zero      0x803'7820       0x4  zf_driver_spi.o [43]
  .bss               zero      0x803'7824       0x4  zf_driver_timer.o [43]
  .bss               zero      0x803'7828       0x4  xfail_s.o [44]
  .bss               zero      0x803'782c       0x2  motor_driver_uart_control.o [5]
  .bss               zero      0x803'782e       0x1  cy_mw_flash.o [11]
  .bss               zero      0x803'782f       0x1  cy_mw_flash.o [11]
  .bss               zero      0x803'7830       0x1  cy_sysclk.o [28]
  .bss               zero      0x803'7831       0x1  foc_adc.o [1]
  .bss               zero      0x803'7832       0x1  foc_svpwm.o [1]
  .bss               zero      0x803'7833       0x1  motor_control.o [5]
  .bss               zero      0x803'7834       0x1  motor_control.o [5]
  .bss               zero      0x803'7835       0x1  motor_control.o [5]
  .bss               zero      0x803'7836       0x1  zf_common_debug.o [40]
  .bss               zero      0x803'7837       0x1  zf_common_debug.o [40]
  .bss               zero      0x803'7838       0x1  zf_common_debug.o [40]
  .bss               zero      0x803'7839       0x1  zf_driver_flash.o [43]
  .bss               zero      0x803'783a       0x1  zf_driver_flash.o [43]
                             - 0x803'783b  0x1'7197

"P2", part 3 of 3:                             0x80
  .intvec_ram        uninit    0x803'7c00      0x80  startup_cm4.o [26]
                             - 0x803'7c80      0x80

"A1":                                        0x2000
  HEAP_STACK                   0x807'e000    0x2000  <Block>
    CSTACK                     0x807'e000    0x2000  <Block>
      CSTACK         uninit    0x807'e000    0x2000  <Block tail>
                             - 0x808'0000    0x2000

"A0":                                          0x80
  .intvec            ro code  0x1008'0000      0x80  startup_cm4.o [26]
                            - 0x1008'0080      0x80

"P1":                                      0x1'753e
  .rodata            const    0x1008'0080    0x4924  fast_foc.o [5]
  .rodata            const    0x1008'49a4    0x42c0  motor_voice.o [5]
  .text              ro code  0x1008'8c64    0x1d78  sensorless_control.o [5]
  .text              ro code  0x1008'a9dc     0x6d0  zf_driver_pwm.o [43]
  .text              ro code  0x1008'b0ac     0x13c  zf_driver_gpio.o [43]
  .text              ro code  0x1008'b1e8     0x160  fast_foc.o [5]
  .text              ro code  0x1008'b348     0xc00  pwm_output.o [5]
  .text              ro code  0x1008'bf48      0xc8  zf_driver_exti.o [43]
  .text              ro code  0x1008'c010     0x1cc  cy_tcpwm_counter.o [37]
  .text              ro code  0x1008'c1dc       0xc  cy_tcpwm.o [37]
  .text              ro code  0x1008'c1e8     0x234  zf_driver_timer.o [43]
  .text              ro code  0x1008'c41c      0x48  FltToDbl.o [45]
  .text              ro code  0x1008'c464     0x1aa  DblMul.o [45]
  .text              ro code  0x1008'c60e      0x7e  lz77_init_single.o [46]
  .text              ro code  0x1008'c68c      0x34  DblCmpLe.o [45]
  .text              ro code  0x1008'c6c0      0x34  DblCmpGe.o [45]
  .text              ro code  0x1008'c6f4     0x25e  DblAddSub.o [45]
  .text              ro code  0x1008'c952      0x1a  xsnprout.o [44]
  .text              ro code  0x1008'c96c      0x68  DblToFlt.o [45]
  .text              ro code  0x1008'c9d4     0x2f8  motor_voice.o [5]
  .text              ro code  0x1008'cccc      0x66  ABImemset.o [46]
  .text              ro code  0x1008'cd32       0xa  xsprout.o [44]
  .text              ro code  0x1008'cd3c     0x198  cy_gpio.o [12]
  .text              ro code  0x1008'ced4      0xe2  zf_common_interrupt.o [40]
  .text              ro code  0x1008'cfb8     0x310  zf_driver_pit.o [43]
  .text              ro code  0x1008'd2c8     0x438  zf_common_debug.o [40]
  .text              ro code  0x1008'd700     0x256  cy_tcpwm_pwm.o [37]
  .text              ro code  0x1008'd958      0x5c  cy_sysint.o [30]
  .text              ro code  0x1008'd9b4     0x274  zf_driver_delay.o [43]
  .text              ro code  0x1008'dc28     0x864  zf_driver_uart.o [43]
  .text              ro code  0x1008'e48c      0x36  strlen.o [46]
  .text              ro code  0x1008'e4c4      0x40  sprintf.o [44]
  .text              ro code  0x1008'e504     0x518  zf_common_fifo.o [40]
  .text              ro code  0x1008'ea1c      0xe0  cm4_isr.o [39]
  .text              ro code  0x1008'eafc       0x6  ABImemclr4.o [46]
  .text              ro code  0x1008'eb04     0x274  I64DivMod.o [46]
  .text              ro code  0x1008'ed78     0x314  cy_scb_uart.o [21]
  .text              ro code  0x1008'f08c     0xeae  xprintffull_nomb.o [44]
  .text              ro code  0x1008'ff3c      0xa6  ABImemcpy.o [46]
  .text              ro code  0x1008'ffe4     0x6dc  motor_driver_uart_control.o [5]
  .text              ro code  0x1009'06c0      0x32  ABImemset48.o [46]
  .text              ro code  0x1009'06f4       0x2  I64DivZer.o [46]
  .text              ro code  0x1009'06f8      0x16  strchr.o [46]
  .text              ro code  0x1009'0710      0x40  xfail_s.o [44]
  .text              ro code  0x1009'0750      0x58  memchr.o [46]
  .text              ro code  0x1009'07a8      0x70  frexp.o [45]
  .text              ro code  0x1009'0818     0x13a  ldexp.o [45]
  .text              ro code  0x1009'0954      0x36  DblToS32.o [45]
  .text              ro code  0x1009'098c      0x22  S32ToDbl.o [45]
  .text              ro code  0x1009'09b0     0x246  DblDiv.o [45]
  .text              ro code  0x1009'0bf8      0x22  DblToU32.o [45]
  .text              ro code  0x1009'0c1c      0x1c  U32ToDbl.o [45]
  .text              ro code  0x1009'0c38      0x2c  strstr.o [44]
  .text              ro code  0x1009'0c64      0x64  zf_common_function.o [40]
  .text              ro code  0x1009'0cc8    0x1304  motor_control.o [5]
  .text              ro code  0x1009'1fcc       0x6  abort.o [44]
  .text              ro code  0x1009'1fd4      0x3c  vsnprint.o [44]
  .text              ro code  0x1009'2010     0x120  zf_device_menc15a.o [42]
  .text              ro code  0x1009'2130     0x394  foc_controller.o [1]
  .text              ro code  0x1009'24c4     0x384  foc_adc.o [1]
  .text              ro code  0x1009'2848     0x7c8  hall_gather.o [5]
  .text              ro code  0x1009'3010      0x62  round.o [45]
  .text              ro code  0x1009'3074      0x9c  motor_flash.o [5]
  .text              ro code  0x1009'3110      0x28  printf.o [44]
  .text              ro code  0x1009'3138      0x14  exit.o [47]
  .text              ro code  0x1009'314c     0x7f4  zf_driver_spi.o [43]
  .text              ro code  0x1009'3940     0x464  foc_svpwm.o [1]
  .text              ro code  0x1009'3da4     0x1d4  cos_sin32.o [45]
  .text              ro code  0x1009'3f78     0x470  zf_driver_adc.o [43]
  .text              ro code  0x1009'43e8     0x1dc  zf_driver_flash.o [43]
  .text              ro code  0x1009'45c4     0x1f0  cy_scb_spi.o [21]
  .text              ro code  0x1009'47b4     0x2dc  cy_adc.o [2]
  .text              ro code  0x1009'4a90     0x2dc  cy_mw_flash.o [11]
  .text              ro code  0x1009'4d6c     0x2ec  cy_srom.o [25]
  .text              ro code  0x1009'5058      0x70  strncpy.o [46]
  .text              ro code  0x1009'50c8      0xac  cy_syslib.o [31]
  .text              ro code  0x1009'5174     0x4d0  cy_flash.o [10]
  .text              ro code  0x1009'5644      0x60  cy_ipc_drv.o [13]
  .text              ro code  0x1009'56a4      0x14  cy_syslib.o [31]
  .text              ro code  0x1009'56b8     0x678  cy_sysclk.o [28]
  .text              ro code  0x1009'5d30     0x29c  foc_debug_log.o [1]
  .text              ro code  0x1009'5fcc     0x144  driver_adc.o [5]
  .text              ro code  0x1009'6110     0x170  startup.o [26]
  .text              ro code  0x1009'6280      0xec  system_tviibe4m_cm4.o [19]
  .text              ro code  0x1009'636c       0x8  startup_cm4.o [26]
  .text              ro code  0x1009'6374       0x6  startup_cm4.o [26]
  .text              ro code  0x1009'637c     0x14c  cy_interrupt_map.o [20]
  .text              ro code  0x1009'64c8     0x11e  driver_gpio.o [5]
  .text              ro code  0x1009'65e8     0x110  zf_device_key.o [42]
  .text              ro code  0x1009'66f8      0x8c  main_cm4.o [39]
  .text              ro code  0x1009'6784      0x1c  zf_common_clock.o [40]
  .rodata            const    0x1009'67a0      0x84  cy_sysclk.o [28]
  .rodata            const    0x1009'6824      0x84  cy_sysclk.o [28]
  .rodata            const    0x1009'68a8      0x84  system_tviibe4m_cm4.o [19]
  .rodata            const    0x1009'692c      0x80  cy_srom.o [25]
  .rodata            const    0x1009'69ac      0x7c  cy_mw_flash.o [11]
  .rodata            const    0x1009'6a28      0x74  zf_common_function.o [40]
  .rodata            const    0x1009'6a9c      0x74  zf_driver_flash.o [43]
  .rodata            const    0x1009'6b10      0x70  zf_common_fifo.o [40]
  .rodata            const    0x1009'6b80      0x70  zf_device_key.o [42]
  .rodata            const    0x1009'6bf0      0x70  zf_driver_adc.o [43]
  .rodata            const    0x1009'6c60      0x70  zf_driver_pwm.o [43]
  .rodata            const    0x1009'6cd0      0x70  zf_driver_spi.o [43]
  .rodata            const    0x1009'6d40      0x70  zf_driver_uart.o [43]
  .rodata            const    0x1009'6db0      0x44  foc_debug_log.o [1]
  .text              ro code  0x1009'6df4      0x44  startup_cm4.o [26]
  .text              ro code  0x1009'6e38      0x38  zero_init3.o [46]
  .rodata            const    0x1009'6e70      0x34  foc_debug_log.o [1]
  .rodata            const    0x1009'6ea4      0x30  motor_control.o [5]
  .rodata            const    0x1009'6ed4      0x30  motor_control.o [5]
  .rodata            const    0x1009'6f04      0x30  motor_control.o [5]
  .rodata            const    0x1009'6f34      0x28  motor_control.o [5]
  .rodata            const    0x1009'6f5c      0x28  motor_control.o [5]
  .rodata            const    0x1009'6f84      0x28  motor_control.o [5]
  .text              ro code  0x1009'6fac      0x28  data_init.o [46]
  .rodata            const    0x1009'6fd4      0x24  motor_control.o [5]
  .rodata            const    0x1009'6ff8      0x24  motor_control.o [5]
  .text              ro code  0x1009'701c      0x22  fpinit_M.o [45]
  .iar.init_table    const    0x1009'7040      0x20  - Linker created -
  .text              ro code  0x1009'7060      0x20  startup_cm4.o [26]
  .text              ro code  0x1009'7080      0x20  putchar.o [44]
  .text              ro code  0x1009'70a0      0x1e  cy_syslib_iar.o [31]
  .text              ro code  0x1009'70c0      0x1e  cmain.o [46]
  .text              ro code  0x1009'70e0       0x4  startup_cm4.o [26]
  .text              ro code  0x1009'70e4       0x4  exit.o [44]
  .text              ro code  0x1009'70e8       0xa  cexit.o [46]
  .rodata            const    0x1009'70f4      0x1c  foc_debug_log.o [1]
  .rodata            const    0x1009'7110      0x1c  zf_common_debug.o [40]
  .text              ro code  0x1009'712c      0x1c  startup_cm4.o [26]
  .text              ro code  0x1009'7148      0x1c  cstartup_M.o [46]
  .rodata            const    0x1009'7164      0x18  foc_debug_log.o [1]
  .rodata            const    0x1009'717c      0x18  motor_control.o [5]
  .rodata            const    0x1009'7194      0x18  system_tviibe4m_cm4.o [19]
  .rodata            const    0x1009'71ac      0x18  zf_common_debug.o [40]
  .text              ro code  0x1009'71c4      0x16  xprout.o [44]
  .rodata            const    0x1009'71dc      0x14  cy_flash.o [10]
  .rodata            const    0x1009'71f0      0x14  motor_control.o [5]
  .rodata            const    0x1009'7204      0x14  motor_control.o [5]
  .rodata            const    0x1009'7218      0x14  motor_control.o [5]
  .rodata            const    0x1009'722c      0x10  main_cm4.o [39]
  .rodata            const    0x1009'723c      0x10  motor_control.o [5]
  .rodata            const    0x1009'724c      0x10  motor_control.o [5]
  .rodata            const    0x1009'725c      0x10  motor_driver_uart_control.o [5]
  .rodata            const    0x1009'726c      0x10  motor_driver_uart_control.o [5]
  .rodata            const    0x1009'727c      0x10  motor_driver_uart_control.o [5]
  .rodata            const    0x1009'728c      0x10  zf_common_debug.o [40]
  .rodata            const    0x1009'729c      0x10  zf_common_debug.o [40]
  .rodata            const    0x1009'72ac       0xc  motor_control.o [5]
  .rodata            const    0x1009'72b8       0xc  motor_control.o [5]
  .rodata            const    0x1009'72c4       0xc  motor_control.o [5]
  .rodata            const    0x1009'72d0       0xc  motor_driver_uart_control.o [5]
  .rodata            const    0x1009'72dc       0xc  motor_driver_uart_control.o [5]
  .rodata            const    0x1009'72e8       0xc  motor_driver_uart_control.o [5]
  .rodata            const    0x1009'72f4       0xc  motor_driver_uart_control.o [5]
  .rodata            const    0x1009'7300       0xc  motor_driver_uart_control.o [5]
  .rodata            const    0x1009'730c       0xc  motor_driver_uart_control.o [5]
  .rodata            const    0x1009'7318       0xc  motor_driver_uart_control.o [5]
  .rodata            const    0x1009'7324       0xc  motor_driver_uart_control.o [5]
  .rodata            const    0x1009'7330       0xc  motor_driver_uart_control.o [5]
  .rodata            const    0x1009'733c       0xc  zf_common_debug.o [40]
  .rodata            const    0x1009'7348       0xc  zf_common_debug.o [40]
  .text              ro code  0x1009'7354       0xc  cy_syslib.o [31]
  .rodata            const    0x1009'7360       0x8  cy_mw_flash.o [11]
  .rodata            const    0x1009'7368       0x8  cy_srom.o [25]
  .rodata            const    0x1009'7370       0x8  motor_control.o [5]
  .rodata            const    0x1009'7378       0x8  motor_control.o [5]
  .rodata            const    0x1009'7380       0x8  motor_control.o [5]
  .rodata            const    0x1009'7388       0x8  startup.o [26]
  .rodata            const    0x1009'7390       0x4  cy_adc.o [2]
  .rodata            const    0x1009'7394       0x4  cy_adc.o [2]
  .rodata            const    0x1009'7398       0x4  cy_adc.o [2]
  .rodata            const    0x1009'739c       0x4  cy_adc.o [2]
  .rodata            const    0x1009'73a0       0x4  cy_adc.o [2]
  .rodata            const    0x1009'73a4       0x4  cy_adc.o [2]
  .rodata            const    0x1009'73a8       0x4  cy_adc.o [2]
  .rodata            const    0x1009'73ac       0x4  cy_adc.o [2]
  .rodata            const    0x1009'73b0       0x4  cy_interrupt_map.o [20]
  .rodata            const    0x1009'73b4       0x4  cy_interrupt_map.o [20]
  .rodata            const    0x1009'73b8       0x4  cy_interrupt_map.o [20]
  .rodata            const    0x1009'73bc       0x4  cy_interrupt_map.o [20]
  .rodata            const    0x1009'73c0       0x4  cy_interrupt_map.o [20]
  .rodata            const    0x1009'73c4       0x4  cy_ipc_drv.o [13]
  .rodata            const    0x1009'73c8       0x4  cy_scb_spi.o [21]
  .rodata            const    0x1009'73cc       0x4  cy_scb_spi.o [21]
  .rodata            const    0x1009'73d0       0x4  cy_scb_spi.o [21]
  .rodata            const    0x1009'73d4       0x4  cy_scb_spi.o [21]
  .rodata            const    0x1009'73d8       0x4  cy_scb_uart.o [21]
  .rodata            const    0x1009'73dc       0x4  cy_scb_uart.o [21]
  .rodata            const    0x1009'73e0       0x4  cy_scb_uart.o [21]
  .rodata            const    0x1009'73e4       0x4  cy_scb_uart.o [21]
  .rodata            const    0x1009'73e8       0x4  cy_scb_uart.o [21]
  .rodata            const    0x1009'73ec       0x4  cy_scb_uart.o [21]
  .rodata            const    0x1009'73f0       0x4  cy_scb_uart.o [21]
  .rodata            const    0x1009'73f4       0x4  cy_scb_uart.o [21]
  .rodata            const    0x1009'73f8       0x4  cy_scb_uart.o [21]
  .rodata            const    0x1009'73fc       0x4  cy_scb_uart.o [21]
  .rodata            const    0x1009'7400       0x4  cy_srom.o [25]
  .rodata            const    0x1009'7404       0x4  cy_srom.o [25]
  .rodata            const    0x1009'7408       0x4  cy_sysint.o [30]
  .rodata            const    0x1009'740c       0x4  cy_tcpwm_counter.o [37]
  .rodata            const    0x1009'7410       0x4  cy_tcpwm_counter.o [37]
  .rodata            const    0x1009'7414       0x4  cy_tcpwm_counter.o [37]
  .rodata            const    0x1009'7418       0x4  cy_tcpwm_counter.o [37]
  .rodata            const    0x1009'741c       0x4  cy_tcpwm_counter.o [37]
  .rodata            const    0x1009'7420       0x4  cy_tcpwm_pwm.o [37]
  .rodata            const    0x1009'7424       0x4  cy_tcpwm_pwm.o [37]
  .rodata            const    0x1009'7428       0x4  cy_tcpwm_pwm.o [37]
  .rodata            const    0x1009'742c       0x4  cy_tcpwm_pwm.o [37]
  .rodata            const    0x1009'7430       0x4  cy_tcpwm_pwm.o [37]
  .rodata            const    0x1009'7434       0x4  cy_tcpwm_pwm.o [37]
  .rodata            const    0x1009'7438       0x4  cy_tcpwm_pwm.o [37]
  .rodata            const    0x1009'743c       0x4  zf_device_key.o [42]
  .text              ro code  0x1009'7440       0x4  startup_cm4.o [26]
  .text              ro code  0x1009'7444       0x4  startup_cm4.o [26]
  .text              ro code  0x1009'7448       0x4  startup_cm4.o [26]
  .text              ro code  0x1009'744c       0x4  startup_cm4.o [26]
  .text              ro code  0x1009'7450       0x4  startup_cm4.o [26]
  .text              ro code  0x1009'7454       0x4  startup_cm4.o [26]
  .text              ro code  0x1009'7458       0x4  startup_cm4.o [26]
  .text              ro code  0x1009'745c       0x4  startup_cm4.o [26]
  .text              ro code  0x1009'7460       0x4  startup_cm4.o [26]
  .text              ro code  0x1009'7464       0x4  startup_cm4.o [26]
  .text              ro code  0x1009'7468       0x4  startup_cm4.o [26]
  .text              ro code  0x1009'746c       0x4  startup_cm4.o [26]
  .text              ro code  0x1009'7470       0x4  startup_cm4.o [26]
  .text              ro code  0x1009'7474       0x4  startup_cm4.o [26]
  .text              ro code  0x1009'7478       0x4  startup_cm4.o [26]
  .rodata            const    0x1009'747c       0x0  zero_init3.o [46]
  .rodata            const    0x1009'747c       0x0  lz77_init_single.o [46]
  Initializer bytes  const    0x1009'747c      0x9c  <for P2-1>
                            - 0x1009'7518  0x1'7498

Unused ranges:

         From           To       Size
         ----           --       ----
   0x802'06a1   0x802'06a3        0x3
   0x803'783c   0x803'7bff      0x3c4
   0x803'7c80   0x807'dfff   0x4'6380
  0x1009'75be  0x1040'ffff  0x37'8a42


*******************************************************************************
*** INIT TABLE
***

          Address      Size
          -------      ----
Zero (__iar_zero_init3)
    1 destination range, total size 0x1'7197:
           0x802'06a4  0x1'7197

Copy/lz77 (__iar_lz77_init_single3)
    1 source range, total size 0x9c (9% of destination):
          0x1009'747c      0x9c
    1 destination range, total size 0x6a1:
           0x802'0000     0x6a1



*******************************************************************************
*** MODULE SUMMARY
***

    Module                       ro code  ro data  rw data
    ------                       -------  -------  -------
command line/config:
    ------------------------------------------------------
    Total:

G:\SmartCar\Project\CYT2BL3_Victor_foc\Seekfree_CYT2BL3_Double_Foc_Project\project\iar\Debug_m4\Obj\Foc_11601868574911838443.dir: [1]
    foc_adc.o                        900            32'837
    foc_controller.o                 916
    foc_debug_log.o                  668      172   24'000
    foc_svpwm.o                    1'124            32'769
    ------------------------------------------------------
    Total:                         3'608      172   89'606

G:\SmartCar\Project\CYT2BL3_Victor_foc\Seekfree_CYT2BL3_Double_Foc_Project\project\iar\Debug_m4\Obj\adc_11722776235721520015.dir: [2]
    cy_adc.o                         732       32
    ------------------------------------------------------
    Total:                           732       32

G:\SmartCar\Project\CYT2BL3_Victor_foc\Seekfree_CYT2BL3_Double_Foc_Project\project\iar\Debug_m4\Obj\button_4990804375159372270.dir: [3]
    ------------------------------------------------------
    Total:

G:\SmartCar\Project\CYT2BL3_Victor_foc\Seekfree_CYT2BL3_Double_Foc_Project\project\iar\Debug_m4\Obj\canfd_1800690984773873875.dir: [4]
    ------------------------------------------------------
    Total:

G:\SmartCar\Project\CYT2BL3_Victor_foc\Seekfree_CYT2BL3_Double_Foc_Project\project\iar\Debug_m4\Obj\code_17896468042025673432.dir: [5]
    driver_adc.o                     324                36
    driver_gpio.o                    286                 6
    fast_foc.o                       352   18'724       80
    hall_gather.o                  1'992        1       24
    motor_control.o                4'868      512    1'339
    motor_driver_uart_control.o    1'756      156      302
    motor_flash.o                    156
    motor_voice.o                    760   17'088
    pwm_output.o                   3'072
    sensorless_control.o           7'544        1       12
    ------------------------------------------------------
    Total:                        21'110   36'482    1'799

G:\SmartCar\Project\CYT2BL3_Victor_foc\Seekfree_CYT2BL3_Double_Foc_Project\project\iar\Debug_m4\Obj\cpu_15938736945165268644.dir: [6]
    ------------------------------------------------------
    Total:

G:\SmartCar\Project\CYT2BL3_Victor_foc\Seekfree_CYT2BL3_Double_Foc_Project\project\iar\Debug_m4\Obj\crypto_1190170608956581615.dir: [7]
    ------------------------------------------------------
    Total:

G:\SmartCar\Project\CYT2BL3_Victor_foc\Seekfree_CYT2BL3_Double_Foc_Project\project\iar\Debug_m4\Obj\dma_12106025507578611576.dir: [8]
    ------------------------------------------------------
    Total:

G:\SmartCar\Project\CYT2BL3_Victor_foc\Seekfree_CYT2BL3_Double_Foc_Project\project\iar\Debug_m4\Obj\evtgen_3404189088603873129.dir: [9]
    ------------------------------------------------------
    Total:

G:\SmartCar\Project\CYT2BL3_Victor_foc\Seekfree_CYT2BL3_Double_Foc_Project\project\iar\Debug_m4\Obj\flash_8529866181315662935.dir: [10]
    cy_flash.o                     1'232       20
    ------------------------------------------------------
    Total:                         1'232       20

G:\SmartCar\Project\CYT2BL3_Victor_foc\Seekfree_CYT2BL3_Double_Foc_Project\project\iar\Debug_m4\Obj\flash_864493325053435817.dir: [11]
    cy_mw_flash.o                    732      132        2
    ------------------------------------------------------
    Total:                           732      132        2

G:\SmartCar\Project\CYT2BL3_Victor_foc\Seekfree_CYT2BL3_Double_Foc_Project\project\iar\Debug_m4\Obj\gpio_3999404635324069351.dir: [12]
    cy_gpio.o                        408
    ------------------------------------------------------
    Total:                           408

G:\SmartCar\Project\CYT2BL3_Victor_foc\Seekfree_CYT2BL3_Double_Foc_Project\project\iar\Debug_m4\Obj\ipc_10145506163450686023.dir: [13]
    cy_ipc_drv.o                      96        4
    ------------------------------------------------------
    Total:                            96        4

G:\SmartCar\Project\CYT2BL3_Victor_foc\Seekfree_CYT2BL3_Double_Foc_Project\project\iar\Debug_m4\Obj\lin_18429031207028094880.dir: [14]
    ------------------------------------------------------
    Total:

G:\SmartCar\Project\CYT2BL3_Victor_foc\Seekfree_CYT2BL3_Double_Foc_Project\project\iar\Debug_m4\Obj\lvd_6353935867039560245.dir: [15]
    ------------------------------------------------------
    Total:

G:\SmartCar\Project\CYT2BL3_Victor_foc\Seekfree_CYT2BL3_Double_Foc_Project\project\iar\Debug_m4\Obj\mcwdt_4052485907822033969.dir: [16]
    ------------------------------------------------------
    Total:

G:\SmartCar\Project\CYT2BL3_Victor_foc\Seekfree_CYT2BL3_Double_Foc_Project\project\iar\Debug_m4\Obj\mpu_5663187252346826382.dir: [17]
    ------------------------------------------------------
    Total:

G:\SmartCar\Project\CYT2BL3_Victor_foc\Seekfree_CYT2BL3_Double_Foc_Project\project\iar\Debug_m4\Obj\prot_10722960861768657883.dir: [18]
    ------------------------------------------------------
    Total:

G:\SmartCar\Project\CYT2BL3_Victor_foc\Seekfree_CYT2BL3_Double_Foc_Project\project\iar\Debug_m4\Obj\rev_b_4986922561640112550.dir: [19]
    system_tviibe4m_cm4.o            236      156       20
    ------------------------------------------------------
    Total:                           236      156       20

G:\SmartCar\Project\CYT2BL3_Victor_foc\Seekfree_CYT2BL3_Double_Foc_Project\project\iar\Debug_m4\Obj\rev_b_6162237342861132223.dir: [20]
    cy_interrupt_map.o               332      161    1'536
    ------------------------------------------------------
    Total:                           332      161    1'536

G:\SmartCar\Project\CYT2BL3_Victor_foc\Seekfree_CYT2BL3_Double_Foc_Project\project\iar\Debug_m4\Obj\scb_15490842639181808494.dir: [21]
    cy_scb_spi.o                     496       16
    cy_scb_uart.o                    788       40
    ------------------------------------------------------
    Total:                         1'284       56

G:\SmartCar\Project\CYT2BL3_Victor_foc\Seekfree_CYT2BL3_Double_Foc_Project\project\iar\Debug_m4\Obj\semihosting_143864889731838620.dir: [22]
    ------------------------------------------------------
    Total:

G:\SmartCar\Project\CYT2BL3_Victor_foc\Seekfree_CYT2BL3_Double_Foc_Project\project\iar\Debug_m4\Obj\smartio_5451710003740070188.dir: [23]
    ------------------------------------------------------
    Total:

G:\SmartCar\Project\CYT2BL3_Victor_foc\Seekfree_CYT2BL3_Double_Foc_Project\project\iar\Debug_m4\Obj\smif_427648126384146252.dir: [24]
    ------------------------------------------------------
    Total:

G:\SmartCar\Project\CYT2BL3_Victor_foc\Seekfree_CYT2BL3_Double_Foc_Project\project\iar\Debug_m4\Obj\srom_13018798572330080582.dir: [25]
    cy_srom.o                        748      144       24
    ------------------------------------------------------
    Total:                           748      144       24

G:\SmartCar\Project\CYT2BL3_Victor_foc\Seekfree_CYT2BL3_Double_Foc_Project\project\iar\Debug_m4\Obj\startup_479057977785470282.dir: [26]
    startup.o                        368        8
    startup_cm4.o                    334               128
    ------------------------------------------------------
    Total:                           702        8      128

G:\SmartCar\Project\CYT2BL3_Victor_foc\Seekfree_CYT2BL3_Double_Foc_Project\project\iar\Debug_m4\Obj\sw_timer_4215635015939382130.dir: [27]
    ------------------------------------------------------
    Total:

G:\SmartCar\Project\CYT2BL3_Victor_foc\Seekfree_CYT2BL3_Double_Foc_Project\project\iar\Debug_m4\Obj\sysclk_16149231235676103872.dir: [28]
    cy_sysclk.o                    1'656      264       25
    ------------------------------------------------------
    Total:                         1'656      264       25

G:\SmartCar\Project\CYT2BL3_Victor_foc\Seekfree_CYT2BL3_Double_Foc_Project\project\iar\Debug_m4\Obj\sysflt_12293435975120599261.dir: [29]
    ------------------------------------------------------
    Total:

G:\SmartCar\Project\CYT2BL3_Victor_foc\Seekfree_CYT2BL3_Double_Foc_Project\project\iar\Debug_m4\Obj\sysint_7435970359207984181.dir: [30]
    cy_sysint.o                       92        4
    ------------------------------------------------------
    Total:                            92        4

G:\SmartCar\Project\CYT2BL3_Victor_foc\Seekfree_CYT2BL3_Double_Foc_Project\project\iar\Debug_m4\Obj\syslib_16330585751512546975.dir: [31]
    cy_syslib.o                      204               140
    cy_syslib_iar.o                   30
    ------------------------------------------------------
    Total:                           234               140

G:\SmartCar\Project\CYT2BL3_Victor_foc\Seekfree_CYT2BL3_Double_Foc_Project\project\iar\Debug_m4\Obj\syspm_10887939769544754770.dir: [32]
    ------------------------------------------------------
    Total:

G:\SmartCar\Project\CYT2BL3_Victor_foc\Seekfree_CYT2BL3_Double_Foc_Project\project\iar\Debug_m4\Obj\sysreset_14586141425677365288.dir: [33]
    ------------------------------------------------------
    Total:

G:\SmartCar\Project\CYT2BL3_Victor_foc\Seekfree_CYT2BL3_Double_Foc_Project\project\iar\Debug_m4\Obj\sysrtc_10747768817563771611.dir: [34]
    ------------------------------------------------------
    Total:

G:\SmartCar\Project\CYT2BL3_Victor_foc\Seekfree_CYT2BL3_Double_Foc_Project\project\iar\Debug_m4\Obj\systick_16016591671695740695.dir: [35]
    ------------------------------------------------------
    Total:

G:\SmartCar\Project\CYT2BL3_Victor_foc\Seekfree_CYT2BL3_Double_Foc_Project\project\iar\Debug_m4\Obj\syswdt_9118657615806274156.dir: [36]
    ------------------------------------------------------
    Total:

G:\SmartCar\Project\CYT2BL3_Victor_foc\Seekfree_CYT2BL3_Double_Foc_Project\project\iar\Debug_m4\Obj\tcpwm_422923530147891246.dir: [37]
    cy_tcpwm.o                        12
    cy_tcpwm_counter.o               460       20
    cy_tcpwm_pwm.o                   598       28
    ------------------------------------------------------
    Total:                         1'070       48

G:\SmartCar\Project\CYT2BL3_Victor_foc\Seekfree_CYT2BL3_Double_Foc_Project\project\iar\Debug_m4\Obj\trigmux_9729677290734583340.dir: [38]
    ------------------------------------------------------
    Total:

G:\SmartCar\Project\CYT2BL3_Victor_foc\Seekfree_CYT2BL3_Double_Foc_Project\project\iar\Debug_m4\Obj\user_8514941877209965082.dir: [39]
    cm4_isr.o                        224
    main_cm4.o                       140       16
    ------------------------------------------------------
    Total:                           364       16

G:\SmartCar\Project\CYT2BL3_Victor_foc\Seekfree_CYT2BL3_Double_Foc_Project\project\iar\Debug_m4\Obj\zf_common_1201165462030747823.dir: [40]
    zf_common_clock.o                 28                 4
    zf_common_debug.o              1'080      108      112
    zf_common_fifo.o               1'304      112
    zf_common_function.o             100      116
    zf_common_interrupt.o            226                 4
    ------------------------------------------------------
    Total:                         2'738      336      120

G:\SmartCar\Project\CYT2BL3_Victor_foc\Seekfree_CYT2BL3_Double_Foc_Project\project\iar\Debug_m4\Obj\zf_components_14936052685886095442.dir: [41]
    ------------------------------------------------------
    Total:

G:\SmartCar\Project\CYT2BL3_Victor_foc\Seekfree_CYT2BL3_Double_Foc_Project\project\iar\Debug_m4\Obj\zf_device_6570275422786408770.dir: [42]
    zf_device_key.o                  272      116       24
    zf_device_menc15a.o              288                 8
    ------------------------------------------------------
    Total:                           560      116       32

G:\SmartCar\Project\CYT2BL3_Victor_foc\Seekfree_CYT2BL3_Double_Foc_Project\project\iar\Debug_m4\Obj\zf_driver_11922370083829174090.dir: [43]
    zf_driver_adc.o                1'136      113       84
    zf_driver_delay.o                628        1        2
    zf_driver_exti.o                 200
    zf_driver_flash.o                476      116    2'050
    zf_driver_gpio.o                 316
    zf_driver_pit.o                  784        6       60
    zf_driver_pwm.o                1'744      112
    zf_driver_spi.o                2'036      113       24
    zf_driver_timer.o                564                 4
    zf_driver_uart.o               2'148      116      760
    ------------------------------------------------------
    Total:                        10'032      577    2'984

dl7M_tln.a: [44]
    abort.o                            6
    exit.o                             4
    printf.o                          40
    putchar.o                         32
    sprintf.o                         64
    strstr.o                          44
    vsnprint.o                        60
    xfail_s.o                         64                 4
    xprintffull_nomb.o             3'758
    xprout.o                          22
    xsnprout.o                        26
    xsprout.o                         10
    ------------------------------------------------------
    Total:                         4'130                 4

m7M_tls.a: [45]
    DblAddSub.o                      606
    DblCmpGe.o                        52
    DblCmpLe.o                        52
    DblDiv.o                         582
    DblMul.o                         426
    DblToFlt.o                       104
    DblToS32.o                        54
    DblToU32.o                        34
    FltToDbl.o                        72
    S32ToDbl.o                        34
    U32ToDbl.o                        28
    cos_sin32.o                      468
    fpinit_M.o                        34
    frexp.o                          112
    ldexp.o                          314
    round.o                           98
    ------------------------------------------------------
    Total:                         3'070

rt7M_tl.a: [46]
    ABImemclr4.o                       6
    ABImemcpy.o                      166
    ABImemset.o                      102
    ABImemset48.o                     50
    I64DivMod.o                      628
    I64DivZer.o                        2
    cexit.o                           10
    cmain.o                           30
    cstartup_M.o                      28
    data_init.o                       40
    lz77_init_single.o               126
    memchr.o                          88
    strchr.o                          22
    strlen.o                          54
    strncpy.o                        112
    zero_init3.o                      56
    ------------------------------------------------------
    Total:                         1'520

shb_l.a: [47]
    exit.o                            20
    ------------------------------------------------------
    Total:                            20

    Gaps                              40        6       20
    Linker created                             32    8'192
----------------------------------------------------------
    Grand Total:                  56'746   38'766  104'632


*******************************************************************************
*** ENTRY LIST
***

Entry                       Address    Size  Type      Object
-----                       -------    ----  ----      ------
.iar.init_table$$Base   0x1009'7040           --   Gb  - Linker created -
.iar.init_table$$Limit  0x1009'7060           --   Gb  - Linker created -
?main                   0x1009'70c1          Code  Gb  cmain.o [46]
BusFault_Handler        0x1009'7449          Code  Wk  startup_cm4.o [26]
CSTACK$$Base             0x807'e000           --   Gb  - Linker created -
CSTACK$$Limit            0x808'0000           --   Gb  - Linker created -
CopyVectorTable         0x1009'6231    0x34  Code  Lc  startup.o [26]
CpuUserInt0_Handler     0x1009'639b    0x26  Code  Gb  cy_interrupt_map.o [20]
CpuUserInt10_Handler    0x1009'7465          Code  Wk  startup_cm4.o [26]
CpuUserInt11_Handler    0x1009'7469          Code  Wk  startup_cm4.o [26]
CpuUserInt12_Handler    0x1009'746d          Code  Wk  startup_cm4.o [26]
CpuUserInt13_Handler    0x1009'7471          Code  Wk  startup_cm4.o [26]
CpuUserInt14_Handler    0x1009'7475          Code  Wk  startup_cm4.o [26]
CpuUserInt15_Handler    0x1009'7479          Code  Wk  startup_cm4.o [26]
CpuUserInt1_Handler     0x1009'63c1    0x26  Code  Gb  cy_interrupt_map.o [20]
CpuUserInt2_Handler     0x1009'63e7    0x26  Code  Gb  cy_interrupt_map.o [20]
CpuUserInt3_Handler     0x1009'640d     0xe  Code  Gb  cy_interrupt_map.o [20]
CpuUserInt4_Handler     0x1009'641b     0xe  Code  Gb  cy_interrupt_map.o [20]
CpuUserInt5_Handler     0x1009'6429    0x26  Code  Gb  cy_interrupt_map.o [20]
CpuUserInt6_Handler     0x1009'644f    0x26  Code  Gb  cy_interrupt_map.o [20]
CpuUserInt7_Handler     0x1009'6475    0x1e  Code  Gb  cy_interrupt_map.o [20]
CpuUserInt8_Handler     0x1009'745d          Code  Wk  startup_cm4.o [26]
CpuUserInt9_Handler     0x1009'7461          Code  Wk  startup_cm4.o [26]
Cy_Adc_Channel_DeInit   0x1009'499f    0x2c  Code  Gb  cy_adc.o [2]
Cy_Adc_Channel_Disable  0x1009'49d7     0xc  Code  Gb  cy_adc.o [2]
Cy_Adc_Channel_Enable   0x1009'49cb     0xc  Code  Gb  cy_adc.o [2]
Cy_Adc_Channel_Init     0x1009'4843   0x15c  Code  Gb  cy_adc.o [2]
Cy_Adc_Channel_SetInterruptMask
                        0x1009'49ef    0x7c  Code  Gb  cy_adc.o [2]
Cy_Adc_Channel_SoftwareTrigger
                        0x1009'49e3     0xc  Code  Gb  cy_adc.o [2]
Cy_Adc_Init             0x1009'47b5    0x8e  Code  Gb  cy_adc.o [2]
Cy_DefaultUserHandler   0x1009'6399     0x2  Code  Gb  cy_interrupt_map.o [20]
Cy_FlashHandler         0x1009'4b03    0x34  Code  Lc  cy_mw_flash.o [11]
Cy_FlashInit            0x1009'4b37    0x3c  Code  Gb  cy_mw_flash.o [11]
Cy_FlashSectorErase     0x1009'4b73    0x7e  Code  Gb  cy_mw_flash.o [11]
Cy_FlashWriteWork       0x1009'4c7d    0xbc  Code  Gb  cy_mw_flash.o [11]
Cy_Flash_BlankCheck     0x1009'5523    0xb4  Code  Gb  cy_flash.o [10]
Cy_Flash_BoundsCheck    0x1009'53d1    0x24  Code  Gb  cy_flash.o [10]
Cy_Flash_CallSromApiForFlashWrite
                        0x1009'51a9    0x6a  Code  Lc  cy_flash.o [10]
Cy_Flash_EraseSector    0x1009'54b3    0x70  Code  Gb  cy_flash.o [10]
Cy_Flash_IsWorkSmallSector
                        0x1009'5327    0x40  Code  Gb  cy_flash.o [10]
Cy_Flash_MainBoundsCheck
                        0x1009'5367    0x6a  Code  Gb  cy_flash.o [10]
Cy_Flash_ProcessOpcode  0x1009'53f5    0xbe  Code  Gb  cy_flash.o [10]
Cy_Flash_ProgramRow     0x1009'5213    0xaa  Code  Gb  cy_flash.o [10]
Cy_Flash_WorkBoundsCheck
                        0x1009'52bd    0x6a  Code  Gb  cy_flash.o [10]
Cy_Flashc_GetMainBankMode
                        0x1009'5185    0x10  Code  Lc  cy_flash.o [10]
Cy_Flashc_GetWorkBankMode
                        0x1009'5175    0x10  Code  Lc  cy_flash.o [10]
Cy_Flashc_InvalidateFlashCacheBuffer
                        0x1009'5195    0x14  Code  Lc  cy_flash.o [10]
Cy_Flashc_InvalidateFlashCacheBuffer
                        0x1009'4ad7    0x14  Code  Lc  cy_mw_flash.o [11]
Cy_Flashc_MainWriteEnable
                        0x1009'4aeb     0xc  Code  Lc  cy_mw_flash.o [11]
Cy_Flashc_WorkWriteEnable
                        0x1009'4af7     0xc  Code  Lc  cy_mw_flash.o [11]
Cy_GPIO_ClearInterrupt  0x1008'ce0f     0xe  Code  Lc  cy_gpio.o [12]
Cy_GPIO_ClearInterrupt  0x1008'bf49     0xe  Code  Lc  zf_driver_exti.o [43]
Cy_GPIO_Clr             0x1008'b0c1     0xa  Code  Lc  zf_driver_gpio.o [43]
Cy_GPIO_GetInterruptStatusMasked
                        0x1008'bf71     0xa  Code  Lc  zf_driver_exti.o [43]
Cy_GPIO_Inv             0x1008'b0cb     0xa  Code  Lc  zf_driver_gpio.o [43]
Cy_GPIO_Pin_Init        0x1008'ce53    0x74  Code  Gb  cy_gpio.o [12]
Cy_GPIO_Read            0x1008'b0ad     0xa  Code  Lc  zf_driver_gpio.o [43]
Cy_GPIO_Set             0x1008'b0b7     0xa  Code  Lc  zf_driver_gpio.o [43]
Cy_GPIO_Set             0x1008'dd5f     0xa  Code  Lc  zf_driver_uart.o [43]
Cy_GPIO_SetDriveSel     0x1008'cdf1    0x1e  Code  Lc  cy_gpio.o [12]
Cy_GPIO_SetDrivemode    0x1008'cda1    0x1c  Code  Lc  cy_gpio.o [12]
Cy_GPIO_SetHSIOM        0x1008'cd3d    0x4c  Code  Lc  cy_gpio.o [12]
Cy_GPIO_SetInterruptEdge
                        0x1008'ce37    0x1c  Code  Lc  cy_gpio.o [12]
Cy_GPIO_SetInterruptMask
                        0x1008'ce1d    0x1a  Code  Lc  cy_gpio.o [12]
Cy_GPIO_SetInterruptMask
                        0x1008'bf57    0x1a  Code  Lc  zf_driver_exti.o [43]
Cy_GPIO_SetSlewRate     0x1008'cdd7    0x1a  Code  Lc  cy_gpio.o [12]
Cy_GPIO_SetVtrip        0x1008'cdbd    0x1a  Code  Lc  cy_gpio.o [12]
Cy_GPIO_Write           0x1008'cd89    0x18  Code  Lc  cy_gpio.o [12]
Cy_IPC_Drv_AcquireNotify
                        0x1009'5645     0xc  Code  Lc  cy_ipc_drv.o [13]
Cy_IPC_Drv_ClearInterrupt
                        0x1009'4db7    0x14  Code  Lc  cy_srom.o [25]
Cy_IPC_Drv_GetInterruptStatusMasked
                        0x1009'4db3     0x4  Code  Lc  cy_srom.o [25]
Cy_IPC_Drv_GetIntrBaseAddr
                        0x1009'4d6d    0x34  Code  Lc  cy_srom.o [25]
Cy_IPC_Drv_IsLockAcquired
                        0x1009'4dcb     0x8  Code  Lc  cy_srom.o [25]
Cy_IPC_Drv_LockAcquire  0x1009'5659    0x10  Code  Gb  cy_ipc_drv.o [13]
Cy_IPC_Drv_SendMsgWord_2
                        0x1009'5669    0x34  Code  Gb  cy_ipc_drv.o [13]
Cy_IPC_Drv_SetInterruptMask
                        0x1009'4da1    0x12  Code  Lc  cy_srom.o [25]
Cy_IPC_Drv_WriteData1Value
                        0x1009'5655     0x4  Code  Lc  cy_ipc_drv.o [13]
Cy_IPC_Drv_WriteDataValue
                        0x1009'5651     0x4  Code  Lc  cy_ipc_drv.o [13]
Cy_RestoreIRQ           0x1009'6375          Code  Gb  startup_cm4.o [26]
Cy_SCB_ClearRxFifo      0x1009'3157    0x1e  Code  Lc  zf_driver_spi.o [43]
Cy_SCB_ClearRxInterrupt
                        0x1008'ddc1     0xa  Code  Lc  zf_driver_uart.o [43]
Cy_SCB_ClearTxInterrupt
                        0x1008'ddd7     0xa  Code  Lc  zf_driver_uart.o [43]
Cy_SCB_GetNumInRxFifo   0x1009'314d     0xa  Code  Lc  zf_driver_spi.o [43]
Cy_SCB_GetNumInRxFifo   0x1008'dd6f     0xa  Code  Lc  zf_driver_uart.o [43]
Cy_SCB_GetNumInTxFifo   0x1009'317b     0xa  Code  Lc  zf_driver_spi.o [43]
Cy_SCB_GetNumInTxFifo   0x1008'dd7f     0xa  Code  Lc  zf_driver_uart.o [43]
Cy_SCB_GetRxInterruptMask
                        0x1008'ddbb     0x6  Code  Lc  zf_driver_uart.o [43]
Cy_SCB_GetTxInterruptMask
                        0x1008'ddd1     0x6  Code  Lc  zf_driver_uart.o [43]
Cy_SCB_GetTxSrValid     0x1009'3185     0xa  Code  Lc  zf_driver_spi.o [43]
Cy_SCB_GetTxSrValid     0x1008'dd89     0xa  Code  Lc  zf_driver_uart.o [43]
Cy_SCB_IsTxComplete     0x1009'318f    0x22  Code  Lc  zf_driver_spi.o [43]
Cy_SCB_IsTxComplete     0x1008'dd93    0x22  Code  Lc  zf_driver_uart.o [43]
Cy_SCB_ReadRxFifo       0x1008'dd69     0x6  Code  Lc  zf_driver_uart.o [43]
Cy_SCB_SPI_ClearRxFifo  0x1009'31cf     0x8  Code  Lc  zf_driver_spi.o [43]
Cy_SCB_SPI_Enable       0x1009'31b1     0xa  Code  Lc  zf_driver_spi.o [43]
Cy_SCB_SPI_GetNumInRxFifo
                        0x1009'31c7     0x8  Code  Lc  zf_driver_spi.o [43]
Cy_SCB_SPI_Init         0x1009'45c5   0x1d8  Code  Gb  cy_scb_spi.o [21]
Cy_SCB_SPI_SetActiveSlaveSelect
                        0x1009'31bb     0xc  Code  Lc  zf_driver_spi.o [43]
Cy_SCB_SetRxInterruptMask
                        0x1008'ddb5     0x6  Code  Lc  zf_driver_uart.o [43]
Cy_SCB_SetTxInterruptMask
                        0x1008'ddcb     0x6  Code  Lc  zf_driver_uart.o [43]
Cy_SCB_UART_DeInit      0x1008'effd    0x5c  Code  Gb  cy_scb_uart.o [21]
Cy_SCB_UART_Enable      0x1008'dde1     0xa  Code  Lc  zf_driver_uart.o [43]
Cy_SCB_UART_Init        0x1008'ed79   0x284  Code  Gb  cy_scb_uart.o [21]
Cy_SCB_WriteTxFifo      0x1009'3175     0x6  Code  Lc  zf_driver_spi.o [43]
Cy_SCB_WriteTxFifo      0x1008'dd79     0x6  Code  Lc  zf_driver_uart.o [43]
Cy_SaveIRQ              0x1009'636d          Code  Gb  startup_cm4.o [26]
Cy_Srom_CallApi         0x1009'4dd3    0xb8  Code  Gb  cy_srom.o [25]
Cy_Srom_CallApi_NonBlock
                        0x1009'4e8b    0x66  Code  Gb  cy_srom.o [25]
Cy_Srom_ConvertRespToStatus
                        0x1009'4f57    0x1e  Code  Gb  cy_srom.o [25]
Cy_Srom_GetApiResponse  0x1009'4f21    0x36  Code  Gb  cy_srom.o [25]
Cy_Srom_GetResponseType
                        0x1009'4ef1    0x30  Code  Gb  cy_srom.o [25]
Cy_Srom_ISR_ResponseIPC
                        0x1009'4fd1    0x58  Code  Lc  cy_srom.o [25]
Cy_Srom_SetResponseHandler
                        0x1009'4f75    0x5a  Code  Gb  cy_srom.o [25]
Cy_SysClk_CheckDividerExisting
                        0x1008'b3ad    0x34  Code  Lc  pwm_output.o [5]
Cy_SysClk_CheckDividerExisting
                        0x1008'8c65    0x34  Code  Lc  sensorless_control.o [5]
Cy_SysClk_CheckDividerExisting
                        0x1009'3f79    0x34  Code  Lc  zf_driver_adc.o [43]
Cy_SysClk_CheckDividerExisting
                        0x1008'd9b5    0x34  Code  Lc  zf_driver_delay.o [43]
Cy_SysClk_CheckDividerExisting
                        0x1008'cfb9    0x34  Code  Lc  zf_driver_pit.o [43]
Cy_SysClk_CheckDividerExisting
                        0x1008'a9dd    0x34  Code  Lc  zf_driver_pwm.o [43]
Cy_SysClk_CheckDividerExisting
                        0x1009'31d7    0x34  Code  Lc  zf_driver_spi.o [43]
Cy_SysClk_CheckDividerExisting
                        0x1008'c1e9    0x34  Code  Lc  zf_driver_timer.o [43]
Cy_SysClk_CheckDividerExisting
                        0x1008'dc29    0x34  Code  Lc  zf_driver_uart.o [43]
Cy_SysClk_ClkPathGetSource
                        0x1009'57cf    0x54  Code  Gb  cy_sysclk.o [28]
Cy_SysClk_EcoGetStatus  0x1009'56b9    0x1a  Code  Lc  cy_sysclk.o [28]
Cy_SysClk_FastClkGetDivider
                        0x1009'57c3     0xc  Code  Lc  cy_sysclk.o [28]
Cy_SysClk_FllGetConfiguration
                        0x1009'5823    0x7e  Code  Gb  cy_sysclk.o [28]
Cy_SysClk_FllGetLockStatus
                        0x1009'56d3     0xc  Code  Lc  cy_sysclk.o [28]
Cy_SysClk_GetCoreFrequency
                        0x1009'5d03     0x8  Code  Gb  cy_sysclk.o [28]
Cy_SysClk_GetEcoFrequency
                        0x1009'596d    0x32  Code  Gb  cy_sysclk.o [28]
Cy_SysClk_GetExtFrequency
                        0x1009'59a1    0x1e  Code  Gb  cy_sysclk.o [28]
Cy_SysClk_GetFastFrequency
                        0x1009'5cd5    0x2e  Code  Gb  cy_sysclk.o [28]
Cy_SysClk_GetFllInputFrequency
                        0x1009'5ac9     0xc  Code  Gb  cy_sysclk.o [28]
Cy_SysClk_GetFllOutputFrequency
                        0x1009'5af1    0x78  Code  Gb  cy_sysclk.o [28]
Cy_SysClk_GetHfClkFrequency
                        0x1009'5c5b    0x7a  Code  Gb  cy_sysclk.o [28]
Cy_SysClk_GetIlo0Frequency
                        0x1009'59c1    0x32  Code  Gb  cy_sysclk.o [28]
Cy_SysClk_GetIlo1Frequency
                        0x1009'59f3    0x32  Code  Gb  cy_sysclk.o [28]
Cy_SysClk_GetImoFrequency
                        0x1009'593b    0x32  Code  Gb  cy_sysclk.o [28]
Cy_SysClk_GetPathFrequency
                        0x1009'5c29    0x32  Code  Gb  cy_sysclk.o [28]
Cy_SysClk_GetPathSourceFrequency
                        0x1009'5a65    0x64  Code  Gb  cy_sysclk.o [28]
Cy_SysClk_GetPllInputFrequency
                        0x1009'5ad5    0x1c  Code  Gb  cy_sysclk.o [28]
Cy_SysClk_GetPllNo      0x1009'56e1    0x14  Code  Lc  cy_sysclk.o [28]
Cy_SysClk_GetPllOutputFrequency
                        0x1009'5b69    0xba  Code  Gb  cy_sysclk.o [28]
Cy_SysClk_GetWcoFrequency
                        0x1009'5a25    0x32  Code  Gb  cy_sysclk.o [28]
Cy_SysClk_HfClockGetDivider
                        0x1009'5781    0x42  Code  Lc  cy_sysclk.o [28]
Cy_SysClk_HfClockGetSource
                        0x1009'572d    0x54  Code  Lc  cy_sysclk.o [28]
Cy_SysClk_InitGetFreqParams
                        0x1009'5921    0x1a  Code  Gb  cy_sysclk.o [28]
Cy_SysClk_PeriphAssignDivider
                        0x1008'b44b    0x3a  Code  Lc  pwm_output.o [5]
Cy_SysClk_PeriphAssignDivider
                        0x1008'8d03    0x3a  Code  Lc  sensorless_control.o [5]
Cy_SysClk_PeriphAssignDivider
                        0x1009'4017    0x3a  Code  Lc  zf_driver_adc.o [43]
Cy_SysClk_PeriphAssignDivider
                        0x1008'da4f    0x38  Code  Lc  zf_driver_delay.o [43]
Cy_SysClk_PeriphAssignDivider
                        0x1008'd055    0x38  Code  Lc  zf_driver_pit.o [43]
Cy_SysClk_PeriphAssignDivider
                        0x1008'aa7b    0x3a  Code  Lc  zf_driver_pwm.o [43]
Cy_SysClk_PeriphAssignDivider
                        0x1009'3297    0x3a  Code  Lc  zf_driver_spi.o [43]
Cy_SysClk_PeriphAssignDivider
                        0x1008'c283    0x38  Code  Lc  zf_driver_timer.o [43]
Cy_SysClk_PeriphAssignDivider
                        0x1008'dce9    0x3a  Code  Lc  zf_driver_uart.o [43]
Cy_SysClk_PeriphEnableDivider
                        0x1008'b485    0x3c  Code  Lc  pwm_output.o [5]
Cy_SysClk_PeriphEnableDivider
                        0x1008'8d3d    0x3c  Code  Lc  sensorless_control.o [5]
Cy_SysClk_PeriphEnableDivider
                        0x1009'4051    0x3c  Code  Lc  zf_driver_adc.o [43]
Cy_SysClk_PeriphEnableDivider
                        0x1008'da87    0x3a  Code  Lc  zf_driver_delay.o [43]
Cy_SysClk_PeriphEnableDivider
                        0x1008'd08d    0x3a  Code  Lc  zf_driver_pit.o [43]
Cy_SysClk_PeriphEnableDivider
                        0x1008'aab5    0x3c  Code  Lc  zf_driver_pwm.o [43]
Cy_SysClk_PeriphEnableDivider
                        0x1009'32d1    0x3c  Code  Lc  zf_driver_spi.o [43]
Cy_SysClk_PeriphEnableDivider
                        0x1008'c2bb    0x3a  Code  Lc  zf_driver_timer.o [43]
Cy_SysClk_PeriphEnableDivider
                        0x1008'dd23    0x3c  Code  Lc  zf_driver_uart.o [43]
Cy_SysClk_PeriphSetDivider
                        0x1008'b3e1    0x6a  Code  Lc  pwm_output.o [5]
Cy_SysClk_PeriphSetDivider
                        0x1008'8c99    0x6a  Code  Lc  sensorless_control.o [5]
Cy_SysClk_PeriphSetDivider
                        0x1009'3fad    0x6a  Code  Lc  zf_driver_adc.o [43]
Cy_SysClk_PeriphSetDivider
                        0x1008'd9e9    0x66  Code  Lc  zf_driver_delay.o [43]
Cy_SysClk_PeriphSetDivider
                        0x1008'cfed    0x68  Code  Lc  zf_driver_pit.o [43]
Cy_SysClk_PeriphSetDivider
                        0x1008'aa11    0x6a  Code  Lc  zf_driver_pwm.o [43]
Cy_SysClk_PeriphSetDivider
                        0x1008'c21d    0x66  Code  Lc  zf_driver_timer.o [43]
Cy_SysClk_PeriphSetFracDivider
                        0x1009'320b    0x8c  Code  Lc  zf_driver_spi.o [43]
Cy_SysClk_PeriphSetFracDivider
                        0x1008'dc5d    0x8c  Code  Lc  zf_driver_uart.o [43]
Cy_SysClk_PllGetConfiguration
                        0x1009'58b5    0x48  Code  Gb  cy_sysclk.o [28]
Cy_SysClk_PllGetLockStatus
                        0x1009'56f5    0x28  Code  Lc  cy_sysclk.o [28]
Cy_SysClk_WcoOkay       0x1009'571d     0xe  Code  Lc  cy_sysclk.o [28]
Cy_SysInt_InitIRQ       0x1008'd959    0x38  Code  Gb  cy_sysint.o [30]
Cy_SysInt_SetSystemIrqVector
                        0x1008'd991    0x12  Code  Gb  cy_sysint.o [30]
Cy_SysInt_SystemIrqUserTableRamPointer
                         0x802'05fc     0x4  Data  Gb  cy_interrupt_map.o [20]
Cy_SysLib_CleanCoreDCacheByAddr
                        0x1009'5173     0x2  Code  Gb  cy_syslib.o [31]
Cy_SysLib_DelayCycles   0x1009'70a1          Code  Gb  cy_syslib_iar.o [31]
Cy_SysLib_EnterCriticalSection
                        0x1009'70b1          Code  Gb  cy_syslib_iar.o [31]
Cy_SysLib_ExitCriticalSection
                        0x1009'70b9          Code  Gb  cy_syslib_iar.o [31]
Cy_SysLib_FaultHandler  0x1009'50cd    0x90  Code  Gb  cy_syslib.o [31]
Cy_SysLib_Halt          0x1009'50c9     0x4  Code  Gb  cy_syslib.o [31]
Cy_SysLib_InvalidateCoreDCacheByAddr
                        0x1009'5171     0x2  Code  Gb  cy_syslib.o [31]
Cy_SysLib_ProcessingFault
                        0x1009'56a5    0x14  Code  Wk  cy_syslib.o [31]
Cy_SysLib_SvcHandler    0x1009'7355     0xc  Code  Wk  cy_syslib.o [31]
Cy_SystemInitFpuEnable  0x1009'631d    0x1e  Code  Gb  system_tviibe4m_cm4.o [19]
Cy_SystemIrqUserTable    0x802'0000   0x5fc  Data  Gb  cy_interrupt_map.o [20]
Cy_Tcpwm_Counter_ClearTC_Intr
                        0x1008'c1cd    0x10  Code  Gb  cy_tcpwm_counter.o [37]
Cy_Tcpwm_Counter_Disable
                        0x1008'c1ab     0xa  Code  Gb  cy_tcpwm_counter.o [37]
Cy_Tcpwm_Counter_Enable
                        0x1008'c1a1     0xa  Code  Gb  cy_tcpwm_counter.o [37]
Cy_Tcpwm_Counter_GetCounter
                        0x1008'c1b9     0x4  Code  Gb  cy_tcpwm_counter.o [37]
Cy_Tcpwm_Counter_Init   0x1008'c011   0x17c  Code  Gb  cy_tcpwm_counter.o [37]
Cy_Tcpwm_Counter_SetCounter
                        0x1008'c1b5     0x4  Code  Gb  cy_tcpwm_counter.o [37]
Cy_Tcpwm_Counter_SetPeriod
                        0x1008'c1bd     0x4  Code  Gb  cy_tcpwm_counter.o [37]
Cy_Tcpwm_Counter_SetTC_IntrMask
                        0x1008'c1c1     0xc  Code  Gb  cy_tcpwm_counter.o [37]
Cy_Tcpwm_Pwm_DeInit     0x1008'd905    0x3e  Code  Gb  cy_tcpwm_pwm.o [37]
Cy_Tcpwm_Pwm_Disable    0x1008'd94d     0xa  Code  Gb  cy_tcpwm_pwm.o [37]
Cy_Tcpwm_Pwm_Enable     0x1008'd943     0xa  Code  Gb  cy_tcpwm_pwm.o [37]
Cy_Tcpwm_Pwm_Init       0x1008'd701   0x1e8  Code  Gb  cy_tcpwm_pwm.o [37]
Cy_Tcpwm_TriggerStart   0x1008'c1dd     0xc  Code  Gb  cy_tcpwm.o [37]
Cy_WorkFlashBlankCheck  0x1009'4bf1    0x8c  Code  Gb  cy_mw_flash.o [11]
[...]
motor_commutation       0x1008'93e5   0x194  Code  Gb  sensorless_control.o [5]
motor_control_init      0x1009'1bc9    0x64  Code  Gb  motor_control.o [5]
motor_direction_calculate
                        0x1009'2919    0x4a  Code  Gb  hall_gather.o [5]
motor_driver_control_callback
                        0x1009'0607    0x3e  Code  Gb  motor_driver_uart_control.o [5]
motor_driver_control_loop
                        0x1009'0313   0x1aa  Code  Gb  motor_driver_uart_control.o [5]
motor_driver_fifo        0x803'7734    0x18  Data  Gb  motor_driver_uart_control.o [5]
motor_driver_fifo_clear
                        0x1008'ffe5    0x14  Code  Gb  motor_driver_uart_control.o [5]
motor_driver_parse_statement
                        0x1008'fff9   0x31a  Code  Gb  motor_driver_uart_control.o [5]
motor_driver_send_angle
                        0x1009'04fd    0xaa  Code  Gb  motor_driver_uart_control.o [5]
motor_driver_send_reduction_angle
                        0x1009'05a9    0x5e  Code  Gb  motor_driver_uart_control.o [5]
motor_driver_send_speed
                        0x1009'04bd    0x3e  Code  Gb  motor_driver_uart_control.o [5]
motor_driver_uart_init  0x1009'0645    0x26  Code  Gb  motor_driver_uart_control.o [5]
motor_flash_init        0x1009'3105     0xc  Code  Gb  motor_flash.o [5]
motor_flash_read        0x1009'3075    0x3c  Code  Gb  motor_flash.o [5]
motor_flash_write       0x1009'30b1    0x46  Code  Gb  motor_flash.o [5]
motor_foc_control_init  0x1009'1ab1    0xce  Code  Gb  motor_control.o [5]
motor_left               0x803'6c64   0x244  Data  Gb  motor_control.o [5]
motor_left_channel_set  0x1008'b76f    0x7a  Code  Gb  pwm_output.o [5]
motor_left_duty_set     0x1008'b6d3    0x9c  Code  Gb  pwm_output.o [5]
motor_left_foc_closed_loop
                         0x803'7344    0xa4  Data  Lc  motor_control.o [5]
motor_left_foc_driver    0x803'7698    0x28  Data  Gb  fast_foc.o [5]
motor_left_hall_callback
                        0x1009'2c61    0xc6  Code  Gb  hall_gather.o [5]
motor_left_hall_callback::left_protect_count
                         0x803'77dc     0x4  Data  Lc  hall_gather.o [5]
motor_left_hall_isr     0x1009'2ba1    0xba  Code  Gb  hall_gather.o [5]
motor_left_hall_output  0x1009'2965   0x11a  Code  Gb  hall_gather.o [5]
motor_left_output_init  0x1008'b4c1   0x212  Code  Gb  pwm_output.o [5]
motor_left_phase_check  0x1008'b7e9   0x110  Code  Gb  pwm_output.o [5]
motor_left_sensorless_delay_isr
                        0x1008'959d    0x58  Code  Gb  sensorless_control.o [5]
motor_left_sensorless_delay_output
                        0x1008'9579    0x24  Code  Gb  sensorless_control.o [5]
motor_left_sensorless_pwm_output
                        0x1008'9145   0x14e  Code  Gb  sensorless_control.o [5]
motor_left_speed_ref_enable
                         0x803'7833     0x1  Data  Lc  motor_control.o [5]
motor_left_speed_ref_rpm_cmd
                         0x803'77e4     0x4  Data  Lc  motor_control.o [5]
motor_left_speed_ref_set
                        0x1009'0cc9    0x12  Code  Gb  motor_control.o [5]
motor_left_startup_align_calibration
                        0x1009'0cfb    0xbe  Code  Lc  motor_control.o [5]
motor_left_update_isr   0x1009'0dbd   0x3a0  Code  Gb  motor_control.o [5]
motor_left_update_isr::left_protect_count
                         0x803'77e8     0x4  Data  Lc  motor_control.o [5]
motor_left_update_isr::left_speed_count
                         0x803'7834     0x1  Data  Lc  motor_control.o [5]
motor_next_step         0x1008'90c7    0x7e  Code  Gb  sensorless_control.o [5]
motor_right              0x803'6ea8   0x244  Data  Gb  motor_control.o [5]
motor_right_channel_set
                        0x1008'bb99    0x68  Code  Gb  pwm_output.o [5]
motor_right_duty_set    0x1008'bb0f    0x8a  Code  Gb  pwm_output.o [5]
motor_right_foc_driver   0x803'76c0    0x28  Data  Gb  fast_foc.o [5]
motor_right_hall_callback
                        0x1009'2ddf    0xc6  Code  Gb  hall_gather.o [5]
motor_right_hall_callback::right_protect_count
                         0x803'77e0     0x4  Data  Lc  hall_gather.o [5]
motor_right_hall_isr    0x1009'2d29    0xb6  Code  Gb  hall_gather.o [5]
motor_right_hall_output
                        0x1009'2a81   0x120  Code  Gb  hall_gather.o [5]
motor_right_output_init
                        0x1008'b8f9   0x216  Code  Gb  pwm_output.o [5]
motor_right_phase_check
                        0x1008'bc01   0x112  Code  Gb  pwm_output.o [5]
motor_right_sensorless_delay_isr
                        0x1008'9729    0x58  Code  Gb  sensorless_control.o [5]
motor_right_sensorless_delay_output
                        0x1008'9703    0x24  Code  Gb  sensorless_control.o [5]
motor_right_sensorless_pwm_output
                        0x1008'9293   0x152  Code  Gb  sensorless_control.o [5]
motor_right_update_isr  0x1009'1171   0x3e0  Code  Gb  motor_control.o [5]
motor_right_update_isr::right_protect_count
                         0x803'77ec     0x4  Data  Lc  motor_control.o [5]
motor_right_update_isr::right_speed_count
                         0x803'7835     0x1  Data  Lc  motor_control.o [5]
motor_sensorless_control_init
                        0x1009'1ba9    0x20  Code  Gb  motor_control.o [5]
motor_value              0x803'7764    0x14  Data  Gb  motor_driver_uart_control.o [5]
motor_voice_output      0x1008'c9d5   0x2f8  Code  Gb  motor_voice.o [5]
motor_zero_calibration  0x1009'19dd    0xc8  Code  Gb  motor_control.o [5]
pit0_ch0_isr            0x1008'ea1d     0xa  Code  Gb  cm4_isr.o [39]
pit0_ch10_isr           0x1008'ea3b     0xa  Code  Gb  cm4_isr.o [39]
pit0_ch11_isr           0x1008'ea45     0xa  Code  Gb  cm4_isr.o [39]
pit0_ch12_isr           0x1008'ea4f     0xa  Code  Gb  cm4_isr.o [39]
pit0_ch13_isr           0x1008'ea59     0xa  Code  Gb  cm4_isr.o [39]
pit0_ch14_isr           0x1008'ea63     0xa  Code  Gb  cm4_isr.o [39]
pit0_ch15_isr           0x1008'ea6d     0xa  Code  Gb  cm4_isr.o [39]
pit0_ch16_isr           0x1008'ea77     0xa  Code  Gb  cm4_isr.o [39]
pit0_ch17_isr           0x1008'ea81     0xa  Code  Gb  cm4_isr.o [39]
pit0_ch18_isr           0x1008'ea8b     0xa  Code  Gb  cm4_isr.o [39]
pit0_ch19_isr           0x1008'ea95     0xa  Code  Gb  cm4_isr.o [39]
pit0_ch1_isr            0x1008'ea27     0xa  Code  Gb  cm4_isr.o [39]
pit0_ch20_isr           0x1008'ea9f     0xa  Code  Gb  cm4_isr.o [39]
pit0_ch21_isr           0x1008'eaa9     0xa  Code  Gb  cm4_isr.o [39]
pit0_ch2_isr            0x1008'ea31     0xa  Code  Gb  cm4_isr.o [39]
pit_init                0x1008'd0f1   0x1bc  Code  Gb  zf_driver_pit.o [43]
pit_isr_flag_clear      0x1008'd0c7    0x2a  Code  Gb  zf_driver_pit.o [43]
pit_isr_func             0x802'0628    0x3c  Data  Gb  zf_driver_pit.o [43]
printf                  0x1009'3111    0x28  Code  Gb  printf.o [44]
programSizeBytesLut     0x1009'71dc    0x14  Data  Lc  cy_flash.o [10]
putchar                 0x1009'7081    0x20  Code  Gb  putchar.o [44]
pwm_all_channel_close   0x1008'adff    0x1a  Code  Gb  zf_driver_pwm.o [43]
pwm_init                0x1008'aed9   0x1b4  Code  Gb  zf_driver_pwm.o [43]
pwm_set_duty            0x1008'ae19    0xc0  Code  Gb  zf_driver_pwm.o [43]
read_buffer              0x803'7468    0x80  Data  Gb  motor_driver_uart_control.o [5]
receive_enter_flag       0x803'782c     0x2  Data  Gb  motor_driver_uart_control.o [5]
right_mos_close         0x1008'bf31    0x18  Code  Gb  pwm_output.o [5]
right_mos_q1q4_open     0x1008'be89    0x1c  Code  Gb  pwm_output.o [5]
right_mos_q1q6_open     0x1008'bea5    0x1c  Code  Gb  pwm_output.o [5]
right_mos_q3q2_open     0x1008'bec1    0x1c  Code  Gb  pwm_output.o [5]
right_mos_q3q6_open     0x1008'bedd    0x1c  Code  Gb  pwm_output.o [5]
right_mos_q5q2_open     0x1008'bef9    0x1c  Code  Gb  pwm_output.o [5]
right_mos_q5q4_open     0x1008'bf15    0x1c  Code  Gb  pwm_output.o [5]
round                   0x1009'3021          Code  Gb  round.o [45]
roundl                  0x1009'3021          Code  Gb  round.o [45]
sar_adc                  0x802'061c     0xc  Data  Lc  zf_driver_adc.o [43]
scalbln                 0x1009'0819          Code  Gb  ldexp.o [45]
scalblnl                0x1009'0819          Code  Gb  ldexp.o [45]
scalbn                  0x1009'0819          Code  Gb  ldexp.o [45]
scalbnl                 0x1009'0819          Code  Gb  ldexp.o [45]
scale                   0x1008'fe6d    0x46  Code  Lc  xprintffull_nomb.o [44]
scanner_period           0x803'780c     0x4  Data  Lc  zf_device_key.o [42]
scb_module               0x802'0688    0x14  Data  Gb  zf_driver_uart.o [43]
sec_hand                 0x803'7828     0x4  Data  Lc  xfail_s.o [44]
sensorless_motor_isr    0x1008'9909   0xe28  Code  Gb  sensorless_control.o [5]
sensorless_motor_left_trig_isr
                        0x1008'95f5   0x10e  Code  Gb  sensorless_control.o [5]
sensorless_motor_right_trig_isr
                        0x1008'9781   0x10e  Code  Gb  sensorless_control.o [5]
sensorless_motor_trig_disable
                        0x1008'907d    0x4a  Code  Gb  sensorless_control.o [5]
sensorless_motor_trig_enable
                        0x1008'9033    0x4a  Code  Gb  sensorless_control.o [5]
sensorless_pwm_output_init
                        0x1008'8d79    0xa2  Code  Gb  sensorless_control.o [5]
sensorless_start_check  0x1008'a755    0x18  Code  Gb  sensorless_control.o [5]
sensorless_start_sine   0x1008'8e1b   0x218  Code  Gb  sensorless_control.o [5]
sensorless_start_sine::location_time_use
                         0x802'0610     0x4  Data  Lc  sensorless_control.o [5]
sensorless_start_sine::sine_duty
                         0x802'0618     0x4  Data  Lc  sensorless_control.o [5]
sensorless_start_sine::traction_time_use
                         0x802'0614     0x4  Data  Lc  sensorless_control.o [5]
sensorless_trig_init    0x1008'a76d   0x240  Code  Gb  sensorless_control.o [5]
sinf                    0x1009'3f75     0x4  Code  Gb  cos_sin32.o [45]
spi_get_clk_hsiom       0x1009'33b5    0x28  Code  Lc  zf_driver_spi.o [43]
spi_get_clk_pin         0x1009'330d    0x28  Code  Lc  zf_driver_spi.o [43]
spi_get_cs_hsiom        0x1009'3431    0x2c  Code  Lc  zf_driver_spi.o [43]
spi_get_cs_pin          0x1009'3389    0x2c  Code  Lc  zf_driver_spi.o [43]
spi_get_miso_hsiom      0x1009'3405    0x2c  Code  Lc  zf_driver_spi.o [43]
spi_get_miso_pin        0x1009'335d    0x2c  Code  Lc  zf_driver_spi.o [43]
spi_get_module_clock    0x1009'345d    0x26  Code  Lc  zf_driver_spi.o [43]
spi_get_mosi_hsiom      0x1009'33dd    0x28  Code  Lc  zf_driver_spi.o [43]
spi_get_mosi_pin        0x1009'3335    0x28  Code  Lc  zf_driver_spi.o [43]
spi_init                0x1009'36e9   0x242  Code  Gb  zf_driver_spi.o [43]
spi_module               0x802'0664    0x10  Data  Gb  zf_driver_spi.o [43]
spi_read_16bit_register
                        0x1009'35f5    0xe2  Code  Gb  zf_driver_spi.o [43]
sprintf                 0x1008'e4c5    0x40  Code  Gb  sprintf.o [44]
strchr                  0x1009'06f9          Code  Gb  strchr.o [46]
strlen                  0x1008'e48d          Code  Gb  strlen.o [46]
strncpy                 0x1009'5059          Code  Gb  strncpy.o [46]
strstr                  0x1009'0c39    0x2c  Code  Gb  strstr.o [44]
switch_transition_length
                        0x1009'3483   0x15e  Code  Lc  zf_driver_spi.o [43]
switch_transition_length::now_length
                         0x803'7820     0x4  Data  Lc  zf_driver_spi.o [43]
system_clock             0x803'7804     0x4  Data  Gb  zf_common_clock.o [40]
system_delay_init       0x1008'db75    0x92  Code  Gb  zf_driver_delay.o [43]
system_delay_ms         0x1008'db17    0x5e  Code  Gb  zf_driver_delay.o [43]
system_delay_us         0x1008'dac1    0x56  Code  Gb  zf_driver_delay.o [43]
timer_ch                 0x802'06a0     0x1  Data  Lc  zf_driver_delay.o [43]
timer_clear             0x1008'c34b    0x16  Code  Gb  zf_driver_timer.o [43]
timer_get               0x1008'c31d    0x2e  Code  Gb  zf_driver_timer.o [43]
timer_init              0x1008'c361    0xa4  Code  Gb  zf_driver_timer.o [43]
timer_start             0x1008'c2f5    0x28  Code  Gb  zf_driver_timer.o [43]
uart0_isr               0x1008'eab3    0x12  Code  Gb  cm4_isr.o [39]
uart1_isr               0x1008'eac5     0xa  Code  Gb  cm4_isr.o [39]
uart2_isr               0x1008'eacf    0x14  Code  Gb  cm4_isr.o [39]
uart3_isr               0x1008'eae9     0xa  Code  Gb  cm4_isr.o [39]
uart4_isr               0x1008'eaf3     0xa  Code  Gb  cm4_isr.o [39]
uart_context             0x803'722c   0x118  Data  Gb  zf_driver_uart.o [43]
uart_data_buffer_interior
                         0x803'70ec   0x140  Data  Lc  zf_driver_uart.o [43]
uart_data_fifo_interior
                         0x803'74e8    0x78  Data  Lc  zf_driver_uart.o [43]
uart_init               0x1008'e2a5   0x1a8  Code  Gb  zf_driver_uart.o [43]
uart_isr_func            0x802'0674    0x14  Data  Gb  zf_driver_uart.o [43]
uart_isr_function       0x1008'de79    0x38  Code  Gb  zf_driver_uart.o [43]
uart_isr_mask           0x1008'ddeb    0x8e  Code  Gb  zf_driver_uart.o [43]
uart_query_byte         0x1008'e051    0x3a  Code  Gb  zf_driver_uart.o [43]
uart_rx_interrupt       0x1008'e1a7    0xfe  Code  Gb  zf_driver_uart.o [43]
uart_tx_interrupt       0x1008'e08b   0x11c  Code  Gb  zf_driver_uart.o [43]
uart_write_buffer       0x1008'e011    0x1e  Code  Gb  zf_driver_uart.o [43]
uart_write_byte         0x1008'dfe9    0x28  Code  Gb  zf_driver_uart.o [43]
uart_write_string       0x1008'e02f    0x22  Code  Gb  zf_driver_uart.o [43]
voice_data              0x1008'49a4  0x42c0  Data  Gb  motor_voice.o [5]
vsnprintf               0x1009'1fd5    0x3c  Code  Gb  vsnprint.o [44]
zf_debug_assert_enable   0x802'069e     0x1  Data  Lc  zf_common_debug.o [40]
zf_debug_init_flag       0x803'7836     0x1  Data  Lc  zf_common_debug.o [40]


[1] = G:\SmartCar\Project\CYT2BL3_Victor_foc\Seekfree_CYT2BL3_Double_Foc_Project\project\iar\Debug_m4\Obj\Foc_11601868574911838443.dir
[2] = G:\SmartCar\Project\CYT2BL3_Victor_foc\Seekfree_CYT2BL3_Double_Foc_Project\project\iar\Debug_m4\Obj\adc_11722776235721520015.dir
[3] = G:\SmartCar\Project\CYT2BL3_Victor_foc\Seekfree_CYT2BL3_Double_Foc_Project\project\iar\Debug_m4\Obj\button_4990804375159372270.dir
[4] = G:\SmartCar\Project\CYT2BL3_Victor_foc\Seekfree_CYT2BL3_Double_Foc_Project\project\iar\Debug_m4\Obj\canfd_1800690984773873875.dir
[5] = G:\SmartCar\Project\CYT2BL3_Victor_foc\Seekfree_CYT2BL3_Double_Foc_Project\project\iar\Debug_m4\Obj\code_17896468042025673432.dir
[6] = G:\SmartCar\Project\CYT2BL3_Victor_foc\Seekfree_CYT2BL3_Double_Foc_Project\project\iar\Debug_m4\Obj\cpu_15938736945165268644.dir
[7] = G:\SmartCar\Project\CYT2BL3_Victor_foc\Seekfree_CYT2BL3_Double_Foc_Project\project\iar\Debug_m4\Obj\crypto_1190170608956581615.dir
[8] = G:\SmartCar\Project\CYT2BL3_Victor_foc\Seekfree_CYT2BL3_Double_Foc_Project\project\iar\Debug_m4\Obj\dma_12106025507578611576.dir
[9] = G:\SmartCar\Project\CYT2BL3_Victor_foc\Seekfree_CYT2BL3_Double_Foc_Project\project\iar\Debug_m4\Obj\evtgen_3404189088603873129.dir
[10] = G:\SmartCar\Project\CYT2BL3_Victor_foc\Seekfree_CYT2BL3_Double_Foc_Project\project\iar\Debug_m4\Obj\flash_8529866181315662935.dir
[11] = G:\SmartCar\Project\CYT2BL3_Victor_foc\Seekfree_CYT2BL3_Double_Foc_Project\project\iar\Debug_m4\Obj\flash_864493325053435817.dir
[12] = G:\SmartCar\Project\CYT2BL3_Victor_foc\Seekfree_CYT2BL3_Double_Foc_Project\project\iar\Debug_m4\Obj\gpio_3999404635324069351.dir
[13] = G:\SmartCar\Project\CYT2BL3_Victor_foc\Seekfree_CYT2BL3_Double_Foc_Project\project\iar\Debug_m4\Obj\ipc_10145506163450686023.dir
[14] = G:\SmartCar\Project\CYT2BL3_Victor_foc\Seekfree_CYT2BL3_Double_Foc_Project\project\iar\Debug_m4\Obj\lin_18429031207028094880.dir
[15] = G:\SmartCar\Project\CYT2BL3_Victor_foc\Seekfree_CYT2BL3_Double_Foc_Project\project\iar\Debug_m4\Obj\lvd_6353935867039560245.dir
[16] = G:\SmartCar\Project\CYT2BL3_Victor_foc\Seekfree_CYT2BL3_Double_Foc_Project\project\iar\Debug_m4\Obj\mcwdt_4052485907822033969.dir
[17] = G:\SmartCar\Project\CYT2BL3_Victor_foc\Seekfree_CYT2BL3_Double_Foc_Project\project\iar\Debug_m4\Obj\mpu_5663187252346826382.dir
[18] = G:\SmartCar\Project\CYT2BL3_Victor_foc\Seekfree_CYT2BL3_Double_Foc_Project\project\iar\Debug_m4\Obj\prot_10722960861768657883.dir
[19] = G:\SmartCar\Project\CYT2BL3_Victor_foc\Seekfree_CYT2BL3_Double_Foc_Project\project\iar\Debug_m4\Obj\rev_b_4986922561640112550.dir
[20] = G:\SmartCar\Project\CYT2BL3_Victor_foc\Seekfree_CYT2BL3_Double_Foc_Project\project\iar\Debug_m4\Obj\rev_b_6162237342861132223.dir
[21] = G:\SmartCar\Project\CYT2BL3_Victor_foc\Seekfree_CYT2BL3_Double_Foc_Project\project\iar\Debug_m4\Obj\scb_15490842639181808494.dir
[22] = G:\SmartCar\Project\CYT2BL3_Victor_foc\Seekfree_CYT2BL3_Double_Foc_Project\project\iar\Debug_m4\Obj\semihosting_143864889731838620.dir
[23] = G:\SmartCar\Project\CYT2BL3_Victor_foc\Seekfree_CYT2BL3_Double_Foc_Project\project\iar\Debug_m4\Obj\smartio_5451710003740070188.dir
[24] = G:\SmartCar\Project\CYT2BL3_Victor_foc\Seekfree_CYT2BL3_Double_Foc_Project\project\iar\Debug_m4\Obj\smif_427648126384146252.dir
[25] = G:\SmartCar\Project\CYT2BL3_Victor_foc\Seekfree_CYT2BL3_Double_Foc_Project\project\iar\Debug_m4\Obj\srom_13018798572330080582.dir
[26] = G:\SmartCar\Project\CYT2BL3_Victor_foc\Seekfree_CYT2BL3_Double_Foc_Project\project\iar\Debug_m4\Obj\startup_479057977785470282.dir
[27] = G:\SmartCar\Project\CYT2BL3_Victor_foc\Seekfree_CYT2BL3_Double_Foc_Project\project\iar\Debug_m4\Obj\sw_timer_4215635015939382130.dir
[28] = G:\SmartCar\Project\CYT2BL3_Victor_foc\Seekfree_CYT2BL3_Double_Foc_Project\project\iar\Debug_m4\Obj\sysclk_16149231235676103872.dir
[29] = G:\SmartCar\Project\CYT2BL3_Victor_foc\Seekfree_CYT2BL3_Double_Foc_Project\project\iar\Debug_m4\Obj\sysflt_12293435975120599261.dir
[30] = G:\SmartCar\Project\CYT2BL3_Victor_foc\Seekfree_CYT2BL3_Double_Foc_Project\project\iar\Debug_m4\Obj\sysint_7435970359207984181.dir
[31] = G:\SmartCar\Project\CYT2BL3_Victor_foc\Seekfree_CYT2BL3_Double_Foc_Project\project\iar\Debug_m4\Obj\syslib_16330585751512546975.dir
[32] = G:\SmartCar\Project\CYT2BL3_Victor_foc\Seekfree_CYT2BL3_Double_Foc_Project\project\iar\Debug_m4\Obj\syspm_10887939769544754770.dir
[33] = G:\SmartCar\Project\CYT2BL3_Victor_foc\Seekfree_CYT2BL3_Double_Foc_Project\project\iar\Debug_m4\Obj\sysreset_14586141425677365288.dir
[34] = G:\SmartCar\Project\CYT2BL3_Victor_foc\Seekfree_CYT2BL3_Double_Foc_Project\project\iar\Debug_m4\Obj\sysrtc_10747768817563771611.dir
[35] = G:\SmartCar\Project\CYT2BL3_Victor_foc\Seekfree_CYT2BL3_Double_Foc_Project\project\iar\Debug_m4\Obj\systick_16016591671695740695.dir
[36] = G:\SmartCar\Project\CYT2BL3_Victor_foc\Seekfree_CYT2BL3_Double_Foc_Project\project\iar\Debug_m4\Obj\syswdt_9118657615806274156.dir
[37] = G:\SmartCar\Project\CYT2BL3_Victor_foc\Seekfree_CYT2BL3_Double_Foc_Project\project\iar\Debug_m4\Obj\tcpwm_422923530147891246.dir
[38] = G:\SmartCar\Project\CYT2BL3_Victor_foc\Seekfree_CYT2BL3_Double_Foc_Project\project\iar\Debug_m4\Obj\trigmux_9729677290734583340.dir
[39] = G:\SmartCar\Project\CYT2BL3_Victor_foc\Seekfree_CYT2BL3_Double_Foc_Project\project\iar\Debug_m4\Obj\user_8514941877209965082.dir
[40] = G:\SmartCar\Project\CYT2BL3_Victor_foc\Seekfree_CYT2BL3_Double_Foc_Project\project\iar\Debug_m4\Obj\zf_common_1201165462030747823.dir
[41] = G:\SmartCar\Project\CYT2BL3_Victor_foc\Seekfree_CYT2BL3_Double_Foc_Project\project\iar\Debug_m4\Obj\zf_components_14936052685886095442.dir
[42] = G:\SmartCar\Project\CYT2BL3_Victor_foc\Seekfree_CYT2BL3_Double_Foc_Project\project\iar\Debug_m4\Obj\zf_device_6570275422786408770.dir
[43] = G:\SmartCar\Project\CYT2BL3_Victor_foc\Seekfree_CYT2BL3_Double_Foc_Project\project\iar\Debug_m4\Obj\zf_driver_11922370083829174090.dir
[44] = dl7M_tln.a
[45] = m7M_tls.a
[46] = rt7M_tl.a
[47] = shb_l.a
[48] = zf_device_config.a

   56'746 bytes of readonly  code memory
   38'766 bytes of readonly  data memory
  104'632 bytes of readwrite data memory

Errors: none
Warnings: none
